[node-a-ag2:1405685] mca_base_component_repository_open: unable to open mca_btl_openib: libosmcomp.so.3: cannot open shared object file: No such file or directory (ignored)
Filters: [Adaptation],[Gradients],[HessianReliability],[Hessian3DStress],[RestartReliability],[MetricRobustness],[NativeComposite2D]
GG simplex boundary affine: dim=2, legacy gradient=18.1768, corrected gradient=2.8785e-12, scaled Hessian=3.28018e-14
GG simplex boundary affine: dim=3, legacy gradient=121.037, corrected gradient=4.08359e-12, scaled Hessian=1.02075e-13
WLS geometry reuse benchmark: 20 three-sensor Hessian recoveries, legacy 0.0107729 s, reuse 0.00432888 s.
Tangential/mixed quartic 3D central wall Hessian error=1.48236e-10
Pressure Hessian 2D, distorted=0, AR=1: coarse [grad,H,wall,eigen,direction; wall-interior transverse,tangent,mixed; wall-edge transverse,tangent,mixed]= 3.55271e-15 2.33147e-15 2.33147e-15 4.44089e-16 1.49012e-08 2.33147e-15 7.10543e-15 3.44169e-15 3.33067e-16 2.79776e-14 2.10942e-15 9.32587e-15; fine= 3.55271e-15 8.43769e-15 5.32907e-15 3.66374e-15 1.49012e-08 5.32907e-15 1.33227e-14 1.38778e-14 4.44089e-16 5.52891e-14 2.86438e-14 2.13163e-14
Pressure Hessian 2D, distorted=0, AR=1000: coarse [grad,H,wall,eigen,direction; wall-interior transverse,tangent,mixed; wall-edge transverse,tangent,mixed]= 3.33333e-12 7.30438e-11 2.49445e-12 3.67526e-11 1.49012e-08 2.49445e-12 1.41701e-10 5.98688e-12 2.32458e-12 8.15112e-11 6.36158e-13 1.41701e-10; fine= 6.56186e-12 1.73079e-10 7.3449e-12 8.68492e-11 1.49012e-08 7.3449e-12 1.59042e-10 2.08222e-11 4.11671e-13 2.04782e-10 2.46581e-13 1.59042e-10
Pressure Hessian 2D, distorted=1, AR=1: coarse [grad,H,wall,eigen,direction; wall-interior transverse,tangent,mixed; wall-edge transverse,tangent,mixed]= 0.0174655 0.0330539 0.00652885 0.00858488 0.0155646 0.00652885 0.0271421 0.101736 5.33998e-05 0.0638154 0.0256364 0.0925808; fine= 0.00547462 0.0109035 0.0034688 0.00293129 0.00511604 0.0034688 0.00759443 0.0514686 8.24995e-05 0.0355959 0.00599064 0.0514686
Pressure Hessian 2D, distorted=1, AR=1000: coarse [grad,H,wall,eigen,direction; wall-interior transverse,tangent,mixed; wall-edge transverse,tangent,mixed]= 0.0174655 0.0330539 0.00292727 0.00858488 0.0155646 0.00292727 0.0107045 0.00874102 5.33998e-05 0.0638154 0.0256364 0.00971769; fine= 0.00547462 0.0109035 0.00110208 0.00293129 0.00511604 0.00110208 0.00759443 0.00247931 8.24995e-05 0.0355959 0.00599064 0.00366754
Pressure Hessian 3D, distorted=0, AR=1: coarse [grad,H,wall,eigen,direction; wall-interior transverse,tangent,mixed; wall-edge transverse,tangent,mixed]= 1.5099e-14 5.86198e-14 1.53211e-14 1.44329e-14 2.98023e-08 6.21725e-15 3.19744e-14 1.58762e-14 1.53211e-14 3.66374e-14 6.88338e-14 1.19904e-14; fine= 5.10147e-14 4.4853e-13 5.66214e-14 1.62981e-13 2.98023e-08 2.12053e-14 6.21725e-14 3.08642e-14 5.66214e-14 1.07914e-13 1.34032e-13 5.77316e-14
Pressure Hessian 3D, distorted=0, AR=1000: coarse [grad,H,wall,eigen,direction; wall-interior transverse,tangent,mixed; wall-edge transverse,tangent,mixed]= 1.29852e-12 9.58005e-11 6.13287e-13 4.90268e-11 0 6.13287e-13 1.55377e-10 3.09264e-12 4.35652e-13 1.97099e-10 2.66565e-12 6.56462e-11; fine= 3.24363e-12 1.4446e-10 3.59435e-12 7.56009e-11 3.332e-08 3.59435e-12 2.18101e-10 9.52555e-12 3.04778e-12 1.55954e-10 4.42502e-12 1.41087e-10
Pressure Hessian 3D, distorted=1, AR=1: coarse [grad,H,wall,eigen,direction; wall-interior transverse,tangent,mixed; wall-edge transverse,tangent,mixed]= 0.015923 0.0115182 0.0101864 0.0024467 0.000310621 0.00949398 0.0350331 0.1041 0.0101864 0.0498482 0.107781 0.094427; fine= 0.00478575 0.00354105 0.00575601 0.000847573 9.85549e-05 0.00551333 0.00953414 0.052854 0.00575601 0.0236702 0.0545731 0.0528054
Pressure Hessian 3D, distorted=1, AR=1000: coarse [grad,H,wall,eigen,direction; wall-interior transverse,tangent,mixed; wall-edge transverse,tangent,mixed]= 0.015923 0.0115182 0.0101864 0.0024467 0.000310621 0.00208907 0.0066857 0.00451914 0.0101864 0.0498482 0.107781 0.00166203; fine= 0.00478575 0.00354105 0.00575601 0.000847573 9.85549e-05 0.000946348 0.00177593 0.00183806 0.00575601 0.0236702 0.0545731 0.000236554
3D WLS reuse/legacy maximum difference over field scale=8.57135e-16
3D WLS reuse/legacy maximum difference over field scale=8.57135e-16
3D Hessian stress WEIGHTED_LEAST_SQUARES, curved=0, AR=10000, skew=4: coarse [grad,H,wall,eigen,direction; wall-interior transverse,tangent,mixed; wall-edge transverse,tangent,mixed]= 3.6125 4.15543e-07 0.5 7.55459e-08 6.82857e-08 0.5 28.7031 2.7125 0.5 54.3246 5.55408 2.7125; fine= 1.80625 2.10101e-06 0.5 3.77242e-07 2.6946e-07 0.5 28.7031 2.7125 0.5 54.3246 5.55409 2.7125; elapsed=0.228429 s
3D WLS reuse/legacy maximum difference over field scale=7.39877e-14
3D WLS reuse/legacy maximum difference over field scale=1.11955e-13
3D Hessian stress WEIGHTED_LEAST_SQUARES, curved=1, AR=1000, skew=2: coarse [grad,H,wall,eigen,direction; wall-interior transverse,tangent,mixed; wall-edge transverse,tangent,mixed]= 7.76807 10.4455 0.384428 8.512 0.778587 0.3451 10.2994 1.48133 0.384428 18.3005 3.77276 1.36756; fine= 12.0836 319.811 0.384428 283.015 0.963347 0.38033 9.94453 2.09839 0.384428 17.6321 4.03783 1.90658; elapsed=0.131046 s
3D Hessian stress QUADRATIC_LEAST_SQUARES, curved=0, AR=10000, skew=4: coarse [grad,H,wall,eigen,direction; wall-interior transverse,tangent,mixed; wall-edge transverse,tangent,mixed]= 1.51879e-10 1.38058e-08 1.10778e-10 6.99603e-09 1.49012e-08 1.10778e-10 1.78687e-08 6.10384e-10 9.28622e-11 2.13113e-08 3.74973e-10 6.6482e-09; fine= 6.89477e-10 1.81768e-08 4.06679e-10 7.28462e-09 2.98023e-08 3.96946e-10 4.5686e-08 2.32913e-09 4.06679e-10 2.02327e-08 1.87444e-09 1.46605e-08; elapsed=0.274655 s
3D Hessian stress QUADRATIC_LEAST_SQUARES, curved=1, AR=1000, skew=2: coarse [grad,H,wall,eigen,direction; wall-interior transverse,tangent,mixed; wall-edge transverse,tangent,mixed]= 0.168508 0.741058 0.091801 0.115807 0.0416659 0.091801 0.454123 0.108519 0.0912276 0.545278 0.319316 0.0562181; fine= 0.0546713 0.210344 0.0648616 0.0328101 0.0107759 0.0329816 0.225506 0.0607119 0.0648616 0.293742 0.236094 0.0164549; elapsed=0.179402 s
Hessian recovery: 7.9011e-05 s (maximum rank time).
Hessian WLS stencil statistics: 0 numerically deficient, 0 poorly conditioned owned points; minimum normalized reciprocal condition 1.
Hessian recovery: 0.000229383 s (maximum rank time).
Hessian recovery: 7.4781e-05 s (maximum rank time).
Hessian WLS stencil statistics: 0 numerically deficient, 0 poorly conditioned owned points; minimum normalized reciprocal condition 1.
Hessian recovery: 0.000200052 s (maximum rank time).
QR symmetry manufactured comparison: dim=2, planes=1, noise=0, WLS all/plane=1.5/1.5, QR all/plane=1.81741e-10/1.81741e-10
QR symmetry manufactured comparison: dim=2, planes=1, noise=1, WLS all/plane=1.5/1.5, QR all/plane=1.81741e-10/1.81741e-10
QR symmetry manufactured comparison: dim=3, planes=1, noise=0, WLS all/plane=4.50509/1.65667, QR all/plane=8.71248e-10/8.71248e-10
QR symmetry manufactured comparison: dim=3, planes=1, noise=1, WLS all/plane=4.50509/1.65667, QR all/plane=8.71221e-10/8.71221e-10
QR symmetry manufactured comparison: dim=3, planes=2, noise=0, WLS all/plane=4.46909/4.36364, QR all/plane=8.71184e-10/8.71184e-10
QR symmetry manufactured comparison: dim=3, planes=2, noise=1, WLS all/plane=4.46909/4.36364, QR all/plane=8.71223e-10/8.71223e-10
Hessian recovery: 7.3121e-05 s (maximum rank time).
Hessian recovery: 6.7361e-05 s (maximum rank time).
Hessian WLS stencil statistics: 0 numerically deficient, 0 poorly conditioned owned points; minimum normalized reciprocal condition 1.
Hessian recovery: 0.000183152 s (maximum rank time).
Hessian WLS stencil statistics: 0 numerically deficient, 0 poorly conditioned owned points; minimum normalized reciprocal condition 1.
Hessian recovery: 0.000177052 s (maximum rank time).
Hessian recovery: 0.000206103 s (maximum rank time).
Hessian WLS stencil statistics: 0 numerically deficient, 0 poorly conditioned owned points; minimum normalized reciprocal condition 1.
Hessian recovery: 0.000255333 s (maximum rank time).
Hessian recovery: 0.000120532 s (maximum rank time).
Hessian WLS stencil statistics: 0 numerically deficient, 0 poorly conditioned owned points; minimum normalized reciprocal condition 1.
Hessian recovery: 0.000206302 s (maximum rank time).
Hessian recovery: 7.7511e-05 s (maximum rank time).
Metric field statistics:
Minimum density: 7329.62.
Maximum density: 11109.6.
Maximum cell AR: 2.44949.
Mesh complexity: 10000 (ADAP_COMPLEXITY= 10000).
Hessian recovery: 6.6451e-05 s (maximum rank time).
Metric field statistics:
Minimum density: 7329.62.
Maximum density: 11109.6.
Maximum cell AR: 2.44949.
Mesh complexity: 10000 (ADAP_COMPLEXITY= 10000).
Hessian WLS stencil statistics: 0 numerically deficient, 0 poorly conditioned owned points; minimum normalized reciprocal condition 1.
Hessian recovery: 0.000185252 s (maximum rank time).
Metric field statistics:
Minimum density: 7329.62.
Maximum density: 11109.6.
Maximum cell AR: 2.44949.
Mesh complexity: 10000 (ADAP_COMPLEXITY= 10000).
Hessian WLS stencil statistics: 0 numerically deficient, 0 poorly conditioned owned points; minimum normalized reciprocal condition 1.
Hessian recovery: 0.000177691 s (maximum rank time).
Metric field statistics:
Minimum density: 7329.62.
Maximum density: 11109.6.
Maximum cell AR: 2.44949.
Mesh complexity: 10000 (ADAP_COMPLEXITY= 10000).
Hessian WLS stencil statistics: 0 numerically deficient, 0 poorly conditioned owned points; minimum normalized reciprocal condition 1.
Hessian recovery: 0.000604126 s (maximum rank time).
Hessian WLS stencil statistics: 0 numerically deficient, 0 poorly conditioned owned points; minimum normalized reciprocal condition 1.
Hessian recovery: 0.00489074 s (maximum rank time).
Custom MACH*MACH Hessian maximum relative errors: coarse=0.011068 fine=0.00252302
Warning: selected custom adaptation sensors must be mirror-even at MARKER_SYM. Cartesian components may be odd; use fabs or an even power. Odd sensors have incorrect boundary Hessians.
Warning: selected custom adaptation sensors must be mirror-even at MARKER_SYM. Cartesian components may be odd; use fabs or an even power. Odd sensors have incorrect boundary Hessians.

Parsing config file for zone 0

----------------- Physical Case Definition ( Zone 0 ) -------------------
Compressible Euler equations.
Mach number: 0.5.
Angle of attack (AoA): 0 deg, and angle of sideslip (AoS): 0 deg.
No restart solution, use the values at infinity (freestream).
Dimensional simulation.
The reference area is 1 m^2.
The semi-span will be computed using the max y(3D) value.
The reference length is 1 m.
Input mesh file name: steady_metric_reuse.su2

--------------- Space Numerical Integration ( Zone 0 ) ------------------
Roe (with entropy fix = 0.001) solver for the flow inviscid terms.
Standard Roe without low-dissipation function.
First order integration in space.
Gradient for upwind reconstruction: inverse-distance weighted Least-Squares.
Gradient for viscous and source terms: inverse-distance weighted Least-Squares.

--------------- Time Numerical Integration  ( Zone 0 ) ------------------
Local time stepping (steady state simulation).
Euler implicit method for the flow equations.
FGMRES is used for solving the linear system.
Using ILU(0) preconditioning.
Convergence criteria of the linear solver: 1e-06.
Max number of linear iterations: 10.
No CFL adaptation.
Courant-Friedrichs-Lewy number:        1

------------------ Convergence Criteria  ( Zone 0 ) ---------------------
Maximum number of solver subiterations: 1.
Begin convergence monitoring at iteration 5.
Residual minimum value: 1e-14.
Cauchy series min. value: 1e-10.
Number of Cauchy elements: 100.
Begin windowed time average at iteration 0.

-------------------- Output Information ( Zone 0 ) ----------------------
File writing frequency: 
+------------------------------------+
|                     File| Frequency|
+------------------------------------+
|                  RESTART|       250|
+------------------------------------+
Writing the convergence history file every 1 inner iterations.
Writing the screen convergence history every 1 inner iterations.
The tabular file format is CSV (.csv).
Convergence history file name: steady_metric_reuse_history.
Forces breakdown file name: forces_breakdown.dat.
Surface file name: surface.
Volume file name: vol_solution.
Restart file name: steady_metric_reuse_solution.

------------- Config File Boundary Information ( Zone 0 ) ---------------
+-----------------------------------------------------------------------+
|                        Marker Type|                        Marker Name|
+-----------------------------------------------------------------------+
|                          Far-field|                               left|
|                                   |                              right|
|                                   |                              upper|
|                                   |                            lower_a|
|                                   |                            lower_b|
+-----------------------------------------------------------------------+

-------------------- Output Preprocessing ( Zone 0 ) --------------------

WARNING: SURFACE_PRESSURE_DROP can only be computed for at least 2 surfaces (outlet, inlet, ...)

Screen output fields: INNER_ITER, RMS_DENSITY, RMS_MOMENTUM-X, RMS_MOMENTUM-Y, RMS_ENERGY
History output group(s): ITER, RMS_RES
Convergence field(s): RMS_DENSITY
Warning: No (valid) fields chosen for time convergence monitoring. Time convergence monitoring inactive.
Volume output fields: COORDINATES, SOLUTION, PRIMITIVE

------------------- Geometry Preprocessing ( Zone 0 ) -------------------
Two dimensional problem.
45 grid points.
64 volume elements.
5 surface markers.
4 boundary elements in index 0 (Marker = left).
4 boundary elements in index 1 (Marker = lower_a).
4 boundary elements in index 2 (Marker = lower_b).
4 boundary elements in index 3 (Marker = right).
8 boundary elements in index 4 (Marker = upper).
64 triangles.
Setting point connectivity.
Renumbering points (Reverse Cuthill McKee Ordering).
Recomputing point connectivity.
Setting element connectivity.
Checking the numerical grid orientation.
There has been a re-orientation of 32 TRIANGLE volume elements.
There has been a re-orientation of 12 LINE surface elements.
Identifying edges and vertices.
Setting the control volume structure.
Area of the computational grid: 2.
Searching for the closest normal neighbors to the surfaces.
Storing a mapping from global to local point index.
Compute the surface curvature.
Max K: 5.65685. Mean K: 1.56051. Standard deviation K: 2.52832.
Computing mesh quality statistics for the dual control volumes.
+--------------------------------------------------------------+
|           Mesh Quality Metric|        Minimum|        Maximum|
+--------------------------------------------------------------+
|    Orthogonality Angle (deg.)|        63.4349|        73.7269|
|     CV Face Area Aspect Ratio|        1.34164|        2.68328|
|           CV Sub-Volume Ratio|              1|              1|
|                     CV Volume|      0.0104167|         0.0625|
+--------------------------------------------------------------+
Finding max control volume width.
CFD geometry seconds partition/migration/preprocess (maximum across ranks): 1.4e-07 6.517e-05 0.000182732
Wetted area = 0 m.
Area projection in the x-plane = 0 m, y-plane = 0 m.
Max. coordinate in the x-direction = -1e+10 m, y-direction = -1e+10 m.
Min. coordinate in the x-direction = 1e+10 m, y-direction = 1e+10 m.
Computing wall distances.

-------------------- Solver Preprocessing ( Zone 0 ) --------------------
Inviscid flow: Computing density based on free-stream
temperature and pressure using the ideal gas law.
Force coefficients computed using free-stream values.

-- Models:
+------------------------------------------------------------------------------+
|          Viscosity Model|        Conductivity Model|              Fluid Model|
+------------------------------------------------------------------------------+
|                        -|                         -|             STANDARD_AIR|
+------------------------------------------------------------------------------+
-- Fluid properties:
+------------------------------------------------------------------------------+
|                  Name|    Dim. value|    Ref. value|      Unit|Non-dim. value|
+------------------------------------------------------------------------------+
|          Gas Constant|       287.058|             1|  N.m/kg.K|       287.058|
|      Spec. Heat Ratio|             -|             -|         -|           1.4|
+------------------------------------------------------------------------------+
-- Initial and free-stream conditions:
+------------------------------------------------------------------------------+
|                  Name|    Dim. value|    Ref. value|      Unit|Non-dim. value|
+------------------------------------------------------------------------------+
|       Static Pressure|        101325|             1|        Pa|        101325|
|               Density|       1.22498|             1|    kg/m^3|       1.22498|
|           Temperature|        288.15|             1|         K|        288.15|
|          Total Energy|        221265|             1|   m^2/s^2|        221265|
|            Velocity-X|       170.149|             1|       m/s|       170.149|
|            Velocity-Y|             0|             1|       m/s|             0|
|    Velocity Magnitude|       170.149|             1|       m/s|       170.149|
+------------------------------------------------------------------------------+
|           Mach Number|             -|             -|         -|           0.5|
+------------------------------------------------------------------------------+
Initialize Jacobian structure (Euler). MG level: 0.

------------------- Numerics Preprocessing ( Zone 0 ) -------------------

----------------- Integration Preprocessing ( Zone 0 ) ------------------

------------------- Iteration Preprocessing ( Zone 0 ) ------------------
Euler/Navier-Stokes/RANS fluid iteration.

------------------------- Mesh Adaptation Cycle -------------------------
Cycle 0 of 1: 45 points, at most 1 iterations, CFL 1, V multigrid cycle, initial solution.
Its metric makes the next mesh: complexity 8, sizes 0.01 to 2, norm 1, aspect ratio up to 1e+06.

------------------------------ Begin Solver -----------------------------

Simulation Run using the Single-zone Driver
+----------------------------------------------------------------+
|  Inner_Iter|    rms[Rho]|   rms[RhoU]|   rms[RhoV]|   rms[RhoE]|
+----------------------------------------------------------------+
|           0|  -14.268047|  -11.374170|  -12.265746|   -8.653380|

----------------------------- Solver Exit -------------------------------

Maximum number of iterations reached (ITER = 1) before convergence.
+-----------------------------------------------------------------------+
|      Convergence Field     |     Value    |   Criterion  |  Converged |
+-----------------------------------------------------------------------+
|                    rms[Rho]|       -14.268|         < -14|         Yes|
+-----------------------------------------------------------------------+
-------------------------------------------------------------------------
+-----------------------------------------------------------------------+
|        File Writing Summary       |              Filename             |
+-----------------------------------------------------------------------+
|SU2 binary restart                 |steady_metric_reuse_solution_adap_00000.dat|
+-----------------------------------------------------------------------+
Native contract: q>=0.18, frozen-target Simpson edge length<=1.8, reference deviation<=1e-08, requested wall altitude relative error<=1e-8; dependency budget=2097152 bytes per rank, original P1 sensor target, boundary sampling adaptive.
Native work allowance: 300 collective rounds per phase, 6 sweeps, for 64 input cells on 1 ranks; frozen P1 centroid complexity=8, estimated unit triangles=18.4752 (geometric BL row allowance=0).
Native incoming residuals: shape=0, edge length=0
Native adaptation: 33 commits (0 across owners), qmin=0.866025, Lmax=1.41421, residual cells=0, height faces=0, reference faces=0. No remesher-side target floor.
Native remaining residuals: shape=0, edge length=0
Native coordinated repair: 0 commits, 0 seconds (maximum across ranks).
Native private target requests/evaluations/dynamic evictions: 5651 1967 0
Native donor search candidates/full-scan equivalent: 2072 6080; local immutable index retained bytes (max rank): 22232
Native operations (height/split/remove/redistribute/bulk remove/split/flip/move): 0 0 12 7 14 0 0 0; conflicts=0, dependency-size rejects=0, memory rejects=0, stale rejects=0, engine encoded bytes=728712, largest transport admission estimate=44464
Native phase elapsed seconds (same action order, maximum across ranks): 2.22e-06 6.61e-06 0.00271136 0.00271071 0.00311154 1.16e-06 0.00275981 0.00111246
Native candidate selection seconds (same action order, maximum across ranks): 1.96e-06 6.38e-06 2.9121e-05 1.4621e-05 4.14e-05 9.5e-07 5.863e-05 1.298e-05
Native rank cost selection seconds min/mean/max: 0.000166042 0.000166042 0.000166042
Native rank cost private reconstruction seconds min/mean/max: 0.00311369 0.00311369 0.00311369
Native rank cost tracked collectives seconds min/mean/max: 0.000706877 0.000706877 0.000706877
Native rank cost largest private transaction seconds min/mean/max: 0.000222112 0.000222112 0.000222112
Native rank cost round protocol seconds min/mean/max: 1.019e-05 1.019e-05 1.019e-05
Native rank cost round dependency import seconds min/mean/max: 0.00120883 0.00120883 0.00120883
Native rank cost round donor import and IDs seconds min/mean/max: 0.00583838 0.00583838 0.00583838
Native rank cost round reconstruction seconds min/mean/max: 0.00312248 0.00312248 0.00312248
Native rank cost round validation seconds min/mean/max: 0.00171019 0.00171019 0.00171019
Native rank cost round commit seconds min/mean/max: 0.000273644 0.000273644 0.000273644
Native rank cost engine initialization seconds min/mean/max: 0.000798929 0.000798929 0.000798929
Native rank cost incoming residual check seconds min/mean/max: 4.14e-06 4.14e-06 4.14e-06
Native rank cost engine adapt seconds min/mean/max: 0.0124213 0.0124213 0.0124213
Native rank cost final contract check seconds min/mean/max: 2.82e-06 2.82e-06 2.82e-06
Native rank cost adapt unclassified seconds min/mean/max: 9.1511e-05 9.1511e-05 9.1511e-05
Native cost scopes: tracked collectives include waiting, exclude validation elections; round scopes are exclusive within each rank, include MPI waits, and exclude local temporary destruction after round return; rank maxima are not additive wall phases.
Native cached selection full scans (same action order, sum across ranks): 0 0 0 0 2 1 2 2
Native deferred/rejected candidate: boundary coarsening or movement misses geometry/metric target (7).
Native deferred/rejected candidate: coarsening misses target (6).
Native deferred/rejected candidate: flip does not improve quality (19).
Native deferred/rejected candidate: no improving valid movement (7).
Native deferred/rejected candidate: nonconvex quadrilateral (11).
Native deferred/rejected candidate: not a complete interior edge star (12).
Native execution seconds workers/return-to-CFD/idle-wall/idle-CPU (maximum across ranks): 0.0133497 6.206e-05 0 0; CFD ranks=1, adaptation ranks=1
Native setup seconds import-reference/target-policy/working-partition (maximum across ranks): 0.000113461 2.808e-05 2.6e-07

---------------------------- Replace the Mesh ---------------------------
Two dimensional problem.
19 grid points.
24 volume elements.
5 surface markers.
2 boundary elements in index 0 (Marker = left).
2 boundary elements in index 1 (Marker = right).
4 boundary elements in index 2 (Marker = upper).
2 boundary elements in index 3 (Marker = lower_a).
2 boundary elements in index 4 (Marker = lower_b).
24 triangles.
Setting point connectivity.
Renumbering points (Reverse Cuthill McKee Ordering).
Recomputing point connectivity.
Setting element connectivity.
Checking the numerical grid orientation.
All volume elements are correctly oriented.
All surface elements are correctly oriented.
Identifying edges and vertices.
Setting the control volume structure.
Area of the computational grid: 2.
Searching for the closest normal neighbors to the surfaces.
Storing a mapping from global to local point index.
Compute the surface curvature.
Max K: 2.82843. Mean K: 1.33102. Standard deviation K: 1.41176.
Computing mesh quality statistics for the dual control volumes.
+--------------------------------------------------------------+
|           Mesh Quality Metric|        Minimum|        Maximum|
+--------------------------------------------------------------+
|    Orthogonality Angle (deg.)|        63.4349|             90|
|     CV Face Area Aspect Ratio|              1|              6|
|           CV Sub-Volume Ratio|              1|              2|
|                     CV Volume|      0.0416667|       0.208333|
+--------------------------------------------------------------+
Finding max control volume width.
CFD geometry seconds partition/migration/preprocess (maximum across ranks): 2.6e-07 4.361e-05 0.000143012
Wetted area = 0 m.
Area projection in the x-plane = 0 m, y-plane = 0 m.
Max. coordinate in the x-direction = -1e+10 m, y-direction = -1e+10 m.
Min. coordinate in the x-direction = 1e+10 m, y-direction = 1e+10 m.
Computing wall distances.

-------------------- Solver Preprocessing ( Zone 0 ) --------------------
Inviscid flow: Computing density based on free-stream
temperature and pressure using the ideal gas law.
Force coefficients computed using free-stream values.

-- Models:
+------------------------------------------------------------------------------+
|          Viscosity Model|        Conductivity Model|              Fluid Model|
+------------------------------------------------------------------------------+
|                        -|                         -|             STANDARD_AIR|
+------------------------------------------------------------------------------+
-- Fluid properties:
+------------------------------------------------------------------------------+
|                  Name|    Dim. value|    Ref. value|      Unit|Non-dim. value|
+------------------------------------------------------------------------------+
|          Gas Constant|       287.058|             1|  N.m/kg.K|       287.058|
|      Spec. Heat Ratio|             -|             -|         -|           1.4|
+------------------------------------------------------------------------------+
-- Initial and free-stream conditions:
+------------------------------------------------------------------------------+
|                  Name|    Dim. value|    Ref. value|      Unit|Non-dim. value|
+------------------------------------------------------------------------------+
|       Static Pressure|        101325|             1|        Pa|        101325|
|               Density|       1.22498|             1|    kg/m^3|       1.22498|
|           Temperature|        288.15|             1|         K|        288.15|
|          Total Energy|        221265|             1|   m^2/s^2|        221265|
|            Velocity-X|       170.149|             1|       m/s|       170.149|
|            Velocity-Y|             0|             1|       m/s|             0|
|    Velocity Magnitude|       170.149|             1|       m/s|       170.149|
+------------------------------------------------------------------------------+
|           Mach Number|             -|             -|         -|           0.5|
+------------------------------------------------------------------------------+
Initialize Jacobian structure (Euler). MG level: 0.

------------------------ Solution Transfer (P1) -------------------------
Distributed transfer on 1 rank(s), 0.000362 s (largest over the ranks: directory 7.59e-06 s, location 0.000103 s, fetch 6.04e-06 s, kernel 3.75e-06 s, integrals and round trip 0.000101 s, finish 1.33e-06 s); queries 19 in 1 chunk(s), received per rank max/mean 1.
Barycentric interpolation of the donor solution at 19 points.
Points outside the donor mesh: 0. Points on a marker take the closest point of the donor boundary of the same marker, other points outside the donor the closest donor boundary point.
Distance to the closest donor point (mean over the points off the donor boundary), absolute and relative to the longest edge of the donor face:
            Marker   Points  Outside      Off   Max dist  Mean dist    Max rel   Mean rel   > face
              left        3        0        0  0.000e+00  0.000e+00  0.000e+00  0.000e+00        0
             right        3        0        0  0.000e+00  0.000e+00  0.000e+00  0.000e+00        0
             upper        5        0        0  0.000e+00  0.000e+00  0.000e+00  0.000e+00        0
           lower_a        3        0        0  0.000e+00  0.000e+00  0.000e+00  0.000e+00        0
           lower_b        3        0        0  0.000e+00  0.000e+00  0.000e+00  0.000e+00        0
        (interior)        7        0        0  0.000e+00  0.000e+00  0.000e+00  0.000e+00        0
Distance accepted: the face size, at least 2.236e-03 (2 ADAP_HAUSD or 1e-3 x the domain size).
States not admissible after the interpolation (flow and turbulence of one donor point used): 0.
Domain volume: donor 2.000e+00, new 2.000e+00, relative change 0.000e+00.
Change of the integrals (not conserved by the interpolation), relative to the donor integral (momentum: to the norm of the donor momentum integral):
     Density: 0.000e+00
  Momentum-x: 0.000e+00
  Momentum-y: 1.165e-18
      Energy: 0.000e+00
Round trip donor -> new -> donor, difference relative to the donor range (RMS, max):
     Density: 0.000e+00, 0.000e+00
  Momentum-x: 2.582e-01, 1.000e+00
  Momentum-y: 1.290e-01, 8.469e-01
      Energy: 0.000e+00, 0.000e+00

------------------- Numerics Preprocessing ( Zone 0 ) -------------------

----------------- Integration Preprocessing ( Zone 0 ) ------------------

------------------- Iteration Preprocessing ( Zone 0 ) ------------------
Euler/Navier-Stokes/RANS fluid iteration.
The problem uses the new mesh: 19 points, 0 multigrid levels.
Mesh replaced in 0.00087148 s (solution transfer 0.000442795 s).
Mesh replacement seconds geometry-build/check-wall-distance/solver-init/transfer/finalize (maximum across ranks, exclusive scopes): 0.000237063 2.228e-05 0.000107381 0.000442795 6.1961e-05

------------------------- Mesh Adaptation Cycle -------------------------
Cycle 1 of 1: 19 points, at most 1 iterations, CFL 1, V multigrid cycle, transferred solution.

------------------------------ Begin Solver -----------------------------

Simulation Run using the Single-zone Driver
+----------------------------------------------------------------+
|  Inner_Iter|    rms[Rho]|   rms[RhoU]|   rms[RhoV]|   rms[RhoE]|
+----------------------------------------------------------------+
|           0|  -13.868901|  -11.310414|  -11.300365|   -8.274921|

----------------------------- Solver Exit -------------------------------

Maximum number of iterations reached (ITER = 1) before convergence.
+-----------------------------------------------------------------------+
|      Convergence Field     |     Value    |   Criterion  |  Converged |
+-----------------------------------------------------------------------+
|                    rms[Rho]|      -13.8689|         < -14|          No|
+-----------------------------------------------------------------------+
-------------------------------------------------------------------------
+-----------------------------------------------------------------------+
|        File Writing Summary       |              Filename             |
+-----------------------------------------------------------------------+
|SU2 binary restart                 |steady_metric_reuse_solution_adap_00001.dat|
+-----------------------------------------------------------------------+

------------------------ Mesh Adaptation Summary ------------------------
+---------------------------------------------------------------------------------------+
|     Cycle|      Complexity|          Points|      Iterations|   Solve [s]|   Adapt [s]|
+---------------------------------------------------------------------------------------+
|         0|      input mesh|              45|               1|   0.0026659|   0.0144541|
|         1|               8|              19|               1|  0.00253162|           -|
+---------------------------------------------------------------------------------------+
Solve: the flow iterations on the mesh of the cycle, with their output. Adapt: metric, native cavities, new geometry and solvers, solution transfer and mesh output that make the mesh of the next cycle.
Native contract: q>=0.18, frozen-target Simpson edge length<=1.8, reference deviation<=1e-08, requested wall altitude relative error<=1e-8; dependency budget=2097152 bytes per rank, original P1 sensor target, boundary sampling adaptive.
Native work allowance: 300 collective rounds per phase, 6 sweeps, for 24 input cells on 1 ranks; frozen P1 centroid complexity=8, estimated unit triangles=18.4752 (geometric BL row allowance=0).
Native incoming residuals: shape=0, edge length=0
Native adaptation: 3 commits (0 across owners), qmin=0.866025, Lmax=1.41421, residual cells=0, height faces=0, reference faces=0. No remesher-side target floor.
Native remaining residuals: shape=0, edge length=0
Native coordinated repair: 0 commits, 0 seconds (maximum across ranks).
Native private target requests/evaluations/dynamic evictions: 3105 1442 0
Native donor search candidates/full-scan equivalent: 706 1344; local immutable index retained bytes (max rank): 13272
Native operations (height/split/remove/redistribute/bulk remove/split/flip/move): 0 0 0 3 0 0 0 0; conflicts=0, dependency-size rejects=0, memory rejects=0, stale rejects=0, engine encoded bytes=255800, largest transport admission estimate=35344
Native phase elapsed seconds (same action order, maximum across ranks): 1.41e-06 3.7e-06 7.3e-07 0.00210105 1.31e-06 1.24e-06 0.00232094 0.00091532
Native candidate selection seconds (same action order, maximum across ranks): 1.15e-06 3.46e-06 5.5e-07 9.36e-06 9.9e-07 1.01e-06 5.991e-05 1.403e-05
Native rank cost selection seconds min/mean/max: 9.046e-05 9.046e-05 9.046e-05
Native rank cost private reconstruction seconds min/mean/max: 0.00168231 0.00168231 0.00168231
Native rank cost tracked collectives seconds min/mean/max: 0.000406482 0.000406482 0.000406482
Native rank cost largest private transaction seconds min/mean/max: 0.000221662 0.000221662 0.000221662
Native rank cost round protocol seconds min/mean/max: 5.96e-06 5.96e-06 5.96e-06
Native rank cost round dependency import seconds min/mean/max: 0.000616395 0.000616395 0.000616395
Native rank cost round donor import and IDs seconds min/mean/max: 0.00235969 0.00235969 0.00235969
Native rank cost round reconstruction seconds min/mean/max: 0.00168809 0.00168809 0.00168809
Native rank cost round validation seconds min/mean/max: 0.000468893 0.000468893 0.000468893
Native rank cost round commit seconds min/mean/max: 7.077e-05 7.077e-05 7.077e-05
Native rank cost engine initialization seconds min/mean/max: 0.000264542 0.000264542 0.000264542
Native rank cost incoming residual check seconds min/mean/max: 3.121e-06 3.121e-06 3.121e-06
Native rank cost engine adapt seconds min/mean/max: 0.0053503 0.0053503 0.0053503
Native rank cost final contract check seconds min/mean/max: 2.48e-06 2.48e-06 2.48e-06
Native rank cost adapt unclassified seconds min/mean/max: 5.004e-05 5.004e-05 5.004e-05
Native cost scopes: tracked collectives include waiting, exclude validation elections; round scopes are exclusive within each rank, include MPI waits, and exclude local temporary destruction after round return; rank maxima are not additive wall phases.
Native cached selection full scans (same action order, sum across ranks): 0 0 0 0 1 1 2 2
Native deferred/rejected candidate: flip does not improve quality (26).
Native deferred/rejected candidate: no improving valid movement (7).
Native deferred/rejected candidate: no representable tangential redistribution (4).
Native deferred/rejected candidate: nonconvex quadrilateral (4).
Native deferred/rejected candidate: not a complete interior edge star (12).
Native execution seconds workers/return-to-CFD/idle-wall/idle-CPU (maximum across ranks): 0.00573086 5.1281e-05 0 0; CFD ranks=1, adaptation ranks=1
Native setup seconds import-reference/target-policy/working-partition (maximum across ranks): 6.4161e-05 1.201e-05 2.9e-07

--------------------------- Finalizing Solver ---------------------------
Deleted CNumerics container.
Deleted CIntegration container.
Deleted CSolver container.
Deleted CIteration container.
Deleted CInterface container.
Deleted CGeometry container.
Deleted CFreeFormDefBox class.
Deleted CSurfaceMovement class.
Deleted CVolumetricMovement class.
Deleted CConfig container.
Deleted nInst container.
Deleted COutput class.
-------------------------------------------------------------------------

------------------------- Exit Success (SU2_CFD) ------------------------

Native BL geometry wall: largest local subset 18 of 18 supplied wall faces (before duplicate removal).

~~~~~~~~~~~~~~~~~~~~~~~~~~~~~~~~~~~~~~~~~~~~~~~~~~~~~~~~~~~~~~~~~~~~~~~~~~~~~~~
test_driver is a Catch v2.13.9 host application.
Run with -? for options

-------------------------------------------------------------------------------
Metric prediction: history gather and prediction scatter match the complete
                   mesh
-------------------------------------------------------------------------------
../UnitTests/SU2_CFD/adaptation/CMetricPredictor_tests.cpp:678
...............................................................................

../UnitTests/SU2_CFD/adaptation/CMetricPredictor_tests.cpp:725: FAILED:
  CHECK( whole.elem == reference.elem )
with expansion:
  { 0, 1, 26, 26, 25, 0, 1, 2, 27, 27, 26, 1, 2, 3, 28, 28, 27, 2, 3, 4, 29,
  29, 28, 3, 4, 5, 30, 30, 29, 4, 5, 6, 31, 31, 30, 5, 6, 7, 32, 32, 31, 6, 7,
  8, 33, 33, 32, 7, 8, 9, 34, 34, 33, 8, 9, 10, 35, 35, 34, 9, 10, 11, 36, 36,
  35, 10, 11, 12, 37, 37, 36, 11, 12, 13, 38, 38, 37, 12, 13, 14, 39, 39, 38,
  13, 14, 15, 40, 40, 39, 14, 15, 16, 41, 41, 40, 15, 16, 17, 42, 42, 41, 16,
  17, 18, 43, 43, 42, 17, 18, 19, 44, 44, 43, 18, 19, 20, 45, 45, 44, 19, 20,
  21, 46, 46, 45, 20, 21, 22, 47, 47, 46, 21, 22, 23, 48, 48, 47, 22, 23, 24,
  49, 49, 48, 23, 25, 26, 51, 51, 50, 25, 26, 27, 52, 52, 51, 26, 27, 28, 53,
  53, 52, 27, 28, 29, 54, 54, 53, 28, 29, 30, 55, 55, 54, 29, 30, 31, 56, 56,
  55, 30, 31, 32, 57, 57, 56, 31, 32, 33, 58, 58, 57, 32, 33, 34, 59, 59, 58,
  33, 34, 35, 60, 60, 59, 34, 35, 36, 61, 61, 60, 35, 36, 37, 62, 62, 61, 36,
  37, 38, 63, 63, 62, 37, 38, 39, 64, 64, 63, 38, 39, 40, 65, 65, 64, 39, 40,
  41, 66, 66, 65, 40, 41, 42, 67, 67, 66, 41, 42, 43, 68, 68, 67, 42, 43, 44,
  69, 69, 68, 43, 44, 45, 70, 70, 69, 44, 45, 46, 71, 71, 70, 45, 46, 47, 72,
  72, 71, 46, 47, 48, 73, 73, 72, 47, 48, 49, 74, 74, 73, 48, 50, 51, 76, 76,
  75, 50, 51, 52, 77, 77, 76, 51, 52, 53, 78, 78, 77, 52, 53, 54, 79, 79, 78,
  53, 54, 55, 80, 80, 79, 54, 55, 56, 81, 81, 80, 55, 56, 57, 82, 82, 81, 56,
  57, 58, 83, 83, 82, 57, 58, 59, 84, 84, 83, 58, 59, 60, 85, 85, 84, 59, 60,
  61, 86, 86, 85, 60, 61, 62, 87, 87, 86, 61, 62, 63, 88, 88, 87, 62, 63, 64,
  89, 89, 88, 63, 64, 65, 90, 90, 89, 64, 65, 66, 91, 91, 90, 65, 66, 67, 92,
  92, 91, 66, 67, 68, 93, 93, 92, 67, 68, 69, 94, 94, 93, 68, 69, 70, 95, 95,
  94, 69, 70, 71, 96, 96, 95, 70, 71, 72, 97, 97, 96, 71, 72, 73, 98, 98, 97,
  72, 73, 74, 99, 99, 98, 73, 75, 76, 101, 101, 100, 75, 76, 77, 102, 102, 101,
  76, 77, 78, 103, 103, 102, 77, 78, 79, 104, 104, 103, 78, 79, 80, 105, 105,
  104, 79, 80, 81, 106, 106, 105, 80, 81, 82, 107, 107, 106, 81, 82, 83, 108,
  108, 107, 82, 83, 84, 109, 109, 108, 83, 84, 85, 110, 110, 109, 84, 85, 86,
  111, 111, 110, 85, 86, 87, 112, 112, 111, 86, 87, 88, 113, 113, 112, 87, 88,
  89, 114, 114, 113, 88, 89, 90, 115, 115, 114, 89, 90, 91, 116, 116, 115, 90,
  91, 92, 117, 117, 116, 91, 92, 93, 118, 118, 117, 92, 93, 94, 119, 119, 118,
  93, 94, 95, 120, 120, 119, 94, 95, 96, 121, 121, 120, 95, 96, 97, 122, 122,
  121, 96, 97, 98, 123, 123, 122, 97, 98, 99, 124, 124, 123, 98, 100, 101, 126,
  126, 125, 100, 101, 102, 127, 127, 126, 101, 102, 103, 128, 128, 127, 102,
  103, 104, 129, 129, 128, 103, 104, 105, 130, 130, 129, 104, 105, 106, 131,
  131, 130, 105, 106, 107, 132, 132, 131, 106, 107, 108, 133, 133, 132, 107,
  108, 109, 134, 134, 133, 108, 109, 110, 135, 135, 134, 109, 110, 111, 136,
  136, 135, 110, 111, 112, 137, 137, 136, 111, 112, 113, 138, 138, 137, 112,
  113, 114, 139, 139, 138, 113, 114, 115, 140, 140, 139, 114, 115, 116, 141,
  141, 140, 115, 116, 117, 142, 142, 141, 116, 117, 118, 143, 143, 142, 117,
  118, 119, 144, 144, 143, 118, 119, 120, 145, 145, 144, 119, 120, 121, 146,
  146, 145, 120, 121, 122, 147, 147, 146, 121, 122, 123, 148, 148, 147, 122,
  123, 124, 149, 149, 148, 123, 125, 126, 151, 151, 150, 125, 126, 127, 152,
  152, 151, 126, 127, 128, 153, 153, 152, 127, 128, 129, 154, 154, 153, 128,
  129, 130, 155, 155, 154, 129, 130, 131, 156, 156, 155, 130, 131, 132, 157,
  157, 156, 131, 132, 133, 158, 158, 157, 132, 133, 134, 159, 159, 158, 133,
  134, 135, 160, 160, 159, 134, 135, 136, 161, 161, 160, 135, 136, 137, 162,
  162, 161, 136, 137, 138, 163, 163, 162, 137, 138, 139, 164, 164, 163, 138,
  139, 140, 165, 165, 164, 139, 140, 141, 166, 166, 165, 140, 141, 142, 167,
  167, 166, 141, 142, 143, 168, 168, 167, 142, 143, 144, 169, 169, 168, 143,
  144, 145, 170, 170, 169, 144, 145, 146, 171, 171, 170, 145, 146, 147, 172,
  172, 171, 146, 147, 148, 173, 173, 172, 147, 148, 149, 174, 174, 173, 148,
  150, 151, 176, 176, 175, 150, 151, 152, 177, 177, 176, 151, 152, 153, 178,
  178, 177, 152, 153, 154, 179, 179, 178, 153, 154, 155, 180, 180, 179, 154,
  155, 156, 181, 181, 180, 155, 156, 157, 182, 182, 181, 156, 157, 158, 183,
  183, 182, 157, 158, 159, 184, 184, 183, 158, 159, 160, 185, 185, 184, 159,
  160, 161, 186, 186, 185, 160, 161, 162, 187, 187, 186, 161, 162, 163, 188,
  188, 187, 162, 163, 164, 189, 189, 188, 163, 164, 165, 190, 190, 189, 164,
  165, 166, 191, 191, 190, 165, 166, 167, 192, 192, 191, 166, 167, 168, 193,
  193, 192, 167, 168, 169, 194, 194, 193, 168, 169, 170, 195, 195, 194, 169,
  170, 171, 196, 196, 195, 170, 171, 172, 197, 197, 196, 171, 172, 173, 198,
  198, 197, 172, 173, 174, 199, 199, 198, 173, 175, 176, 201, 201, 200, 175,
  176, 177, 202, 202, 201, 176, 177, 178, 203, 203, 202, 177, 178, 179, 204,
  204, 203, 178, 179, 180, 205, 205, 204, 179, 180, 181, 206, 206, 205, 180,
  181, 182, 207, 207, 206, 181, 182, 183, 208, 208, 207, 182, 183, 184, 209,
  209, 208, 183, 184, 185, 210, 210, 209, 184, 185, 186, 211, 211, 210, 185,
  186, 187, 212, 212, 211, 186, 187, 188, 213, 213, 212, 187, 188, 189, 214,
  214, 213, 188, 189, 190, 215, 215, 214, 189, 190, 191, 216, 216, 215, 190,
  191, 192, 217, 217, 216, 191, 192, 193, 218, 218, 217, 192, 193, 194, 219,
  219, 218, 193, 194, 195, 220, 220, 219, 194, 195, 196, 221, 221, 220, 195,
  196, 197, 222, 222, 221, 196, 197, 198, 223, 223, 222, 197, 198, 199, 224,
  224, 223, 198, 200, 201, 226, 226, 225, 200, 201, 202, 227, 227, 226, 201,
  202, 203, 228, 228, 227, 202, 203, 204, 229, 229, 228, 203, 204, 205, 230,
  230, 229, 204, 205, 206, 231, 231, 230, 205, 206, 207, 232, 232, 231, 206,
  207, 208, 233, 233, 232, 207, 208, 209, 234, 234, 233, 208, 209, 210, 235,
  235, 234, 209, 210, 211, 236, 236, 235, 210, 211, 212, 237, 237, 236, 211,
  212, 213, 238, 238, 237, 212, 213, 214, 239, 239, 238, 213, 214, 215, 240,
  240, 239, 214, 215, 216, 241, 241, 240, 215, 216, 217, 242, 242, 241, 216,
  217, 218, 243, 243, 242, 217, 218, 219, 244, 244, 243, 218, 219, 220, 245,
  245, 244, 219, 220, 221, 246, 246, 245, 220, 221, 222, 247, 247, 246, 221,
  222, 223, 248, 248, 247, 222, 223, 224, 249, 249, 248, 223, 225, 226, 251,
  251, 250, 225, 226, 227, 252, 252, 251, 226, 227, 228, 253, 253, 252, 227,
  228, 229, 254, 254, 253, 228, 229, 230, 255, 255, 254, 229, 230, 231, 256
  (0x100), 256 (0x100), 255, 230, 231, 232, 257 (0x101), 257 (0x101), 256
  (0x100), 231, 232, 233, 258 (0x102), 258 (0x102), 257 (0x101), 232, 233, 234,
  259 (0x103), 259 (0x103), 258 (0x102), 233, 234, 235, 260 (0x104), 260
  (0x104), 259 (0x103), 234, 235, 236, 261 (0x105), 261 (0x105), 260 (0x104),
  235, 236, 237, 262 (0x106), 262 (0x106), 261 (0x105), 236, 237, 238, 263
  (0x107), 263 (0x107), 262 (0x106), 237, 238, 239, 264 (0x108), 264 (0x108),
  263 (0x107), 238, 239, 240, 265 (0x109), 265 (0x109), 264 (0x108), 239, 240,
  241, 266 (0x10a), 266 (0x10a), 265 (0x109), 240, 241, 242, 267 (0x10b), 267
  (0x10b), 266 (0x10a), 241, 242, 243, 268 (0x10c), 268 (0x10c), 267 (0x10b),
  242, 243, 244, 269 (0x10d), 269 (0x10d), 268 (0x10c), 243, 244, 245, 270
  (0x10e), 270 (0x10e), 269 (0x10d), 244, 245, 246, 271 (0x10f), 271 (0x10f),
  270 (0x10e), 245, 246, 247, 272 (0x110), 272 (0x110), 271 (0x10f), 246, 247,
  248, 273 (0x111), 273 (0x111), 272 (0x110), 247, 248, 249, 274 (0x112), 274
  (0x112), 273 (0x111), 248, 250, 251, 276 (0x114), 276 (0x114), 275 (0x113),
  250, 251, 252, 277 (0x115), 277 (0x115), 276 (0x114), 251, 252, 253, 278
  (0x116), 278 (0x116), 277 (0x115), 252, 253, 254, 279 (0x117), 279 (0x117),
  278 (0x116), 253, 254, 255, 280 (0x118), 280 (0x118), 279 (0x117), 254, 255,
  256 (0x100), 281 (0x119), 281 (0x119), 280 (0x118), 255, 256 (0x100), 257
  (0x101), 282 (0x11a), 282 (0x11a), 281 (0x119), 256 (0x100), 257 (0x101), 258
  (0x102), 283 (0x11b), 283 (0x11b), 282 (0x11a), 257 (0x101), 258 (0x102), 259
  (0x103), 284 (0x11c), 284 (0x11c), 283 (0x11b), 258 (0x102), 259 (0x103), 260
  (0x104), 285 (0x11d), 285 (0x11d), 284 (0x11c), 259 (0x103), 260 (0x104), 261
  (0x105), 286 (0x11e), 286 (0x11e), 285 (0x11d), 260 (0x104), 261 (0x105), 262
  (0x106), 287 (0x11f), 287 (0x11f), 286 (0x11e), 261 (0x105), 262 (0x106), 263
  (0x107), 288 (0x120), 288 (0x120), 287 (0x11f), 262 (0x106), 263 (0x107), 264
  (0x108), 289 (0x121), 289 (0x121), 288 (0x120), 263 (0x107), 264 (0x108), 265
  (0x109), 290 (0x122), 290 (0x122), 289 (0x121), 264 (0x108), 265 (0x109), 266
  (0x10a), 291 (0x123), 291 (0x123), 290 (0x122), 265 (0x109), 266 (0x10a), 267
  (0x10b), 292 (0x124), 292 (0x124), 291 (0x123), 266 (0x10a), 267 (0x10b), 268
  (0x10c), 293 (0x125), 293 (0x125), 292 (0x124), 267 (0x10b), 268 (0x10c), 269
  (0x10d), 294 (0x126), 294 (0x126), 293 (0x125), 268 (0x10c), 269 (0x10d), 270
  (0x10e), 295 (0x127), 295 (0x127), 294 (0x126), 269 (0x10d), 270 (0x10e), 271
  (0x10f), 296 (0x128), 296 (0x128), 295 (0x127), 270 (0x10e), 271 (0x10f), 272
  (0x110), 297 (0x129), 297 (0x129), 296 (0x128), 271 (0x10f), 272 (0x110), 273
  (0x111), 298 (0x12a), 298 (0x12a), 297 (0x129), 272 (0x110), 273 (0x111), 274
  (0x112), 299 (0x12b), 299 (0x12b), 298 (0x12a), 273 (0x111), 275 (0x113), 276
  (0x114), 301 (0x12d), 301 (0x12d), 300 (0x12c), 275 (0x113), 276 (0x114), 277
  (0x115), 302 (0x12e), 302 (0x12e), 301 (0x12d), 276 (0x114), 277 (0x115), 278
  (0x116), 303 (0x12f), 303 (0x12f), 302 (0x12e), 277 (0x115), 278 (0x116), 279
  (0x117), 304 (0x130), 304 (0x130), 303 (0x12f), 278 (0x116), 279 (0x117), 280
  (0x118), 305 (0x131), 305 (0x131), 304 (0x130), 279 (0x117), 280 (0x118), 281
  (0x119), 306 (0x132), 306 (0x132), 305 (0x131), 280 (0x118), 281 (0x119), 282
  (0x11a), 307 (0x133), 307 (0x133), 306 (0x132), 281 (0x119), 282 (0x11a), 283
  (0x11b), 308 (0x134), 308 (0x134), 307 (0x133), 282 (0x11a), 283 (0x11b), 284
  (0x11c), 309 (0x135), 309 (0x135), 308 (0x134), 283 (0x11b), 284 (0x11c), 285
  (0x11d), 310 (0x136), 310 (0x136), 309 (0x135), 284 (0x11c), 285 (0x11d), 286
  (0x11e), 311 (0x137), 311 (0x137), 310 (0x136), 285 (0x11d), 286 (0x11e), 287
  (0x11f), 312 (0x138), 312 (0x138), 311 (0x137), 286 (0x11e), 287 (0x11f), 288
  (0x120), 313 (0x139), 313 (0x139), 312 (0x138), 287 (0x11f), 288 (0x120), 289
  (0x121), 314 (0x13a), 314 (0x13a), 313 (0x139), 288 (0x120), 289 (0x121), 290
  (0x122), 315 (0x13b), 315 (0x13b), 314 (0x13a), 289 (0x121), 290 (0x122), 291
  (0x123), 316 (0x13c), 316 (0x13c), 315 (0x13b), 290 (0x122), 291 (0x123), 292
  (0x124), 317 (0x13d), 317 (0x13d), 316 (0x13c), 291 (0x123), 292 (0x124), 293
  (0x125), 318 (0x13e), 318 (0x13e), 317 (0x13d), 292 (0x124), 293 (0x125), 294
  (0x126), 319 (0x13f), 319 (0x13f), 318 (0x13e), 293 (0x125), 294 (0x126), 295
  (0x127), 320 (0x140), 320 (0x140), 319 (0x13f), 294 (0x126), 295 (0x127), 296
  (0x128), 321 (0x141), 321 (0x141), 320 (0x140), 295 (0x127), 296 (0x128), 297
  (0x129), 322 (0x142), 322 (0x142), 321 (0x141), 296 (0x128), 297 (0x129), 298
  (0x12a), 323 (0x143), 323 (0x143), 322 (0x142), 297 (0x129), 298 (0x12a), 299
  (0x12b), 324 (0x144), 324 (0x144), 323 (0x143), 298 (0x12a) }
  ==
  { 0, 1, 26, 0, 25, 26, 1, 2, 27, 1, 26, 27, 2, 3, 28, 2, 27, 28, 3, 4, 29, 3,
  28, 29, 4, 5, 30, 4, 29, 30, 5, 6, 31, 5, 30, 31, 6, 7, 32, 6, 31, 32, 7, 8,
  33, 7, 32, 33, 8, 9, 34, 8, 33, 34, 9, 10, 35, 9, 34, 35, 10, 11, 36, 10, 35,
  36, 11, 12, 37, 11, 36, 37, 12, 13, 38, 12, 37, 38, 13, 14, 39, 13, 38, 39,
  14, 15, 40, 14, 39, 40, 15, 16, 41, 15, 40, 41, 16, 17, 42, 16, 41, 42, 17,
  18, 43, 17, 42, 43, 18, 19, 44, 18, 43, 44, 19, 20, 45, 19, 44, 45, 20, 21,
  46, 20, 45, 46, 21, 22, 47, 21, 46, 47, 22, 23, 48, 22, 47, 48, 23, 24, 49,
  23, 48, 49, 25, 26, 51, 25, 50, 51, 26, 27, 52, 26, 51, 52, 27, 28, 53, 27,
  52, 53, 28, 29, 54, 28, 53, 54, 29, 30, 55, 29, 54, 55, 30, 31, 56, 30, 55,
  56, 31, 32, 57, 31, 56, 57, 32, 33, 58, 32, 57, 58, 33, 34, 59, 33, 58, 59,
  34, 35, 60, 34, 59, 60, 35, 36, 61, 35, 60, 61, 36, 37, 62, 36, 61, 62, 37,
  38, 63, 37, 62, 63, 38, 39, 64, 38, 63, 64, 39, 40, 65, 39, 64, 65, 40, 41,
  66, 40, 65, 66, 41, 42, 67, 41, 66, 67, 42, 43, 68, 42, 67, 68, 43, 44, 69,
  43, 68, 69, 44, 45, 70, 44, 69, 70, 45, 46, 71, 45, 70, 71, 46, 47, 72, 46,
  71, 72, 47, 48, 73, 47, 72, 73, 48, 49, 74, 48, 73, 74, 50, 51, 76, 50, 75,
  76, 51, 52, 77, 51, 76, 77, 52, 53, 78, 52, 77, 78, 53, 54, 79, 53, 78, 79,
  54, 55, 80, 54, 79, 80, 55, 56, 81, 55, 80, 81, 56, 57, 82, 56, 81, 82, 57,
  58, 83, 57, 82, 83, 58, 59, 84, 58, 83, 84, 59, 60, 85, 59, 84, 85, 60, 61,
  86, 60, 85, 86, 61, 62, 87, 61, 86, 87, 62, 63, 88, 62, 87, 88, 63, 64, 89,
  63, 88, 89, 64, 65, 90, 64, 89, 90, 65, 66, 91, 65, 90, 91, 66, 67, 92, 66,
  91, 92, 67, 68, 93, 67, 92, 93, 68, 69, 94, 68, 93, 94, 69, 70, 95, 69, 94,
  95, 70, 71, 96, 70, 95, 96, 71, 72, 97, 71, 96, 97, 72, 73, 98, 72, 97, 98,
  73, 74, 99, 73, 98, 99, 75, 76, 101, 75, 100, 101, 76, 77, 102, 76, 101, 102,
  77, 78, 103, 77, 102, 103, 78, 79, 104, 78, 103, 104, 79, 80, 105, 79, 104,
  105, 80, 81, 106, 80, 105, 106, 81, 82, 107, 81, 106, 107, 82, 83, 108, 82,
  107, 108, 83, 84, 109, 83, 108, 109, 84, 85, 110, 84, 109, 110, 85, 86, 111,
  85, 110, 111, 86, 87, 112, 86, 111, 112, 87, 88, 113, 87, 112, 113, 88, 89,
  114, 88, 113, 114, 89, 90, 115, 89, 114, 115, 90, 91, 116, 90, 115, 116, 91,
  92, 117, 91, 116, 117, 92, 93, 118, 92, 117, 118, 93, 94, 119, 93, 118, 119,
  94, 95, 120, 94, 119, 120, 95, 96, 121, 95, 120, 121, 96, 97, 122, 96, 121,
  122, 97, 98, 123, 97, 122, 123, 98, 99, 124, 98, 123, 124, 100, 101, 126,
  100, 125, 126, 101, 102, 127, 101, 126, 127, 102, 103, 128, 102, 127, 128,
  103, 104, 129, 103, 128, 129, 104, 105, 130, 104, 129, 130, 105, 106, 131,
  105, 130, 131, 106, 107, 132, 106, 131, 132, 107, 108, 133, 107, 132, 133,
  108, 109, 134, 108, 133, 134, 109, 110, 135, 109, 134, 135, 110, 111, 136,
  110, 135, 136, 111, 112, 137, 111, 136, 137, 112, 113, 138, 112, 137, 138,
  113, 114, 139, 113, 138, 139, 114, 115, 140, 114, 139, 140, 115, 116, 141,
  115, 140, 141, 116, 117, 142, 116, 141, 142, 117, 118, 143, 117, 142, 143,
  118, 119, 144, 118, 143, 144, 119, 120, 145, 119, 144, 145, 120, 121, 146,
  120, 145, 146, 121, 122, 147, 121, 146, 147, 122, 123, 148, 122, 147, 148,
  123, 124, 149, 123, 148, 149, 125, 126, 151, 125, 150, 151, 126, 127, 152,
  126, 151, 152, 127, 128, 153, 127, 152, 153, 128, 129, 154, 128, 153, 154,
  129, 130, 155, 129, 154, 155, 130, 131, 156, 130, 155, 156, 131, 132, 157,
  131, 156, 157, 132, 133, 158, 132, 157, 158, 133, 134, 159, 133, 158, 159,
  134, 135, 160, 134, 159, 160, 135, 136, 161, 135, 160, 161, 136, 137, 162,
  136, 161, 162, 137, 138, 163, 137, 162, 163, 138, 139, 164, 138, 163, 164,
  139, 140, 165, 139, 164, 165, 140, 141, 166, 140, 165, 166, 141, 142, 167,
  141, 166, 167, 142, 143, 168, 142, 167, 168, 143, 144, 169, 143, 168, 169,
  144, 145, 170, 144, 169, 170, 145, 146, 171, 145, 170, 171, 146, 147, 172,
  146, 171, 172, 147, 148, 173, 147, 172, 173, 148, 149, 174, 148, 173, 174,
  150, 151, 176, 150, 175, 176, 151, 152, 177, 151, 176, 177, 152, 153, 178,
  152, 177, 178, 153, 154, 179, 153, 178, 179, 154, 155, 180, 154, 179, 180,
  155, 156, 181, 155, 180, 181, 156, 157, 182, 156, 181, 182, 157, 158, 183,
  157, 182, 183, 158, 159, 184, 158, 183, 184, 159, 160, 185, 159, 184, 185,
  160, 161, 186, 160, 185, 186, 161, 162, 187, 161, 186, 187, 162, 163, 188,
  162, 187, 188, 163, 164, 189, 163, 188, 189, 164, 165, 190, 164, 189, 190,
  165, 166, 191, 165, 190, 191, 166, 167, 192, 166, 191, 192, 167, 168, 193,
  167, 192, 193, 168, 169, 194, 168, 193, 194, 169, 170, 195, 169, 194, 195,
  170, 171, 196, 170, 195, 196, 171, 172, 197, 171, 196, 197, 172, 173, 198,
  172, 197, 198, 173, 174, 199, 173, 198, 199, 175, 176, 201, 175, 200, 201,
  176, 177, 202, 176, 201, 202, 177, 178, 203, 177, 202, 203, 178, 179, 204,
  178, 203, 204, 179, 180, 205, 179, 204, 205, 180, 181, 206, 180, 205, 206,
  181, 182, 207, 181, 206, 207, 182, 183, 208, 182, 207, 208, 183, 184, 209,
  183, 208, 209, 184, 185, 210, 184, 209, 210, 185, 186, 211, 185, 210, 211,
  186, 187, 212, 186, 211, 212, 187, 188, 213, 187, 212, 213, 188, 189, 214,
  188, 213, 214, 189, 190, 215, 189, 214, 215, 190, 191, 216, 190, 215, 216,
  191, 192, 217, 191, 216, 217, 192, 193, 218, 192, 217, 218, 193, 194, 219,
  193, 218, 219, 194, 195, 220, 194, 219, 220, 195, 196, 221, 195, 220, 221,
  196, 197, 222, 196, 221, 222, 197, 198, 223, 197, 222, 223, 198, 199, 224,
  198, 223, 224, 200, 201, 226, 200, 225, 226, 201, 202, 227, 201, 226, 227,
  202, 203, 228, 202, 227, 228, 203, 204, 229, 203, 228, 229, 204, 205, 230,
  204, 229, 230, 205, 206, 231, 205, 230, 231, 206, 207, 232, 206, 231, 232,
  207, 208, 233, 207, 232, 233, 208, 209, 234, 208, 233, 234, 209, 210, 235,
  209, 234, 235, 210, 211, 236, 210, 235, 236, 211, 212, 237, 211, 236, 237,
  212, 213, 238, 212, 237, 238, 213, 214, 239, 213, 238, 239, 214, 215, 240,
  214, 239, 240, 215, 216, 241, 215, 240, 241, 216, 217, 242, 216, 241, 242,
  217, 218, 243, 217, 242, 243, 218, 219, 244, 218, 243, 244, 219, 220, 245,
  219, 244, 245, 220, 221, 246, 220, 245, 246, 221, 222, 247, 221, 246, 247,
  222, 223, 248, 222, 247, 248, 223, 224, 249, 223, 248, 249, 225, 226, 251,
  225, 250, 251, 226, 227, 252, 226, 251, 252, 227, 228, 253, 227, 252, 253,
  228, 229, 254, 228, 253, 254, 229, 230, 255, 229, 254, 255, 230, 231, 256
  (0x100), 230, 255, 256 (0x100), 231, 232, 257 (0x101), 231, 256 (0x100), 257
  (0x101), 232, 233, 258 (0x102), 232, 257 (0x101), 258 (0x102), 233, 234, 259
  (0x103), 233, 258 (0x102), 259 (0x103), 234, 235, 260 (0x104), 234, 259
  (0x103), 260 (0x104), 235, 236, 261 (0x105), 235, 260 (0x104), 261 (0x105),
  236, 237, 262 (0x106), 236, 261 (0x105), 262 (0x106), 237, 238, 263 (0x107),
  237, 262 (0x106), 263 (0x107), 238, 239, 264 (0x108), 238, 263 (0x107), 264
  (0x108), 239, 240, 265 (0x109), 239, 264 (0x108), 265 (0x109), 240, 241, 266
  (0x10a), 240, 265 (0x109), 266 (0x10a), 241, 242, 267 (0x10b), 241, 266
  (0x10a), 267 (0x10b), 242, 243, 268 (0x10c), 242, 267 (0x10b), 268 (0x10c),
  243, 244, 269 (0x10d), 243, 268 (0x10c), 269 (0x10d), 244, 245, 270 (0x10e),
  244, 269 (0x10d), 270 (0x10e), 245, 246, 271 (0x10f), 245, 270 (0x10e), 271
  (0x10f), 246, 247, 272 (0x110), 246, 271 (0x10f), 272 (0x110), 247, 248, 273
  (0x111), 247, 272 (0x110), 273 (0x111), 248, 249, 274 (0x112), 248, 273
  (0x111), 274 (0x112), 250, 251, 276 (0x114), 250, 275 (0x113), 276 (0x114),
  251, 252, 277 (0x115), 251, 276 (0x114), 277 (0x115), 252, 253, 278 (0x116),
  252, 277 (0x115), 278 (0x116), 253, 254, 279 (0x117), 253, 278 (0x116), 279
  (0x117), 254, 255, 280 (0x118), 254, 279 (0x117), 280 (0x118), 255, 256
  (0x100), 281 (0x119), 255, 280 (0x118), 281 (0x119), 256 (0x100), 257 (0x101)
  , 282 (0x11a), 256 (0x100), 281 (0x119), 282 (0x11a), 257 (0x101), 258
  (0x102), 283 (0x11b), 257 (0x101), 282 (0x11a), 283 (0x11b), 258 (0x102), 259
  (0x103), 284 (0x11c), 258 (0x102), 283 (0x11b), 284 (0x11c), 259 (0x103), 260
  (0x104), 285 (0x11d), 259 (0x103), 284 (0x11c), 285 (0x11d), 260 (0x104), 261
  (0x105), 286 (0x11e), 260 (0x104), 285 (0x11d), 286 (0x11e), 261 (0x105), 262
  (0x106), 287 (0x11f), 261 (0x105), 286 (0x11e), 287 (0x11f), 262 (0x106), 263
  (0x107), 288 (0x120), 262 (0x106), 287 (0x11f), 288 (0x120), 263 (0x107), 264
  (0x108), 289 (0x121), 263 (0x107), 288 (0x120), 289 (0x121), 264 (0x108), 265
  (0x109), 290 (0x122), 264 (0x108), 289 (0x121), 290 (0x122), 265 (0x109), 266
  (0x10a), 291 (0x123), 265 (0x109), 290 (0x122), 291 (0x123), 266 (0x10a), 267
  (0x10b), 292 (0x124), 266 (0x10a), 291 (0x123), 292 (0x124), 267 (0x10b), 268
  (0x10c), 293 (0x125), 267 (0x10b), 292 (0x124), 293 (0x125), 268 (0x10c), 269
  (0x10d), 294 (0x126), 268 (0x10c), 293 (0x125), 294 (0x126), 269 (0x10d), 270
  (0x10e), 295 (0x127), 269 (0x10d), 294 (0x126), 295 (0x127), 270 (0x10e), 271
  (0x10f), 296 (0x128), 270 (0x10e), 295 (0x127), 296 (0x128), 271 (0x10f), 272
  (0x110), 297 (0x129), 271 (0x10f), 296 (0x128), 297 (0x129), 272 (0x110), 273
  (0x111), 298 (0x12a), 272 (0x110), 297 (0x129), 298 (0x12a), 273 (0x111), 274
  (0x112), 299 (0x12b), 273 (0x111), 298 (0x12a), 299 (0x12b), 275 (0x113), 276
  (0x114), 301 (0x12d), 275 (0x113), 300 (0x12c), 301 (0x12d), 276 (0x114), 277
  (0x115), 302 (0x12e), 276 (0x114), 301 (0x12d), 302 (0x12e), 277 (0x115), 278
  (0x116), 303 (0x12f), 277 (0x115), 302 (0x12e), 303 (0x12f), 278 (0x116), 279
  (0x117), 304 (0x130), 278 (0x116), 303 (0x12f), 304 (0x130), 279 (0x117), 280
  (0x118), 305 (0x131), 279 (0x117), 304 (0x130), 305 (0x131), 280 (0x118), 281
  (0x119), 306 (0x132), 280 (0x118), 305 (0x131), 306 (0x132), 281 (0x119), 282
  (0x11a), 307 (0x133), 281 (0x119), 306 (0x132), 307 (0x133), 282 (0x11a), 283
  (0x11b), 308 (0x134), 282 (0x11a), 307 (0x133), 308 (0x134), 283 (0x11b), 284
  (0x11c), 309 (0x135), 283 (0x11b), 308 (0x134), 309 (0x135), 284 (0x11c), 285
  (0x11d), 310 (0x136), 284 (0x11c), 309 (0x135), 310 (0x136), 285 (0x11d), 286
  (0x11e), 311 (0x137), 285 (0x11d), 310 (0x136), 311 (0x137), 286 (0x11e), 287
  (0x11f), 312 (0x138), 286 (0x11e), 311 (0x137), 312 (0x138), 287 (0x11f), 288
  (0x120), 313 (0x139), 287 (0x11f), 312 (0x138), 313 (0x139), 288 (0x120), 289
  (0x121), 314 (0x13a), 288 (0x120), 313 (0x139), 314 (0x13a), 289 (0x121), 290
  (0x122), 315 (0x13b), 289 (0x121), 314 (0x13a), 315 (0x13b), 290 (0x122), 291
  (0x123), 316 (0x13c), 290 (0x122), 315 (0x13b), 316 (0x13c), 291 (0x123), 292
  (0x124), 317 (0x13d), 291 (0x123), 316 (0x13c), 317 (0x13d), 292 (0x124), 293
  (0x125), 318 (0x13e), 292 (0x124), 317 (0x13d), 318 (0x13e), 293 (0x125), 294
  (0x126), 319 (0x13f), 293 (0x125), 318 (0x13e), 319 (0x13f), 294 (0x126), 295
  (0x127), 320 (0x140), 294 (0x126), 319 (0x13f), 320 (0x140), 295 (0x127), 296
  (0x128), 321 (0x141), 295 (0x127), 320 (0x140), 321 (0x141), 296 (0x128), 297
  (0x129), 322 (0x142), 296 (0x128), 321 (0x141), 322 (0x142), 297 (0x129), 298
  (0x12a), 323 (0x143), 297 (0x129), 322 (0x142), 323 (0x143), 298 (0x12a), 299
  (0x12b), 324 (0x144), 298 (0x12a), 323 (0x143), 324 (0x144) }

Hessian WLS stencil statistics: 0 numerically deficient, 0 poorly conditioned owned points; minimum normalized reciprocal condition 0.5.
Hessian recovery: 0.000105811 s (maximum rank time).
Metric field statistics:
Minimum density: 62.4461.
Maximum density: 3100.65.
Maximum cell AR: 21.4948.
Mesh complexity: 1000 (ADAP_COMPLEXITY= 1000).
Hessian WLS stencil statistics: 0 numerically deficient, 0 poorly conditioned owned points; minimum normalized reciprocal condition 0.5.
Hessian recovery: 0.000102421 s (maximum rank time).
Metric field statistics:
Minimum density: 62.4461.
Maximum density: 3100.65.
Maximum cell AR: 21.4948.
Mesh complexity: 1000 (ADAP_COMPLEXITY= 1000).
Custom sensor MPI maximum relative differences: values=0 gradients=0 Hessians=0 metric=0
===============================================================================
test cases:    161 |    160 passed | 1 failed
assertions: 420255 | 420254 passed | 1 failed

--------------------------------------------------------------------------
Primary job  terminated normally, but 1 process returned
a non-zero exit code. Per user-direction, the job has been aborted.
--------------------------------------------------------------------------
--------------------------------------------------------------------------
mpirun detected that one or more processes exited with non-zero status, thus causing
the job to be terminated. The first process to do so was:

  Process name: [[54690,1],0]
  Exit code:    1
--------------------------------------------------------------------------
