1 0.5 0.124999999999999999993 0.25 0.125 2 0.125 0 2.5 0 20000000000 0
1 0.250000000000000000027 0.25 0.250000000000000000027 0.250000000000000000027 2.5 0.125 0 2.75 0 25000000000 0
1 0.250000000000000115169 0.499999999999999916977 0.124999999999999999993 0.124999999999999967806 2.125 0.125 0 2.5625 0 21250000000 0
0
1 1 0 0 0 1 0.125 0 2 0 10000000000 3
1 0 1 0 0 2 0.125 0 2.5 0 20000000000 3
0
1 0.499999999999902228058 0.12500000000000317678 0.250000000000060771619 0.125000000000033823516 2.00000000000022604141 0.125 0 2.50000000000011324275 0 20000000000.0022621155 0
1 0.249999999999934593959 0.25000000000005030549 0.250000000000060771619 0.249999999999954328919 2.50000000000003463896 0.125 0 2.75000000000001731948 0 25000000000.0003471375 0
1 0.249999999999971931361 0.499999999999974847269 0.125000000000030385823 0.125000000000022835561 2.12500000000010391688 0.125 0 2.56250000000005195844 0 21250000000.0010414124 0
0
1 1 0 0 0 1 0.125 0 2 0 10000000000 3
1 0 1 0 0 2 0.125 0 2.5 0 20000000000 3
0
1 0.500000000000000005042 0.124999999999999991015 0.25 0.125000000000000003957 2 0.125 0 2.5 0 20000000000 0
1 0.250000000000000010002 0.249999999999999982029 0.25 0.250000000000000007915 2.5 0.125 0 2.75 0 25000000000 0
1 0.250000000000000062857 0.49999999999999995468 0.125 0.124999999999999982429 2.125 0.125 0 2.5625 0 21250000000 0
0
1 1 0 0 0 1 0.125 0 2 0 10000000000 3
1 0 1 0 0 2 0.125 0 2.5 0 20000000000 3
0
1 0.499999999999994057108 0.124999999999971334237 0.25 0.125000000000034608628 2.00000000000007505108 0.125 0 2.50000000000003774758 0 20000000000.0007514954 0
1 0.250000000000052996642 0.249999999999983779387 0.25 0.249999999999963223917 2.49999999999987343458 0.125 0 2.74999999999993693933 0 24999999999.9987335205 0
1 0.249999999999996224537 0.499999999999947807321 0.125 0.125000000000055968102 2.12500000000011590728 0.125 0 2.5625000000000577316 0 21250000000.0011558533 0
0
1 1 0 0 0 1 0.125 0 2 0 10000000000 3
1 0 1 0 0 2 0.125 0 2.5 0 20000000000 3
0
1 0.500000000000000016805 0.124999999999999987891 0.25 0.124999999999999995311 2 0.125 0 2.5 0 20000000000 0
1 0.250000000000000033637 0.249999999999999975795 0.250000000000000000027 0.249999999999999990635 2.5 0.125 0 2.75 0 25000000000 0
1 0.250000000000000134387 0.499999999999999903154 0.125 0.124999999999999962446 2.125 0.125 0 2.5625 0 21249999999.9999961853 0
0
1 1 0 0 0 1 0.125 0 2 0 10000000000 3
1 0 1 0 0 2 0.125 0 2.5 0 20000000000 3
0
1 0.499999999999821855798 0.124999999999907920763 0.250000000000106338197 0.125000000000163885168 2.00000000000061239902 0.125 0 2.50000000000030597747 0 20000000000.0061225891 0
1 0.249999999999992803838 0.249999999999969655729 0.250000000000106338224 0.249999999999931202195 2.49999999999997601918 0.125 0 2.74999999999998800959 0 24999999999.9997596741 0
1 0.249999999999794976271 0.499999999999971159789 0.125000000000159507363 0.125000000000074356523 2.12500000000051336713 0.125 0 2.56250000000025668356 0 21250000000.0051307678 0
0
1 1 0 0 0 1 0.125 0 2 0 10000000000 3
1 0 1 0 0 2 0.125 0 2.5 0 20000000000 3
0
1 0.500000000000014608703 0.125000000000000002887 0.249999999999999990703 0.124999999999985397728 1.99999999999995625721 0.125 0 2.49999999999997823963 0 19999999999.9995613098 0
1 0.250000000000029235674 0.249999999999999996544 0.249999999999999981487 0.24999999999997078624 2.49999999999991251443 0.125 0 2.74999999999995603517 0 24999999999.9991226196 0
1 0.250000000000229269132 0.499999999999999975633 0.125000000000000005855 0.124999999999770749361 2.12499999999931210581 0.125 0 2.56249999999965627495 0 21249999999.9931221008 1
0
1 1 0 0 0 1 0.125 0 2 0 10000000000 3
1 0 1 0 0 2 0.125 0 2.5 0 20000000000 3
0
1 0.49999999994498515077 0.125000000000014164085 0.250000000000060770236 0.125000000054939914909 2.00000000016495560473 0.125 0 2.50000000008247758032 0 20000000001.6495552063 0
1 0.249999999890031074663 0.250000000000028327194 0.250000000000060769288 0.250000000109879828841 2.50000000032978952902 0.125 0 2.75000000016489476451 0 25000000003.2978935242 0
1 0.250000000054923662298 0.499999999999985847231 0.125000000000030388818 0.124999999945060101686 2.12499999983522691593 0.125 0 2.56249999991761345797 0 21249999998.352268219 1
0
1 1 0 0 0 1 0.125 0 2 0 10000000000 3
1 0 1 0 0 2 0.125 0 2.5 0 20000000000 3
0
1 0.500000000000018218825 0.125000000000000001748 0.249999999999999995067 0.12499999999998178434 1.99999999999994537703 0.125 0 2.49999999999997246647 0 19999999999.9994544983 0
1 0.250000000000036431036 0.250000000000000004066 0.24999999999999999565 0.249999999999963569262 2.49999999999989075405 0.125 0 2.74999999999994537703 0 24999999999.9989051819 0
1 0.250000000000053905773 0.499999999999999984957 0.125000000000000002277 0.124999999999946107 2.12499999999983835153 0.125 0 2.56249999999991917576 0 21249999999.9983825684 1
0
1 1 0 0 0 1 0.125 0 2 0 10000000000 3
1 0 1 0 0 2 0.125 0 2.5 0 20000000000 3
0
1 0.499999999845794311498 0.125000000000039747977 0.250000000000000000949 0.125000000154165939631 2.00000000046253756381 0.125 0 2.5000000002312687819 0 20000000004.6253738403 0
1 0.250000000102803780571 0.249999999999973493114 0.249999999999999991462 0.24999999989722273484 2.49999999969164177216 0.125 0 2.74999999984582066404 0 24999999996.9164161682 0
1 0.249999999632223174703 0.500000000000016186163 0.124999999999999991387 0.125000000367760647754 2.12500000110329789749 0.125 0 2.56250000055164894874 0 21250000011.0329818726 1
0
1 1 0 0 0 1 0.125 0 2 0 10000000000 3
1 0 1 0 0 2 0.125 0 2.5 0 20000000000 3
0
1 0.499999999999980010456 0.124999999999999998469 0.249999999999999996368 0.125000000000019994762 2.00000000000005995204 0.125 0 2.50000000000003019807 0 20000000000.0005989075 0
1 0.249999999999959992411 0.250000000000000005204 0.250000000000000004635 0.25000000000003999779 2.50000000000011990409 0.125 0 2.75000000000005995204 0 25000000000.0012016296 0
1 0.249999999999999851803 0.499999999999999945356 0.124999999999999996524 0.125000000000000206269 2.12500000000000044409 0.125 0 2.56250000000000044409 0 21250000000.0000038147 1
0
1 1 0 0 0 1 0.125 0 2 0 10000000000 3
1 0 1 0 0 2 0.125 0 2.5 0 20000000000 3
0
1 0.499999999615259058854 0.125000000000099143661 0.250000000000106341449 0.125000000384535456076 2.00000000115391829425 0.125 0 2.50000000057695892508 0 20000000011.5391807556 0
1 0.249999999999893675505 0.25000000000000001713 0.250000000000106355381 0.249999999999999951943 2.50000000000021271873 0.125 0 2.75000000000010613732 0 25000000000.0021247864 0
1 0.249999999296934407927 0.499999999999887204756 0.125000000000159511063 0.1250000007030188762 2.12500000210926298649 0.125 0 2.56250000105463149325 0 21250000021.092628479 1
0
1 1 0 0 0 1 0.125 0 2 0 10000000000 3
1 0 1 0 0 2 0.125 0 2.5 0 20000000000 3
0
1 0.500000000003481963958 0.124999999999999994416 0.25 0.124999999996518041653 1.99999999998955413361 0.125 0 2.4999999999947770668 0 19999999999.8955421448 2
1 0.250000000006963927861 0.249999999999999988833 0.25 0.249999999993036083306 2.49999999997910826721 0.125 0 2.74999999998955413361 0 24999999999.7910842896 2
1 0.250000000019577679647 0.499999999999999952946 0.125 0.124999999980422367442 2.12499999994126698155 0.125 0 2.56249999997063371282 0 21249999999.4126701355 2
0
1 1 0 0 0 1 0.125 0 2 0 10000000000 3
1 0 1 0 0 2 0.125 0 2.5 0 20000000000 3
0
1 0.500000003176688798514 0.125000000000033823516 0.250000000000060771646 0.124999996823216606344 1.9999999904698051445 0.125 0 2.49999999523490279429 0 19999999904.6980514526 2
1 0.250000050305468618039 0.249999999999954328932 0.250000000000060771646 0.249999949694516281423 2.49999984908362460345 0.125 0 2.74999992454181230173 0 24999998490.8362464905 2
1 0.250000014164726746651 0.500000000000005493923 0.125000000000030385809 0.124999985835237373514 2.12499995750577852505 0.125 0 2.56249997875288926252 0 21249999575.0577850342 2
0
1 1 0 0 0 1 0.125 0 2 0 10000000000 3
1 0 1 0 0 2 0.125 0 2.5 0 20000000000 3
0
1 0.500000000001717829926 0.124999999999999996239 0.25 0.124999999998282173835 1.99999999999484656676 0.125 0 2.4999999999974233944 0 19999999999.9484634399 2
1 0.250000000003435659851 0.249999999999999992478 0.25 0.24999999999656434767 2.49999999998969313353 0.125 0 2.74999999999484634472 0 24999999999.8969306946 2
1 0.250000000013205583138 0.499999999999999985824 0.125 0.124999999986794431065 2.12499999996038324568 0.125 0 2.56249999998019184488 0 21249999999.6038322449 2
0
1 1 0 0 0 1 0.125 0 2 0 10000000000 3
1 0 1 0 0 2 0.125 0 2.5 0 20000000000 3
0
1 0.49999998972224471384 0.125000000000026498348 0.25 0.125000010277728787879 2.00000003083321287178 0.125 0 2.50000001541660621385 0 20000000308.3321304321 2
1 0.250000020555510572427 0.249999999999947003317 0.249999999999999999973 0.249999979444542424242 2.49999993833357425643 0.125 0 2.74999996916678712822 0 24999999383.3357429504 2
1 0.249999968362795581945 0.500000000000002971419 0.125 0.12500003163720144661 2.12500009491160746222 0.125 0 2.56250004745580373111 0 21250000949.1160736084 2
0
1 1 0 0 0 1 0.125 0 2 0 10000000000 3
1 0 1 0 0 2 0.125 0 2.5 0 20000000000 3
0
1 0.500000000002490520648 0.124999999999999988873 0.250000000000000000027 0.124999999997509490526 1.99999999999252842109 0.125 0 2.49999999999626432157 0 19999999999.9252853394 2
1 0.250000000004981041214 0.24999999999999997772 0.25 0.249999999995018981039 2.49999999998505684218 0.125 0 2.74999999999252864313 0 24999999999.8505706787 2
1 0.250000000022623815039 0.499999999999999954897 0.125 0.12499999997737623005 2.12499999993212851379 0.125 0 2.56249999996606447894 0 21249999999.3212852478 2
0
1 1 0 0 0 1 0.125 0 2 0 10000000000 3
1 0 1 0 0 2 0.125 0 2.5 0 20000000000 3
0
1 0.499999860900291476153 0.124999999999917534146 0.250000000000106338251 0.125000139099684651436 2.00000041729918409672 0.125 0 2.5000002086495922704 0 20000004172.9918403625 2
1 0.249999920084707954424 0.249999999999911975415 0.250000000000106338278 0.250000079915273731938 2.50000023974594576259 0.125 0 2.7500001198729728813 0 25000002397.4594573975 2
1 0.249999950428835826684 0.499999999999980773247 0.125000000000159507376 0.125000049571023892734 2.1250001487133713951 0.125 0 2.56250007435668569755 0 21250001487.1337127686 2
0
1 1 0 0 0 1 0.125 0 2 0 10000000000 3
1 0 1 0 0 2 0.125 0 2.5 0 20000000000 3
0
1 0.500000000442590980358 0.12499999999999998781 0.25 0.124999999557409031887 1.99999999867222699734 0.125 0 2.49999999933611372072 0 19999999986.7222709656 2
1 0.250000000885181960662 0.249999999999999975619 0.25 0.249999999114818063773 2.49999999734445399469 0.125 0 2.74999999867222699734 0 24999999973.4445419312 2
1 0.249999999214429630449 0.49999999999999999897 0.125 0.125000000785570370622 2.12500000235671127058 0.125 0 2.56250000117835563529 0 21250000023.567111969 2
0
1 1 0 0 0 1 0.125 0 2 0 10000000000 3
1 0 1 0 0 2 0.125 0 2.5 0 20000000000 3
0
1 0.500003150646825218273 0.125000000000044811567 0.250000000000060771619 0.124996849353069198487 1.99999054805937404034 0.125 0 2.49999527402968713119 0 19999905480.5937385559 2
1 0.249994969425869217969 0.250000000000045670987 0.250000000000060771619 0.250005030574024339425 2.50001509172224034572 0.125 0 2.75000754586111995081 0 25000150917.2224006653 2
1 0.250004249450410360545 0.500000000000016482041 0.125000000000030385809 0.124995750549542771584 2.12498725164870538862 0.125 0 2.56249362582435269431 0 21249872516.4870567322 2
0
1 1 0 0 0 1 0.125 0 2 0 10000000000 3
1 0 1 0 0 2 0.125 0 2.5 0 20000000000 3
0
1 0.500000000538739943715 0.124999999999999994762 0.25 0.124999999461260061523 1.99999999838378017536 0.125 0 2.49999999919188997666 0 19999999983.837802887 2
1 0.250000001077479887431 0.249999999999999989497 0.249999999999999999986 0.249999998922520123032 2.49999999676756035072 0.125 0 2.7499999983837803974 0 24999999967.6756019592 2
1 0.249999998888123420301 0.50000000000000001816 0.125 0.125000001111876561579 2.12500000333562955035 0.125 0 2.56250000166781477517 0 21250000033.3562965393 2
0
1 1 0 0 0 1 0.125 0 2 0 10000000000 3
1 0 1 0 0 2 0.125 0 2.5 0 20000000000 3
0
1 0.500004191510452212577 0.124999999999970530274 0.25 0.124995808489577257129 1.99998742546870222903 0.125 0 2.49999371273435100349 0 19999874254.6870231628 2
1 0.249993672533438916116 0.25000000000000594281 0.25 0.250006327466555141074 2.50001898239967124127 0.125 0 2.75000949119983584268 0 25000189823.9967155457 2
1 0.250002055554343341297 0.499999999999947003358 0.125 0.124997944445709655339 2.12499383333707614341 0.125 0 2.56249691666853784966 0 21249938333.3707580566 2
0
1 1 0 0 0 1 0.125 0 2 0 10000000000 3
1 0 1 0 0 2 0.125 0 2.5 0 20000000000 3
0
1 0.50000000037981744464 0.124999999999999995372 0.250000000000000000027 0.124999999620182559988 1.99999999886054768972 0.125 0 2.49999999943027395588 0 19999999988.6054763794 2
1 0.250000000759634889307 0.24999999999999999073 0.25 0.249999999240365119963 2.49999999772109537943 0.125 0 2.74999999886054746767 0 24999999977.2109527588 2
1 0.249999999305298723583 0.500000000000000005096 0.125 0.125000000694701271294 2.12500000208410400049 0.125 0 2.5625000010420517782 0 21250000020.8410377502 2
0
1 1 0 0 0 1 0.125 0 2 0 10000000000 3
1 0 1 0 0 2 0.125 0 2.5 0 20000000000 3
0
1 0.500004957087621180751 0.125000000000019226631 0.250000000000106338224 0.124995042912253254333 1.99998512873699163528 0.125 0 2.49999256436849570662 0 19999851287.3699150085 2
1 0.249990085824438623691 0.249999999999961546737 0.250000000000106338224 0.250009914175493491321 2.50002974252665488564 0.125 0 2.75001487126332744282 0 25000297425.2665481567 2
1 0.249994081576225159091 0.500000000000005558921 0.125000000000159507363 0.125005918423609774652 2.12501775527115377429 0.125 0 2.56250887763557688714 0 21250177552.7115402222 2
0
1 1 0 0 0 1 0.125 0 2 0 10000000000 3
1 0 1 0 0 2 0.125 0 2.5 0 20000000000 3
0
1 0.49999998471010760292 0.124999999999999993061 0.25 0.125000015289892403979 2.00000004586967738973 0.125 0 2.50000002293483847282 0 20000000458.6967735291 2
1 0.249999969420215205893 0.249999999999999986122 0.25 0.250000030579784807957 2.50000009173935433537 0.125 0 2.75000004586967738973 0 25000000917.3935432434 2
1 0.250000053873994095786 0.499999999999999995772 0.125000000000000000014 0.12499994612600590847 2.12499983837801753594 0.125 0 2.56249991918900876797 0 21249998383.7801780701 2
0
1 1 0 0 0 1 0.125 0 2 0 10000000000 3
1 0 1 0 0 2 0.125 0 2.5 0 20000000000 3
0
1 0.499858370296524607185 0.124999999999994497837 0.250000000000060771646 0.125141629703420123292 2.00042488911037619204 0.125 0 2.50021244455518809602 0 20004248891.1037635803 2
1 0.249716740593109986097 0.249999999999988995673 0.250000000000060771646 0.250283259406840246584 2.50084977822063114772 0.125 0 2.7504248891103157959 0 25008497782.2063140869 2
1 0.249968236185689124501 0.499999999999966174627 0.125000000000030385823 0.125031763814314315022 2.12509529144296971381 0.125 0 2.56254764572148507895 0 21250952914.4296989441 2
0
1 1 0 0 0 1 0.125 0 2 0 10000000000 3
1 0 1 0 0 2 0.125 0 2.5 0 20000000000 3
0
1 0.499999987642782882515 0.124999999999999996171 0.25 0.125000012357217121306 2.00000003707165152633 0.125 0 2.50000001853582576317 0 20000000370.7165145874 2
1 0.249999975285565765044 0.249999999999999992343 0.25 0.250000024714434242613 2.50000007414330260858 0.125 0 2.75000003707165152633 0 25000000741.4330253601 2
1 0.249999887274338199818 0.500000000000000022064 0.125 0.125000112725661778119 2.12500033817698552596 0.125 0 2.56250016908849254094 0 21250003381.7698516846 2
0
1 1 0 0 0 1 0.125 0 2 0 10000000000 3
1 0 1 0 0 2 0.125 0 2.5 0 20000000000 3
0
1 0.49978637924706054507 0.124999999999976474182 0.25 0.125213620752962980748 2.00064086225886539339 0.125 0 2.50032043112943291874 0 20006408622.5886535645 2
1 0.249572758494121090127 0.249999999999952948363 0.25 0.250427241505925961496 2.50128172451773078677 0.125 0 2.75064086225886539339 0 25012817245.1773071289 2
1 0.249572758494121090127 0.499999999999952948363 0.125 0.125427241505925961496 2.12628172451773078677 0.125 0 2.56314086225886539339 0 21262817245.1773071289 2
0
1 1 0 0 0 1 0.125 0 2 0 10000000000 3
1 0 1 0 0 2 0.125 0 2.5 0 20000000000 3
0
1 0.499999995416001888159 0.12499999999999998598 0.25 0.125000004583998125881 2.00000001375199421005 0.125 0 2.50000000687599710503 0 20000000137.5199432373 2
1 0.249999990832003776291 0.24999999999999997196 0.25 0.250000009167996251763 2.5000000275039888642 0.125 0 2.75000001375199421005 0 25000000275.0398864746 2
1 0.24999978051225960624 0.500000000000000005475 0.125 0.125000219487740388245 2.12500065846322128138 0.125 0 2.56250032923161041865 0 21250006584.6322135925 2
0
1 1 0 0 0 1 0.125 0 2 0 10000000000 3
1 0 1 0 0 2 0.125 0 2.5 0 20000000000 3
0
1 0.498666203416673273593 0.124999999999976790477 0.250000000000106338224 0.126333796583243597632 2.00400138974992048091 0.125 0 2.50200069487496001841 0 20040013897.4992027283 2
1 0.249312852948245410726 0.250000000000030381296 0.250000000000106338251 0.250687147051617869741 2.50206144115509676595 0.125 0 2.75103072057754838298 0 25020614411.5509681702 2
1 0.24956040871254130726 0.50000000000003998131 0.125000000000159507363 0.125439591287259204054 2.12631877386213652414 0.125 0 2.56315938693106826207 0 21263187738.6213645935 2
0
1 1 0 0 0 1 0.125 0 2 0 10000000000 3
1 0 1 0 0 2 0.125 0 2.5 0 20000000000 3
0
