ninja: Entering directory `/media/rausa/4TB/SU2_Versions/SU2_NativeIntegrated/integration_evidence/build-integrated-v2'
[1/302] Compiling C++ object Common/src/libSU2Common.a.p/graph_coloring_structure.cpp.o
[2/302] Compiling C++ object Common/src/libSU2Common.a.p/CConfig.cpp.o
../../Common/src/CConfig.cpp: In member function ‘void CConfig::SetConfig_Options()’:
../../Common/src/CConfig.cpp:1168:6: note: variable tracking size limit exceeded with ‘-fvar-tracking-assignments’, retrying without
 1168 | void CConfig::SetConfig_Options() {
      |      ^~~~~~~
[3/302] Compiling C++ object Common/src/libSU2Common.a.p/wall_model.cpp.o
[4/302] Compiling C++ object Common/src/libSU2Common.a.p/linear_algebra_CSysSolve_b.cpp.o
[5/302] Compiling C++ object Common/src/libSU2Common.a.p/linear_algebra_CSysSolve.cpp.o
[6/302] Compiling C++ object Common/src/libSU2Common.a.p/linear_algebra_CSysVector.cpp.o
[7/302] Compiling C++ object Common/src/libSU2Common.a.p/linear_algebra_CSysMatrix.cpp.o
[8/302] Compiling C++ object Common/src/libSU2Common.a.p/linear_algebra_blas_structure.cpp.o
[9/302] Compiling C++ object Common/src/libSU2Common.a.p/toolboxes_MMS_CInviscidVortexSolution.cpp.o
[10/302] Compiling C++ object Common/src/libSU2Common.a.p/toolboxes_MMS_CIncTGVSolution.cpp.o
[11/302] Compiling C++ object Common/src/libSU2Common.a.p/toolboxes_MMS_CMMSIncNSSolution.cpp.o
[12/302] Compiling C++ object Common/src/libSU2Common.a.p/toolboxes_MMS_CMMSIncEulerSolution.cpp.o
[13/302] Compiling C++ object Common/src/libSU2Common.a.p/toolboxes_MMS_CRinglebSolution.cpp.o
[14/302] Compiling C++ object Common/src/libSU2Common.a.p/toolboxes_MMS_CMMSNSTwoHalfSpheresSolution.cpp.o
[15/302] Compiling C++ object Common/src/libSU2Common.a.p/toolboxes_MMS_CNSUnitQuadSolution.cpp.o
[16/302] Compiling C++ object Common/src/libSU2Common.a.p/toolboxes_MMS_CMMSNSUnitQuadSolution.cpp.o
[17/302] Compiling C++ object Common/src/libSU2Common.a.p/toolboxes_MMS_CMMSNSTwoHalfCirclesSolution.cpp.o
[18/302] Compiling C++ object Common/src/libSU2Common.a.p/toolboxes_MMS_CTGVSolution.cpp.o
[19/302] Compiling C++ object Common/src/libSU2Common.a.p/toolboxes_MMS_CMMSNSUnitQuadSolutionWallBC.cpp.o
[20/302] Compiling C++ object Common/src/libSU2Common.a.p/toolboxes_MMS_CVerificationSolution.cpp.o
[21/302] Compiling C++ object Common/src/libSU2Common.a.p/toolboxes_MMS_CUserDefinedSolution.cpp.o
[22/302] Compiling C++ object Common/src/libSU2Common.a.p/toolboxes_fem_CSortFaces.cpp.o
[23/302] Compiling C++ object Common/src/libSU2Common.a.p/geometry_CGeometry.cpp.o
[24/302] Compiling C++ object Common/src/libSU2Common.a.p/geometry_CPhysicalGeometry.cpp.o
[25/302] Compiling C++ object Common/src/libSU2Common.a.p/geometry_CPhysicalGeometryFEM.cpp.o
[26/302] Compiling C++ object Common/src/libSU2Common.a.p/geometry_CMultiGridGeometry.cpp.o
[27/302] Compiling C++ object Common/src/libSU2Common.a.p/geometry_CDummyGeometry.cpp.o
[28/302] Compiling C++ object Common/src/libSU2Common.a.p/geometry_CMultiGridQueue.cpp.o
[29/302] Compiling C++ object Common/src/libSU2Common.a.p/geometry_dual_grid_CDualGrid.cpp.o
[30/302] Compiling C++ object Common/src/libSU2Common.a.p/geometry_dual_grid_CPoint.cpp.o
[31/302] Compiling C++ object Common/src/libSU2Common.a.p/geometry_dual_grid_CVertex.cpp.o
[32/302] Compiling C++ object Common/src/libSU2Common.a.p/geometry_dual_grid_CTurboVertex.cpp.o
[33/302] Compiling C++ object Common/src/libSU2Common.a.p/geometry_primal_grid_CPrimalGridFEM.cpp.o
[34/302] Compiling C++ object Common/src/libSU2Common.a.p/geometry_meshreader_CBoxMeshReaderFEM.cpp.o
[35/302] Compiling C++ object Common/src/libSU2Common.a.p/geometry_meshreader_CBoxMeshReaderFVM.cpp.o
[36/302] Compiling C++ object Common/src/libSU2Common.a.p/geometry_meshreader_CCGNSMeshReaderBase.cpp.o
[37/302] Compiling C++ object Common/src/libSU2Common.a.p/geometry_meshreader_CCGNSMeshReaderFEM.cpp.o
[38/302] Compiling C++ object Common/src/libSU2Common.a.p/geometry_meshreader_CCGNSMeshReaderFVM.cpp.o
[39/302] Compiling C++ object Common/src/libSU2Common.a.p/geometry_meshreader_CDistributedMemoryMeshReaderFVM.cpp.o
[40/302] Compiling C++ object Common/src/libSU2Common.a.p/geometry_meshreader_CMemoryMeshReaderFVM.cpp.o
[41/302] Compiling C++ object Common/src/libSU2Common.a.p/geometry_meshreader_CMeshReaderBase.cpp.o
[42/302] Compiling C++ object Common/src/libSU2Common.a.p/geometry_meshreader_CRectangularMeshReaderFEM.cpp.o
[43/302] Compiling C++ object Common/src/libSU2Common.a.p/geometry_meshreader_CRectangularMeshReaderFVM.cpp.o
[44/302] Compiling C++ object Common/src/libSU2Common.a.p/geometry_meshreader_CSU2ASCIIMeshReaderBase.cpp.o
[45/302] Compiling C++ object Common/src/libSU2Common.a.p/geometry_meshreader_CSU2ASCIIMeshReaderFEM.cpp.o
[46/302] Compiling C++ object Common/src/libSU2Common.a.p/geometry_meshreader_CSU2ASCIIMeshReaderFVM.cpp.o
[47/302] Compiling C++ object Common/src/libSU2Common.a.p/geometry_meshreader_CSU2BinaryMeshReaderBase.cpp.o
[48/302] Compiling C++ object Common/src/libSU2Common.a.p/geometry_meshreader_CSU2BinaryMeshReaderFEM.cpp.o
[49/302] Compiling C++ object Common/src/libSU2Common.a.p/geometry_meshreader_CSU2BinaryMeshReaderFVM.cpp.o
[50/302] Compiling C++ object Common/src/libSU2Common.a.p/geometry_meshreader_CSU2MeshReaderBase.cpp.o
[51/302] Compiling C++ object Common/src/libSU2Common.a.p/interface_interpolation_CInterpolatorFactory.cpp.o
[52/302] Compiling C++ object Common/src/libSU2Common.a.p/interface_interpolation_CInterpolator.cpp.o
[53/302] Compiling C++ object Common/src/libSU2Common.a.p/interface_interpolation_CMirror.cpp.o
[54/302] Compiling C++ object Common/src/libSU2Common.a.p/interface_interpolation_CSlidingMesh.cpp.o
[55/302] Compiling C++ object Common/src/libSU2Common.a.p/interface_interpolation_CIsoparametric.cpp.o
[56/302] Compiling C++ object Common/src/libSU2Common.a.p/interface_interpolation_CNearestNeighbor.cpp.o
[57/302] Compiling C++ object Common/src/libSU2Common.a.p/interface_interpolation_CRadialBasisFunction.cpp.o
[58/302] Compiling C++ object Common/src/libSU2Common.a.p/interface_interpolation_CMixingPlane.cpp.o
[59/302] Compiling C++ object Common/src/libSU2Common.a.p/fem_fem_geometry_structure.cpp.o
[60/302] Compiling C++ object Common/src/libSU2Common.a.p/fem_fem_integration_rules.cpp.o
[61/302] Compiling C++ object Common/src/libSU2Common.a.p/fem_fem_work_estimate_metis.cpp.o
[62/302] Compiling C++ object Common/src/libSU2Common.a.p/fem_fem_standard_element.cpp.o
[63/302] Compiling C++ object Common/src/libSU2Common.a.p/fem_fem_wall_distance.cpp.o
[64/302] Compiling C++ object Common/src/libSU2Common.a.p/fem_fem_gauss_jacobi_quadrature.cpp.o
[65/302] Compiling C++ object Common/src/libSU2Common.a.p/grid_movement_CGridMovement.cpp.o
[66/302] Compiling C++ object Common/src/libSU2Common.a.p/grid_movement_CFreeFormDefBox.cpp.o
[67/302] Compiling C++ object Common/src/libSU2Common.a.p/grid_movement_CVolumetricMovement.cpp.o
[68/302] Compiling C++ object Common/src/libSU2Common.a.p/grid_movement_CSurfaceMovement.cpp.o
[69/302] Compiling C++ object Common/src/libSU2Common.a.p/grid_movement_CVolumetricMovementFactory.cpp.o
[70/302] Compiling C++ object Common/src/libSU2Common.a.p/grid_movement_CLinearElasticity.cpp.o
[71/302] Compiling C++ object Common/src/libSU2Common.a.p/grid_movement_CRadialBasisFunctionInterpolation.cpp.o
[72/302] Compiling C++ object Common/src/libSU2Common.a.p/adaptation_CMMGInterface.cpp.o
[73/302] Compiling C++ object Common/src/libSU2Common.a.p/adaptation_CMeshGather.cpp.o
[74/302] Compiling C++ object Common/src/libSU2Common.a.p/adaptation_CReaderSlices.cpp.o
[75/302] Compiling C++ object Common/src/libSU2Common.a.p/adaptation_CDistributedSearch.cpp.o
[76/302] Compiling C++ object Common/src/libSU2Common.a.p/adaptation_CNativeRemesher.cpp.o
[77/302] Compiling C++ object SU2_CFD/src/libSU2core.a.p/definition_structure.cpp.o
[78/302] Compiling C++ object SU2_CFD/src/libSU2core.a.p/python_wrapper_structure.cpp.o
[79/302] Compiling C++ object SU2_CFD/src/libSU2core.a.p/CMarkerProfileReaderFVM.cpp.o
[80/302] Compiling C++ object SU2_CFD/src/libSU2core.a.p/fluid_CFluidModel.cpp.o
[81/302] Compiling C++ object SU2_CFD/src/libSU2core.a.p/fluid_CIdealGas.cpp.o
[82/302] Compiling C++ object SU2_CFD/src/libSU2core.a.p/fluid_CFluidScalar.cpp.o
[83/302] Compiling C++ object SU2_CFD/src/libSU2core.a.p/fluid_CFluidFlamelet.cpp.o
[84/302] Compiling C++ object SU2_CFD/src/libSU2core.a.p/fluid_CPengRobinson.cpp.o
[85/302] Compiling C++ object SU2_CFD/src/libSU2core.a.p/fluid_CVanDerWaalsGas.cpp.o
[86/302] Compiling C++ object SU2_CFD/src/libSU2core.a.p/fluid_CCoolProp.cpp.o
[87/302] Compiling C++ object SU2_CFD/src/libSU2core.a.p/fluid_CNEMOGas.cpp.o
[88/302] Compiling C++ object SU2_CFD/src/libSU2core.a.p/fluid_CSU2TCLib.cpp.o
[89/302] Compiling C++ object SU2_CFD/src/libSU2core.a.p/fluid_CDataDrivenFluid.cpp.o
[90/302] Compiling C++ object SU2_CFD/src/libSU2core.a.p/output_COutputFactory.cpp.o
[91/302] Compiling C++ object SU2_CFD/src/libSU2core.a.p/output_CAdjElasticityOutput.cpp.o
[92/302] Compiling C++ object SU2_CFD/src/libSU2core.a.p/output_CAdjFlowOutput.cpp.o
[93/302] Compiling C++ object SU2_CFD/src/libSU2core.a.p/output_CAdjFlowCompOutput.cpp.o
[94/302] Compiling C++ object SU2_CFD/src/libSU2core.a.p/output_CAdjFlowIncOutput.cpp.o
[95/302] Compiling C++ object SU2_CFD/src/libSU2core.a.p/output_CAdjHeatOutput.cpp.o
[96/302] Compiling C++ object SU2_CFD/src/libSU2core.a.p/output_CBaselineOutput.cpp.o
[97/302] Compiling C++ object SU2_CFD/src/libSU2core.a.p/output_CMultizoneOutput.cpp.o
[98/302] Compiling C++ object SU2_CFD/src/libSU2core.a.p/output_CElasticityOutput.cpp.o
[99/302] Compiling C++ object SU2_CFD/src/libSU2core.a.p/output_CFlowCompOutput.cpp.o
[100/302] Compiling C++ object SU2_CFD/src/libSU2core.a.p/output_CFlowCompFEMOutput.cpp.o
[101/302] Compiling C++ object SU2_CFD/src/libSU2core.a.p/output_CFVMOutput.cpp.o
[102/302] Compiling C++ object SU2_CFD/src/libSU2core.a.p/output_CFlowOutput.cpp.o
[103/302] Compiling C++ object SU2_CFD/src/libSU2core.a.p/output_CFlowIncOutput.cpp.o
[104/302] Compiling C++ object SU2_CFD/src/libSU2core.a.p/output_CHeatOutput.cpp.o
[105/302] Compiling C++ object SU2_CFD/src/libSU2core.a.p/output_CMeshOutput.cpp.o
[106/302] Compiling C++ object SU2_CFD/src/libSU2core.a.p/output_CNEMOCompOutput.cpp.o
[107/302] Compiling C++ object SU2_CFD/src/libSU2core.a.p/output_CTurboOutput.cpp.o
[108/302] Compiling C++ object SU2_CFD/src/libSU2core.a.p/output_COutput.cpp.o
[109/302] Compiling C++ object SU2_CFD/src/libSU2core.a.p/output_filewriter_CFVMDataSorter.cpp.o
[110/302] Compiling C++ object SU2_CFD/src/libSU2core.a.p/output_filewriter_CFEMDataSorter.cpp.o
[111/302] Compiling C++ object SU2_CFD/src/libSU2core.a.p/output_filewriter_CSurfaceFEMDataSorter.cpp.o
[112/302] Compiling C++ object SU2_CFD/src/libSU2core.a.p/output_filewriter_CSurfaceFVMDataSorter.cpp.o
[113/302] Compiling C++ object SU2_CFD/src/libSU2core.a.p/output_filewriter_CParaviewVTMFileWriter.cpp.o
[114/302] Compiling C++ object SU2_CFD/src/libSU2core.a.p/output_filewriter_CCGNSFileWriter.cpp.o
[115/302] Compiling C++ object SU2_CFD/src/libSU2core.a.p/variables_CIncNSVariable.cpp.o
[116/302] Compiling C++ object SU2_CFD/src/libSU2core.a.p/variables_CTransLMVariable.cpp.o
[117/302] Compiling C++ object SU2_CFD/src/libSU2core.a.p/variables_CAdjEulerVariable.cpp.o
[118/302] Compiling C++ object SU2_CFD/src/libSU2core.a.p/variables_CHeatVariable.cpp.o
[119/302] Compiling C++ object SU2_CFD/src/libSU2core.a.p/variables_CTurbVariable.cpp.o
[120/302] Compiling C++ object SU2_CFD/src/libSU2core.a.p/variables_CScalarVariable.cpp.o
[121/302] Compiling C++ object SU2_CFD/src/libSU2core.a.p/variables_CSpeciesVariable.cpp.o
[122/302] Compiling C++ object SU2_CFD/src/libSU2core.a.p/variables_CSpeciesFlameletVariable.cpp.o
[123/302] Compiling C++ object SU2_CFD/src/libSU2core.a.p/variables_CAdjNSVariable.cpp.o
[124/302] Compiling C++ object SU2_CFD/src/libSU2core.a.p/variables_CBaselineVariable.cpp.o
[125/302] Compiling C++ object SU2_CFD/src/libSU2core.a.p/variables_CDiscAdjFEABoundVariable.cpp.o
[126/302] Compiling C++ object SU2_CFD/src/libSU2core.a.p/variables_CDiscAdjMeshBoundVariable.cpp.o
[127/302] Compiling C++ object SU2_CFD/src/libSU2core.a.p/variables_CFEABoundVariable.cpp.o
[128/302] Compiling C++ object SU2_CFD/src/libSU2core.a.p/variables_CDiscAdjVariable.cpp.o
[129/302] Compiling C++ object SU2_CFD/src/libSU2core.a.p/variables_CTurbSAVariable.cpp.o
[130/302] Compiling C++ object SU2_CFD/src/libSU2core.a.p/variables_CFEAVariable.cpp.o
[131/302] Compiling C++ object SU2_CFD/src/libSU2core.a.p/variables_CMeshVariable.cpp.o
[132/302] Compiling C++ object SU2_CFD/src/libSU2core.a.p/variables_CMeshBoundVariable.cpp.o
[133/302] Compiling C++ object SU2_CFD/src/libSU2core.a.p/variables_CMeshElement.cpp.o
[134/302] Compiling C++ object SU2_CFD/src/libSU2core.a.p/variables_CRadVariable.cpp.o
[135/302] Compiling C++ object SU2_CFD/src/libSU2core.a.p/variables_CRadP1Variable.cpp.o
[136/302] Compiling C++ object SU2_CFD/src/libSU2core.a.p/variables_CTurbSSTVariable.cpp.o
[137/302] Compiling C++ object SU2_CFD/src/libSU2core.a.p/variables_CVariable.cpp.o
[138/302] Compiling C++ object SU2_CFD/src/libSU2core.a.p/variables_CNSVariable.cpp.o
[139/302] Compiling C++ object SU2_CFD/src/libSU2core.a.p/variables_CAdjTurbVariable.cpp.o
[140/302] Compiling C++ object SU2_CFD/src/libSU2core.a.p/variables_CFlowVariable.cpp.o
[141/302] Compiling C++ object SU2_CFD/src/libSU2core.a.p/variables_CIncEulerVariable.cpp.o
[142/302] Compiling C++ object SU2_CFD/src/libSU2core.a.p/variables_CPoissonVariable.cpp.o
[143/302] Compiling C++ object SU2_CFD/src/libSU2core.a.p/variables_CEulerVariable.cpp.o
[144/302] Compiling C++ object SU2_CFD/src/libSU2core.a.p/variables_CNEMOEulerVariable.cpp.o
[145/302] Compiling C++ object SU2_CFD/src/libSU2core.a.p/variables_CNEMONSVariable.cpp.o
[146/302] Compiling C++ object SU2_CFD/src/libSU2core.a.p/variables_CSobolevSmoothingVariable.cpp.o
[147/302] Compiling C++ object SU2_CFD/src/libSU2core.a.p/solvers_CSolverFactory.cpp.o
[148/302] Compiling C++ object SU2_CFD/src/libSU2core.a.p/solvers_CAdjEulerSolver.cpp.o
[149/302] Compiling C++ object SU2_CFD/src/libSU2core.a.p/solvers_CAdjNSSolver.cpp.o
[150/302] Compiling C++ object SU2_CFD/src/libSU2core.a.p/solvers_CAdjTurbSolver.cpp.o
[151/302] Compiling C++ object SU2_CFD/src/libSU2core.a.p/solvers_CBaselineSolver.cpp.o
[152/302] Compiling C++ object SU2_CFD/src/libSU2core.a.p/solvers_CBaselineSolver_FEM.cpp.o
[153/302] Compiling C++ object SU2_CFD/src/libSU2core.a.p/solvers_CDiscAdjFEASolver.cpp.o
[154/302] Compiling C++ object SU2_CFD/src/libSU2core.a.p/solvers_CDiscAdjMeshSolver.cpp.o
[155/302] Compiling C++ object SU2_CFD/src/libSU2core.a.p/solvers_CRadSolver.cpp.o
[156/302] Compiling C++ object SU2_CFD/src/libSU2core.a.p/solvers_CRadP1Solver.cpp.o
[157/302] Compiling C++ object SU2_CFD/src/libSU2core.a.p/solvers_CDiscAdjSolver.cpp.o
[158/302] Compiling C++ object SU2_CFD/src/libSU2core.a.p/solvers_CEulerSolver.cpp.o
[159/302] Compiling C++ object SU2_CFD/src/libSU2core.a.p/solvers_CFEASolver.cpp.o
[160/302] Compiling C++ object SU2_CFD/src/libSU2core.a.p/solvers_CFEM_DG_EulerSolver.cpp.o
[161/302] Compiling C++ object SU2_CFD/src/libSU2core.a.p/solvers_CFEM_DG_NSSolver.cpp.o
[162/302] Compiling C++ object SU2_CFD/src/libSU2core.a.p/solvers_CHeatSolver.cpp.o
[163/302] Compiling C++ object SU2_CFD/src/libSU2core.a.p/solvers_CIncEulerSolver.cpp.o
[164/302] Compiling C++ object SU2_CFD/src/libSU2core.a.p/solvers_CIncNSSolver.cpp.o
[165/302] Compiling C++ object SU2_CFD/src/libSU2core.a.p/solvers_CPoissonSolver.cpp.o
[166/302] Compiling C++ object SU2_CFD/src/libSU2core.a.p/solvers_CMeshSolver.cpp.o
[167/302] Compiling C++ object SU2_CFD/src/libSU2core.a.p/solvers_CNEMOEulerSolver.cpp.o
[168/302] Compiling C++ object SU2_CFD/src/libSU2core.a.p/solvers_CNEMONSSolver.cpp.o
[169/302] Compiling C++ object SU2_CFD/src/libSU2core.a.p/solvers_CNSSolver.cpp.o
[170/302] Compiling C++ object SU2_CFD/src/libSU2core.a.p/solvers_CSolver.cpp.o
[171/302] Compiling C++ object SU2_CFD/src/libSU2core.a.p/solvers_CTemplateSolver.cpp.o
[172/302] Compiling C++ object SU2_CFD/src/libSU2core.a.p/solvers_CSpeciesSolver.cpp.o
[173/302] Compiling C++ object SU2_CFD/src/libSU2core.a.p/solvers_CSpeciesFlameletSolver.cpp.o
[174/302] Compiling C++ object SU2_CFD/src/libSU2core.a.p/solvers_CTransLMSolver.cpp.o
[175/302] Compiling C++ object SU2_CFD/src/libSU2core.a.p/solvers_CTurbSolver.cpp.o
[176/302] Compiling C++ object SU2_CFD/src/libSU2core.a.p/solvers_CTurbSASolver.cpp.o
[177/302] Compiling C++ object SU2_CFD/src/libSU2core.a.p/solvers_CTurbSSTSolver.cpp.o
[178/302] Compiling C++ object SU2_CFD/src/libSU2core.a.p/solvers_CFEASolverBase.cpp.o
[179/302] Compiling C++ object SU2_CFD/src/libSU2core.a.p/solvers_CGradientSmoothingSolver.cpp.o
[180/302] Compiling C++ object SU2_CFD/src/libSU2core.a.p/numerics_CNumerics.cpp.o
[181/302] Compiling C++ object SU2_CFD/src/libSU2core.a.p/numerics_template.cpp.o
[182/302] Compiling C++ object SU2_CFD/src/libSU2core.a.p/numerics_radiation.cpp.o
[183/302] Compiling C++ object SU2_CFD/src/libSU2core.a.p/numerics_flow_convection_roe.cpp.o
[184/302] Compiling C++ object SU2_CFD/src/libSU2core.a.p/numerics_flow_convection_fds.cpp.o
[185/302] Compiling C++ object SU2_CFD/src/libSU2core.a.p/numerics_flow_convection_fvs.cpp.o
[186/302] Compiling C++ object SU2_CFD/src/libSU2core.a.p/numerics_flow_convection_hllc.cpp.o
[187/302] Compiling C++ object SU2_CFD/src/libSU2core.a.p/numerics_flow_convection_ausm_slau.cpp.o
[188/302] Compiling C++ object SU2_CFD/src/libSU2core.a.p/numerics_flow_convection_centered.cpp.o
[189/302] Compiling C++ object SU2_CFD/src/libSU2core.a.p/numerics_flow_convection_pressure_based.cpp.o
[190/302] Compiling C++ object SU2_CFD/src/libSU2core.a.p/numerics_flow_flow_diffusion.cpp.o
[191/302] Compiling C++ object SU2_CFD/src/libSU2core.a.p/numerics_flow_flow_sources.cpp.o
[192/302] Compiling C++ object SU2_CFD/src/libSU2core.a.p/numerics_NEMO_CNEMONumerics.cpp.o
[193/302] Compiling C++ object SU2_CFD/src/libSU2core.a.p/numerics_NEMO_convection_lax.cpp.o
[194/302] Compiling C++ object SU2_CFD/src/libSU2core.a.p/numerics_NEMO_convection_roe.cpp.o
[195/302] Compiling C++ object SU2_CFD/src/libSU2core.a.p/numerics_NEMO_convection_ausm_slau.cpp.o
[196/302] Compiling C++ object SU2_CFD/src/libSU2core.a.p/numerics_NEMO_convection_msw.cpp.o
[197/302] Compiling C++ object SU2_CFD/src/libSU2core.a.p/numerics_NEMO_NEMO_diffusion.cpp.o
[198/302] Compiling C++ object SU2_CFD/src/libSU2core.a.p/numerics_NEMO_NEMO_sources.cpp.o
[199/302] Compiling C++ object SU2_CFD/src/libSU2core.a.p/numerics_continuous_adjoint_adj_convection.cpp.o
[200/302] Compiling C++ object SU2_CFD/src/libSU2core.a.p/numerics_continuous_adjoint_adj_diffusion.cpp.o
[201/302] Compiling C++ object SU2_CFD/src/libSU2core.a.p/numerics_continuous_adjoint_adj_sources.cpp.o
[202/302] Compiling C++ object SU2_CFD/src/libSU2core.a.p/numerics_scalar_scalar_sources.cpp.o
[203/302] Compiling C++ object SU2_CFD/src/libSU2core.a.p/numerics_species_species_sources.cpp.o
[204/302] Compiling C++ object SU2_CFD/src/libSU2core.a.p/numerics_elasticity_CFEAElasticity.cpp.o
[205/302] Compiling C++ object SU2_CFD/src/libSU2core.a.p/numerics_elasticity_CFEALinearElasticity.cpp.o
[206/302] Compiling C++ object SU2_CFD/src/libSU2core.a.p/numerics_elasticity_CFEANonlinearElasticity.cpp.o
[207/302] Compiling C++ object SU2_CFD/src/libSU2core.a.p/numerics_elasticity_nonlinear_models.cpp.o
[208/302] Compiling C++ object SU2_CFD/src/libSU2core.a.p/numerics_CGradSmoothing.cpp.o
[209/302] Compiling C++ object SU2_CFD/src/libSU2core.a.p/.._include_numerics_simd_CNumericsSIMD.cpp.o
[210/302] Compiling C++ object SU2_CFD/src/libSU2core.a.p/interfaces_CInterface.cpp.o
[211/302] Compiling C++ object SU2_CFD/src/libSU2core.a.p/interfaces_cfd_CConservativeVarsInterface.cpp.o
[212/302] Compiling C++ object SU2_CFD/src/libSU2core.a.p/interfaces_cfd_CMixingPlaneInterface.cpp.o
[213/302] Compiling C++ object SU2_CFD/src/libSU2core.a.p/interfaces_cfd_CSlidingInterface.cpp.o
[214/302] Compiling C++ object SU2_CFD/src/libSU2core.a.p/interfaces_cht_CConjugateHeatInterface.cpp.o
[215/302] Compiling C++ object SU2_CFD/src/libSU2core.a.p/interfaces_fsi_CDisplacementsInterface.cpp.o
[216/302] Compiling C++ object SU2_CFD/src/libSU2core.a.p/interfaces_fsi_CFlowTractionInterface.cpp.o
[217/302] Compiling C++ object SU2_CFD/src/libSU2core.a.p/interfaces_fsi_CDiscAdjFlowTractionInterface.cpp.o
[218/302] Compiling C++ object SU2_CFD/src/libSU2core.a.p/drivers_CDriver.cpp.o
[219/302] Compiling C++ object SU2_CFD/src/libSU2core.a.p/drivers_CMultizoneDriver.cpp.o
[220/302] Compiling C++ object SU2_CFD/src/libSU2core.a.p/drivers_CSinglezoneDriver.cpp.o
[221/302] Compiling C++ object SU2_CFD/src/libSU2core.a.p/drivers_CDiscAdjMultizoneDriver.cpp.o
[222/302] Compiling C++ object SU2_CFD/src/libSU2core.a.p/drivers_CDiscAdjSinglezoneDriver.cpp.o
[223/302] Compiling C++ object SU2_CFD/src/libSU2core.a.p/drivers_CDummyDriver.cpp.o
[224/302] Compiling C++ object SU2_CFD/src/libSU2core.a.p/drivers_CDriverBase.cpp.o
[225/302] Compiling C++ object SU2_CFD/src/libSU2core.a.p/adaptation_CAdapSensors.cpp.o
[226/302] Compiling C++ object SU2_CFD/src/libSU2core.a.p/adaptation_CGoalMetric.cpp.o
[227/302] Compiling C++ object SU2_CFD/src/libSU2core.a.p/adaptation_CSolutionTransfer.cpp.o
[228/302] Compiling C++ object SU2_CFD/src/libSU2core.a.p/adaptation_CBarycentricTransfer.cpp.o
[229/302] Compiling C++ object SU2_CFD/src/libSU2core.a.p/adaptation_CAdjointTransfer.cpp.o
[230/302] Compiling C++ object SU2_CFD/src/libSU2core.a.p/adaptation_CConservativeTransfer.cpp.o
[231/302] Compiling C++ object SU2_CFD/src/libSU2core.a.p/adaptation_CBoundaryLayerMetric.cpp.o
[232/302] Compiling C++ object SU2_CFD/src/libSU2core.a.p/adaptation_CMetricPredictor.cpp.o
[233/302] Compiling C++ object SU2_CFD/src/libSU2core.a.p/adaptation_CTransferAdmissibility.cpp.o
[234/302] Compiling C++ object SU2_CFD/src/libSU2core.a.p/adaptation_CDistributedLocator.cpp.o
[235/302] Compiling C++ object SU2_CFD/src/libSU2core.a.p/adaptation_ConservativeKernels.cpp.o
[236/302] Compiling C++ object SU2_CFD/src/libSU2core.a.p/adaptation_CDistributedProjection.cpp.o
[237/302] Compiling C++ object SU2_CFD/src/libSU2core.a.p/adaptation_CBoundaryLayerRemesher.cpp.o
[238/302] Compiling C++ object SU2_CFD/src/libSU2core.a.p/integration_CIntegration.cpp.o
[239/302] Compiling C++ object SU2_CFD/src/libSU2core.a.p/integration_CIntegrationFactory.cpp.o
[240/302] Compiling C++ object SU2_CFD/src/libSU2core.a.p/integration_CSingleGridIntegration.cpp.o
[241/302] Compiling C++ object SU2_CFD/src/libSU2core.a.p/integration_CMultiGridIntegration.cpp.o
[242/302] Compiling C++ object SU2_CFD/src/libSU2core.a.p/integration_CNewtonIntegration.cpp.o
[243/302] Compiling C++ object SU2_CFD/src/libSU2core.a.p/integration_CStructuralIntegration.cpp.o
[244/302] Compiling C++ object SU2_CFD/src/libSU2core.a.p/integration_CFEM_DG_Integration.cpp.o
[245/302] Compiling C++ object SU2_CFD/src/libSU2core.a.p/iteration_CIteration.cpp.o
[246/302] Compiling C++ object SU2_CFD/src/libSU2core.a.p/iteration_CIterationFactory.cpp.o
[247/302] Compiling C++ object SU2_CFD/src/libSU2core.a.p/iteration_CAdjFluidIteration.cpp.o
[248/302] Compiling C++ object SU2_CFD/src/libSU2core.a.p/iteration_CDiscAdjFluidIteration.cpp.o
[249/302] Compiling C++ object SU2_CFD/src/libSU2core.a.p/iteration_CDiscAdjHeatIteration.cpp.o
[250/302] Compiling C++ object SU2_CFD/src/libSU2core.a.p/iteration_CDiscAdjFEAIteration.cpp.o
[251/302] Compiling C++ object SU2_CFD/src/libSU2core.a.p/iteration_CFEAIteration.cpp.o
[252/302] Compiling C++ object SU2_CFD/src/libSU2core.a.p/iteration_CFEMFluidIteration.cpp.o
[253/302] Compiling C++ object SU2_CFD/src/libSU2core.a.p/iteration_CFluidIteration.cpp.o
[254/302] Compiling C++ object SU2_CFD/src/libSU2core.a.p/iteration_CPBFluidIteration.cpp.o
[255/302] Compiling C++ object SU2_CFD/src/libSU2core.a.p/iteration_CHeatIteration.cpp.o
[256/302] Compiling C++ object SU2_CFD/src/libSU2core.a.p/iteration_CTurboIteration.cpp.o
[257/302] Compiling C++ object SU2_CFD/src/libSU2core.a.p/limiters_CLimiterDetails.cpp.o
[258/302] Linking static target Common/src/libSU2Common.a
[259/302] Linking static target SU2_CFD/src/libSU2core.a
[260/302] Compiling C++ object SU2_CFD/src/SU2_CFD.p/SU2_CFD.cpp.o
[261/302] Compiling C++ object UnitTests/test_driver.p/SU2_CFD_adaptation_CAdapSensors_tests.cpp.o
[262/302] Compiling C++ object UnitTests/test_driver.p/SU2_CFD_adaptation_GoalMetric_tests.cpp.o
[263/302] Compiling C++ object UnitTests/test_driver.p/Common_CConfig_tests.cpp.o
[264/302] Compiling C++ object UnitTests/test_driver.p/Common_geometry_dual_grid_CDualGrid_tests.cpp.o
[265/302] Compiling C++ object UnitTests/test_driver.p/Common_geometry_CGeometry_test.cpp.o
[266/302] Compiling C++ object UnitTests/test_driver.p/Common_geometry_CMemoryMeshReaderFVM_tests.cpp.o
[267/302] Compiling C++ object UnitTests/test_driver.p/Common_containers_CLookupTable_tests.cpp.o
[268/302] Compiling C++ object UnitTests/test_driver.p/Common_toolboxes_multilayer_perceptron_CLookUp_ANN_tests.cpp.o
[269/302] Compiling C++ object UnitTests/test_driver.p/SU2_CFD_numerics_CNumerics_tests.cpp.o
[270/302] Compiling C++ object UnitTests/test_driver.p/SU2_CFD_fluid_CFluidModel_tests.cpp.o
[271/302] Compiling C++ object UnitTests/test_driver.p/SU2_CFD_output_CNEMOCompOutput_tests.cpp.o
[272/302] Compiling C++ object UnitTests/test_driver.p/SU2_CFD_output_COutput_convergence_tests.cpp.o
[273/302] Compiling C++ object UnitTests/test_driver.p/SU2_CFD_gradients.cpp.o
[274/302] Compiling C++ object UnitTests/test_driver.p/SU2_CFD_solvers_CNEMOEulerSolver_tests.cpp.o
[275/302] Compiling C++ object UnitTests/test_driver.p/SU2_CFD_nemo_viscous_assembly.cpp.o
[276/302] Compiling C++ object UnitTests/test_driver.p/SU2_CFD_windowing.cpp.o
[277/302] Compiling C++ object UnitTests/test_driver.p/SU2_CFD_drivers_CDriver_tests.cpp.o
[278/302] Compiling C++ object UnitTests/test_driver.p/SU2_CFD_drivers_CSinglezoneDriver_tests.cpp.o
[279/302] Compiling C++ object UnitTests/test_driver.p/SU2_CFD_adaptation_CBarycentricTransfer_tests.cpp.o
[280/302] Compiling C++ object UnitTests/test_driver.p/SU2_CFD_adaptation_AdjointTransfer_tests.cpp.o
[281/302] Compiling C++ object UnitTests/test_driver.p/SU2_CFD_adaptation_CConservativeTransfer_tests.cpp.o
[282/302] Compiling C++ object UnitTests/test_driver.p/SU2_CFD_adaptation_CornerMetric_tests.cpp.o
[283/302] Compiling C++ object UnitTests/test_driver.p/SU2_CFD_adaptation_BoundaryLayerMetric_tests.cpp.o
[284/302] Compiling C++ object UnitTests/test_driver.p/SU2_CFD_adaptation_BoundaryLayerTwoPass_tests.cpp.o
[285/302] Compiling C++ object UnitTests/test_driver.p/SU2_CFD_adaptation_CMetricPredictor_tests.cpp.o
[286/302] Compiling C++ object UnitTests/test_driver.p/SU2_CFD_adaptation_AdaptationMPI_tests.cpp.o
[287/302] Compiling C++ object UnitTests/test_driver.p/SU2_CFD_adaptation_CNativeImport2D_tests.cpp.o
[288/302] Compiling C++ object UnitTests/test_driver.p/SU2_CFD_adaptation_CNativeRemesher_tests.cpp.o
[289/302] Compiling C++ object UnitTests/test_driver.p/SU2_CFD_adaptation_CNativeBL2D_tests.cpp.o
[290/302] Compiling C++ object UnitTests/test_driver.p/SU2_CFD_adaptation_CNativeCGNS2D_tests.cpp.o
[291/302] Compiling C++ object UnitTests/test_driver.p/SU2_CFD_adaptation_CNativeAirfoil2D_tests.cpp.o
[292/302] Compiling C++ object UnitTests/test_driver.p/SU2_CFD_adaptation_CNativeSupport2D_tests.cpp.o
[293/302] Compiling C++ object UnitTests/test_driver.p/SU2_CFD_adaptation_DistributedTransfer_tests.cpp.o
[294/302] Compiling C++ object UnitTests/test_driver.p/SU2_CFD_output_CMeshOutput_tests.cpp.o
[295/302] Compiling C++ object UnitTests/test_driver.p/Common_adaptation_CMMGInterface_tests.cpp.o
[296/302] Compiling C++ object UnitTests/test_driver.p/Common_adaptation_AdaptationLoopOptions_tests.cpp.o
[297/302] Compiling C++ object UnitTests/test_driver.p/Common_parallelization_CPassiveComm_tests.cpp.o
[298/302] Compiling C++ object UnitTests/test_driver.p/Common_adaptation_DistributedSearch_tests.cpp.o
[299/302] Compiling C++ object UnitTests/test_driver.p/Common_linear_algebra_quantization_tests.cpp.o
[300/302] Compiling C++ object UnitTests/test_driver.p/Common_linear_algebra_edge_residual_blocks_tests.cpp.o
[301/302] Linking target SU2_CFD/src/SU2_CFD
[302/302] Linking target UnitTests/test_driver
