Filters: [NativeDistributed3D],[NativeMesh3D]
DIRECTORY discovery rank=0 ranks=1 builds=2 lookups=6 fetches=3 reservations=0 publications=0 rejected=4 scanned=18 payloads=14 elections=54 max_dependencies=6 resident_bytes=5664 max_directory_work_bytes=44752 max_exchange_work_bytes=15504 bytes_sent=7504 collective_calls=45 build_s=4.1955e-05 lookup_s=4.5299e-05 fetch_s=4.3044e-05 reserve_s=0 publish_s=0 election_nested_s=8.059e-06 world_transport_partial_s=1.044e-05
DIRECTORY conflict rank=0 ranks=1 builds=1 lookups=1 fetches=1 reservations=1 publications=0 rejected=0 scanned=6 payloads=6 elections=23 max_dependencies=6 resident_bytes=5664 max_directory_work_bytes=18304 max_exchange_work_bytes=15504 bytes_sent=5064 collective_calls=22 build_s=3.7426e-05 lookup_s=9.691e-06 fetch_s=1.8956e-05 reserve_s=1.0568e-05 publish_s=0 election_nested_s=1.642e-06 world_transport_partial_s=5.929e-06
MESH coupled_initial 0 17 0 0 0 0 6 1 1 1 1 1 0 0 2 1 1 0 1 6 1 0 0 0 0 0
MESH coupled_initial 1 18 0 0 0 0 6 1 1 1 2 1 1 0 3 0 1 0 1 8 1 2 0 0 0 0
MESH coupled_initial 2 19 0 0 0 0 6 1 1 1 3 0 1 0 7 0 1 1 1 9 1 3 0 0 0 0
MESH coupled_initial 3 20 0 0 0 0 6 1 1 1 7 0 1 1 4 0 0 1 1 11 1 5 0 0 0 0
MESH coupled_initial 4 21 0 0 0 0 6 1 1 1 4 0 0 1 5 1 0 1 1 10 1 4 0 0 0 0
MESH coupled_initial 5 22 0 0 0 0 6 1 1 1 5 1 0 1 1 1 0 0 1 7 1 1 0 0 0 0
MESH coupled_refined 100 117 0 0 0 0 8 0.5 0.5 0.5 1 1 0 0 2 1 1 0 0 0 1 0 0 0 0 0
MESH coupled_refined 101 118 8 0.5 0.5 0.5 6 1 1 1 1 1 0 0 2 1 1 0 1 6 0 0 0 0 0 0
MESH coupled_refined 102 119 0 0 0 0 8 0.5 0.5 0.5 2 1 1 0 3 0 1 0 0 0 1 2 0 0 0 0
MESH coupled_refined 103 120 8 0.5 0.5 0.5 6 1 1 1 2 1 1 0 3 0 1 0 1 8 0 0 0 0 0 0
MESH coupled_refined 104 121 0 0 0 0 8 0.5 0.5 0.5 3 0 1 0 7 0 1 1 0 0 1 3 0 0 0 0
MESH coupled_refined 105 122 8 0.5 0.5 0.5 6 1 1 1 3 0 1 0 7 0 1 1 1 9 0 0 0 0 0 0
MESH coupled_refined 106 123 0 0 0 0 8 0.5 0.5 0.5 7 0 1 1 4 0 0 1 0 0 1 5 0 0 0 0
MESH coupled_refined 107 124 8 0.5 0.5 0.5 6 1 1 1 7 0 1 1 4 0 0 1 1 11 0 0 0 0 0 0
MESH coupled_refined 108 125 0 0 0 0 8 0.5 0.5 0.5 4 0 0 1 5 1 0 1 0 0 1 4 0 0 0 0
MESH coupled_refined 109 126 8 0.5 0.5 0.5 6 1 1 1 4 0 0 1 5 1 0 1 1 10 0 0 0 0 0 0
MESH coupled_refined 110 127 0 0 0 0 8 0.5 0.5 0.5 5 1 0 1 1 1 0 0 0 0 1 1 0 0 0 0
MESH coupled_refined 111 128 8 0.5 0.5 0.5 6 1 1 1 5 1 0 1 1 1 0 0 1 7 0 0 0 0 0 0
MESH coupled_coarsened 200 217 0 0 0 0 6 1 1 1 1 1 0 0 2 1 1 0 1 6 1 0 0 0 0 0
MESH coupled_coarsened 201 218 6 1 1 1 0 0 0 0 1 1 0 0 5 1 0 1 1 1 1 7 0 0 0 0
MESH coupled_coarsened 202 219 0 0 0 0 6 1 1 1 2 1 1 0 3 0 1 0 1 8 1 2 0 0 0 0
MESH coupled_coarsened 203 220 0 0 0 0 6 1 1 1 3 0 1 0 7 0 1 1 1 9 1 3 0 0 0 0
MESH coupled_coarsened 204 221 0 0 0 0 6 1 1 1 4 0 0 1 5 1 0 1 1 10 1 4 0 0 0 0
MESH coupled_coarsened 205 222 6 1 1 1 0 0 0 0 4 0 0 1 7 0 1 1 1 5 1 11 0 0 0 0
DIRECTORY coupled rank=0 ranks=1 builds=1 lookups=4 fetches=2 reservations=2 publications=2 rejected=1 scanned=30 payloads=18 elections=65 max_dependencies=12 resident_bytes=5664 max_directory_work_bytes=71584 max_exchange_work_bytes=320712 bytes_sent=60048 collective_calls=106 build_s=4.5143e-05 lookup_s=5.2924e-05 fetch_s=5.0229e-05 reserve_s=1.6185e-05 publish_s=0.000224664 election_nested_s=6.018e-06 world_transport_partial_s=3.8918e-05
DIRECTORY rollback rank=0 ranks=1 builds=1 lookups=3 fetches=3 reservations=1 publications=0 rejected=10 scanned=6 payloads=6 elections=47 max_dependencies=6 resident_bytes=5664 max_directory_work_bytes=18446744073709551615 max_exchange_work_bytes=15504 bytes_sent=8504 collective_calls=27 build_s=3.6244e-05 lookup_s=1.0327e-05 fetch_s=4.006e-05 reserve_s=5.23e-07 publish_s=4.4185e-05 election_nested_s=5.542e-06 world_transport_partial_s=6.286e-06
DIRECTORY overbudget rank=0 ranks=1 builds=1 lookups=1 fetches=0 reservations=0 publications=0 rejected=1 scanned=65 payloads=0 elections=13 max_dependencies=0 resident_bytes=59472 max_directory_work_bytes=182544 max_exchange_work_bytes=184368 bytes_sent=33888 collective_calls=9 build_s=0.000309722 lookup_s=1.2151e-05 fetch_s=0 reserve_s=0 publish_s=0 election_nested_s=1.425e-06 world_transport_partial_s=4.338e-06
DIRECTORY subset rank=0 ranks=1 builds=1 lookups=1 fetches=1 reservations=1 publications=1 rejected=0 scanned=6 payloads=6 elections=30 max_dependencies=6 resident_bytes=10656 max_directory_work_bytes=61888 max_exchange_work_bytes=305744 bytes_sent=25896 collective_calls=44 build_s=3.4774e-05 lookup_s=9.58e-06 fetch_s=1.7881e-05 reserve_s=7.579e-06 publish_s=0.000113886 election_nested_s=1.823e-06 world_transport_partial_s=2.2225e-05
MESH returned_m1 100 117 0 0 0 0 8 0.5 0.5 0.5 1 1 0 0 2 1 1 0 0 0 1 0 0 0 0 0
MESH returned_m1 101 118 8 0.5 0.5 0.5 6 1 1 1 1 1 0 0 2 1 1 0 1 6 0 0 0 0 0 0
MESH returned_m1 102 119 0 0 0 0 8 0.5 0.5 0.5 2 1 1 0 3 0 1 0 0 0 1 2 0 0 0 0
MESH returned_m1 103 120 8 0.5 0.5 0.5 6 1 1 1 2 1 1 0 3 0 1 0 1 8 0 0 0 0 0 0
MESH returned_m1 104 121 0 0 0 0 8 0.5 0.5 0.5 3 0 1 0 7 0 1 1 0 0 1 3 0 0 0 0
MESH returned_m1 105 122 8 0.5 0.5 0.5 6 1 1 1 3 0 1 0 7 0 1 1 1 9 0 0 0 0 0 0
MESH returned_m1 106 123 0 0 0 0 8 0.5 0.5 0.5 7 0 1 1 4 0 0 1 0 0 1 5 0 0 0 0
MESH returned_m1 107 124 8 0.5 0.5 0.5 6 1 1 1 7 0 1 1 4 0 0 1 1 11 0 0 0 0 0 0
MESH returned_m1 108 125 0 0 0 0 8 0.5 0.5 0.5 4 0 0 1 5 1 0 1 0 0 1 4 0 0 0 0
MESH returned_m1 109 126 8 0.5 0.5 0.5 6 1 1 1 4 0 0 1 5 1 0 1 1 10 0 0 0 0 0 0
MESH returned_m1 110 127 0 0 0 0 8 0.5 0.5 0.5 5 1 0 1 1 1 0 0 0 0 1 1 0 0 0 0
MESH returned_m1 111 128 8 0.5 0.5 0.5 6 1 1 1 5 1 0 1 1 1 0 0 1 7 0 0 0 0 0 0
SUBSET_RETURN N=1 M=1 rank=0 local_cells=12 valid=1
DONOR_SOURCE 0 0 0 0 0 0 2 0.20000000000000001 0.10000000000000001 3 0.14999999999999999 4 6 1 1 1 3 0.20000000000000001 0.10000000000000001 4 0.14999999999999999 5 1 1 0 0 3 0.20000000000000001 0.10000000000000001 3 0.14999999999999999 4 2 1 1 0 3 0.20000000000000001 0.10000000000000001 4 0.14999999999999999 4
DONOR_SOURCE 0 5 0 0 0 0 2 0.20000000000000001 0.10000000000000001 3 0.14999999999999999 4 6 1 1 1 3 0.20000000000000001 0.10000000000000001 4 0.14999999999999999 5 5 1 0 1 3 0.20000000000000001 0.10000000000000001 3 0.14999999999999999 5 1 1 0 0 3 0.20000000000000001 0.10000000000000001 3 0.14999999999999999 4
DONOR_SOURCE 0 1 0 0 0 0 2 0.20000000000000001 0.10000000000000001 3 0.14999999999999999 4 6 1 1 1 3 0.20000000000000001 0.10000000000000001 4 0.14999999999999999 5 2 1 1 0 3 0.20000000000000001 0.10000000000000001 4 0.14999999999999999 4 3 0 1 0 2 0.20000000000000001 0.10000000000000001 4 0.14999999999999999 4
DONOR_SOURCE 0 2 0 0 0 0 2 0.20000000000000001 0.10000000000000001 3 0.14999999999999999 4 6 1 1 1 3 0.20000000000000001 0.10000000000000001 4 0.14999999999999999 5 3 0 1 0 2 0.20000000000000001 0.10000000000000001 4 0.14999999999999999 4 7 0 1 1 2 0.20000000000000001 0.10000000000000001 4 0.14999999999999999 5
DONOR_SOURCE 0 4 0 0 0 0 2 0.20000000000000001 0.10000000000000001 3 0.14999999999999999 4 6 1 1 1 3 0.20000000000000001 0.10000000000000001 4 0.14999999999999999 5 4 0 0 1 2 0.20000000000000001 0.10000000000000001 3 0.14999999999999999 5 5 1 0 1 3 0.20000000000000001 0.10000000000000001 3 0.14999999999999999 5
DONOR_SOURCE 0 3 0 0 0 0 2 0.20000000000000001 0.10000000000000001 3 0.14999999999999999 4 6 1 1 1 3 0.20000000000000001 0.10000000000000001 4 0.14999999999999999 5 7 0 1 1 2 0.20000000000000001 0.10000000000000001 4 0.14999999999999999 5 4 0 0 1 2 0.20000000000000001 0.10000000000000001 3 0.14999999999999999 5
DONOR_SAMPLE 0 0.125 0.25 0.375 2.125 0.20000000000000001 0.10000000000000001 3.25 0.14999999999999999 4.375 2.125 0.20000000000000001 0.10000000000000001 3.25 0.14999999999999999 4.375 0 4 6 7
DONOR_SAMPLE 0 0.5 0.5 0.5 2.5 0.20000000000000001 0.10000000000000001 3.5 0.14999999999999999 4.5 2.5 0.20000000000000001 0.10000000000000001 3.5 0.14999999999999999 4.5 0 1 2 6
DONOR_SAMPLE 0 0 0 0 2 0.20000000000000001 0.10000000000000001 3 0.14999999999999999 4 2 0.20000000000000001 0.10000000000000001 3 0.14999999999999999 104 0 1 2 6
DONOR_SAMPLE 0 0.25 0.375 0.03125 2.25 0.20000000000000001 0.10000000000000001 3.375 0.14999999999999999 4.03125 2.25 0.20000000000000001 0.10000000000000001 3.375 0.14999999999999999 54.03125 0 2 3 6
DONOR rank=0 residual=0 requests=8 hits=4 compositions=8 imported=18 candidates=36 resident=20568 build_s=7.2507000000000002e-05 import_s=9.8752999999999995e-05 routing_nested_s=1.1830999999999999e-05 search_nested_s=1.3447e-05 exchange_nested_s=5.9653000000000006e-05
===============================================================================
All tests passed (2841 assertions in 50 test cases)

