Filters: Complete periodic implicit operator and transpose
Matching the periodic boundary points for marker pair 1.
 Matched 50 points with a max distance of: 0.
Matching the periodic boundary points for marker pair 1.
 Matched 50 points with a max distance of: 0.
Matching the periodic boundary points for marker pair 1.
 Matched 50 points with a max distance of: 0.
Matching the periodic boundary points for marker pair 1.
 Matched 50 points with a max distance of: 5.75832e-17.
Matching the periodic boundary points for marker pair 1.
 Matched 50 points with a max distance of: 5.75832e-17.
Matching the periodic boundary points for marker pair 1.
 Matched 50 points with a max distance of: 5.75832e-17.
Matching the periodic boundary points for marker pair 1.
 Matched 50 points with a max distance of: 0.
Matching the periodic boundary points for marker pair 2.
 Matched 50 points with a max distance of: 0.
Matching the periodic boundary points for marker pair 1.
 Matched 50 points with a max distance of: 0.
Matching the periodic boundary points for marker pair 2.
 Matched 50 points with a max distance of: 0.
Matching the periodic boundary points for marker pair 1.
 Matched 50 points with a max distance of: 0.
Matching the periodic boundary points for marker pair 2.
 Matched 50 points with a max distance of: 0.
Matching the periodic boundary points for marker pair 1.
 Matched 50 points with a max distance of: 0.
Matching the periodic boundary points for marker pair 2.
 Matched 50 points with a max distance of: 0.
Matching the periodic boundary points for marker pair 3.
 Matched 50 points with a max distance of: 0.
Matching the periodic boundary points for marker pair 1.
 Matched 50 points with a max distance of: 0.
Matching the periodic boundary points for marker pair 2.
 Matched 50 points with a max distance of: 0.
Matching the periodic boundary points for marker pair 3.
 Matched 50 points with a max distance of: 0.
Matching the periodic boundary points for marker pair 1.
 Matched 50 points with a max distance of: 0.
Matching the periodic boundary points for marker pair 2.
 Matched 50 points with a max distance of: 0.
Matching the periodic boundary points for marker pair 3.
 Matched 50 points with a max distance of: 0.
===============================================================================
All tests passed (8796 assertions in 1 test case)

