Filters: Complete periodic implicit operator and transpose
Matching the periodic boundary points for marker pair 1.
 Matched 50 points with a max distance of: 0.

~~~~~~~~~~~~~~~~~~~~~~~~~~~~~~~~~~~~~~~~~~~~~~~~~~~~~~~~~~~~~~~~~~~~~~~~~~~~~~~
test_driver is a Catch v2.13.9 host application.
Run with -? for options

-------------------------------------------------------------------------------
Complete periodic implicit operator and transpose
-------------------------------------------------------------------------------
../wt_integration/UnitTests/Common/linear_algebra/edge_residual_blocks_tests.cpp:171
...............................................................................

../wt_integration/UnitTests/Common/linear_algebra/edge_residual_blocks_tests.cpp:310: FAILED:
  CHECK( error < 1e-5 )
with expansion:
  0.5649675748 < 0.00001

Matching the periodic boundary points for marker pair 1.
 Matched 50 points with a max distance of: 0.
-------------------------------------------------------------------------------
Complete periodic implicit operator and transpose
-------------------------------------------------------------------------------
../wt_integration/UnitTests/Common/linear_algebra/edge_residual_blocks_tests.cpp:171
...............................................................................

../wt_integration/UnitTests/Common/linear_algebra/edge_residual_blocks_tests.cpp:310: FAILED:
  CHECK( error < 1e-5 )
with expansion:
  18.7019680927 < 0.00001

../wt_integration/UnitTests/Common/linear_algebra/edge_residual_blocks_tests.cpp:324: FAILED:
  CHECK( error < 1e-5 )
with expansion:
  6.5667182263 < 0.00001

Matching the periodic boundary points for marker pair 1.
 Matched 50 points with a max distance of: 0.
-------------------------------------------------------------------------------
Complete periodic implicit operator and transpose
-------------------------------------------------------------------------------
../wt_integration/UnitTests/Common/linear_algebra/edge_residual_blocks_tests.cpp:171
...............................................................................

../wt_integration/UnitTests/Common/linear_algebra/edge_residual_blocks_tests.cpp:310: FAILED:
  CHECK( error < 1e-5 )
with expansion:
  0.6329976152 < 0.00001

../wt_integration/UnitTests/Common/linear_algebra/edge_residual_blocks_tests.cpp:324: FAILED:
  CHECK( error < 1e-5 )
with expansion:
  0.0899179938 < 0.00001

Matching the periodic boundary points for marker pair 1.
 Matched 50 points with a max distance of: 5.75832e-17.
-------------------------------------------------------------------------------
Complete periodic implicit operator and transpose
-------------------------------------------------------------------------------
../wt_integration/UnitTests/Common/linear_algebra/edge_residual_blocks_tests.cpp:171
...............................................................................

../wt_integration/UnitTests/Common/linear_algebra/edge_residual_blocks_tests.cpp:310: FAILED:
  CHECK( error < 1e-5 )
with expansion:
  0.6665311068 < 0.00001

../wt_integration/UnitTests/Common/linear_algebra/edge_residual_blocks_tests.cpp:324: FAILED:
  CHECK( error < 1e-5 )
with expansion:
  0.0030561438 < 0.00001

Matching the periodic boundary points for marker pair 1.
 Matched 50 points with a max distance of: 5.75832e-17.
-------------------------------------------------------------------------------
Complete periodic implicit operator and transpose
-------------------------------------------------------------------------------
../wt_integration/UnitTests/Common/linear_algebra/edge_residual_blocks_tests.cpp:171
...............................................................................

../wt_integration/UnitTests/Common/linear_algebra/edge_residual_blocks_tests.cpp:310: FAILED:
  CHECK( error < 1e-5 )
with expansion:
  13.4327894815 < 0.00001

../wt_integration/UnitTests/Common/linear_algebra/edge_residual_blocks_tests.cpp:324: FAILED:
  CHECK( error < 1e-5 )
with expansion:
  3.3072314776 < 0.00001

Matching the periodic boundary points for marker pair 1.
 Matched 50 points with a max distance of: 5.75832e-17.
-------------------------------------------------------------------------------
Complete periodic implicit operator and transpose
-------------------------------------------------------------------------------
../wt_integration/UnitTests/Common/linear_algebra/edge_residual_blocks_tests.cpp:171
...............................................................................

../wt_integration/UnitTests/Common/linear_algebra/edge_residual_blocks_tests.cpp:310: FAILED:
  CHECK( error < 1e-5 )
with expansion:
  0.7491911816 < 0.00001

../wt_integration/UnitTests/Common/linear_algebra/edge_residual_blocks_tests.cpp:324: FAILED:
  CHECK( error < 1e-5 )
with expansion:
  0.0964074213 < 0.00001

Matching the periodic boundary points for marker pair 1.
 Matched 50 points with a max distance of: 0.
Matching the periodic boundary points for marker pair 2.
 Matched 50 points with a max distance of: 0.
-------------------------------------------------------------------------------
Complete periodic implicit operator and transpose
-------------------------------------------------------------------------------
../wt_integration/UnitTests/Common/linear_algebra/edge_residual_blocks_tests.cpp:171
...............................................................................

../wt_integration/UnitTests/Common/linear_algebra/edge_residual_blocks_tests.cpp:310: FAILED:
  CHECK( error < 1e-5 )
with expansion:
  0.7136112804 < 0.00001

Matching the periodic boundary points for marker pair 1.
 Matched 50 points with a max distance of: 0.
Matching the periodic boundary points for marker pair 2.
 Matched 50 points with a max distance of: 0.
-------------------------------------------------------------------------------
Complete periodic implicit operator and transpose
-------------------------------------------------------------------------------
../wt_integration/UnitTests/Common/linear_algebra/edge_residual_blocks_tests.cpp:171
...............................................................................

../wt_integration/UnitTests/Common/linear_algebra/edge_residual_blocks_tests.cpp:310: FAILED:
  CHECK( error < 1e-5 )
with expansion:
  17.1394259668 < 0.00001

../wt_integration/UnitTests/Common/linear_algebra/edge_residual_blocks_tests.cpp:324: FAILED:
  CHECK( error < 1e-5 )
with expansion:
  5.882755911 < 0.00001

Matching the periodic boundary points for marker pair 1.
 Matched 50 points with a max distance of: 0.
Matching the periodic boundary points for marker pair 2.
 Matched 50 points with a max distance of: 0.
-------------------------------------------------------------------------------
Complete periodic implicit operator and transpose
-------------------------------------------------------------------------------
../wt_integration/UnitTests/Common/linear_algebra/edge_residual_blocks_tests.cpp:171
...............................................................................

../wt_integration/UnitTests/Common/linear_algebra/edge_residual_blocks_tests.cpp:310: FAILED:
  CHECK( error < 1e-5 )
with expansion:
  0.9267658301 < 0.00001

../wt_integration/UnitTests/Common/linear_algebra/edge_residual_blocks_tests.cpp:324: FAILED:
  CHECK( error < 1e-5 )
with expansion:
  0.0804454387 < 0.00001

Matching the periodic boundary points for marker pair 1.
 Matched 50 points with a max distance of: 0.
Matching the periodic boundary points for marker pair 2.
 Matched 50 points with a max distance of: 0.
Matching the periodic boundary points for marker pair 3.
 Matched 50 points with a max distance of: 0.
-------------------------------------------------------------------------------
Complete periodic implicit operator and transpose
-------------------------------------------------------------------------------
../wt_integration/UnitTests/Common/linear_algebra/edge_residual_blocks_tests.cpp:171
...............................................................................

../wt_integration/UnitTests/Common/linear_algebra/edge_residual_blocks_tests.cpp:310: FAILED:
  CHECK( error < 1e-5 )
with expansion:
  0.7011863738 < 0.00001

Matching the periodic boundary points for marker pair 1.
 Matched 50 points with a max distance of: 0.
Matching the periodic boundary points for marker pair 2.
 Matched 50 points with a max distance of: 0.
Matching the periodic boundary points for marker pair 3.
 Matched 50 points with a max distance of: 0.
-------------------------------------------------------------------------------
Complete periodic implicit operator and transpose
-------------------------------------------------------------------------------
../wt_integration/UnitTests/Common/linear_algebra/edge_residual_blocks_tests.cpp:171
...............................................................................

../wt_integration/UnitTests/Common/linear_algebra/edge_residual_blocks_tests.cpp:310: FAILED:
  CHECK( error < 1e-5 )
with expansion:
  16.7230113084 < 0.00001

../wt_integration/UnitTests/Common/linear_algebra/edge_residual_blocks_tests.cpp:324: FAILED:
  CHECK( error < 1e-5 )
with expansion:
  7.4598288597 < 0.00001

Matching the periodic boundary points for marker pair 1.
 Matched 50 points with a max distance of: 0.
Matching the periodic boundary points for marker pair 2.
 Matched 50 points with a max distance of: 0.
Matching the periodic boundary points for marker pair 3.
 Matched 50 points with a max distance of: 0.
-------------------------------------------------------------------------------
Complete periodic implicit operator and transpose
-------------------------------------------------------------------------------
../wt_integration/UnitTests/Common/linear_algebra/edge_residual_blocks_tests.cpp:171
...............................................................................

../wt_integration/UnitTests/Common/linear_algebra/edge_residual_blocks_tests.cpp:310: FAILED:
  CHECK( error < 1e-5 )
with expansion:
  0.9034600397 < 0.00001

../wt_integration/UnitTests/Common/linear_algebra/edge_residual_blocks_tests.cpp:324: FAILED:
  CHECK( error < 1e-5 )
with expansion:
  0.1030142394 < 0.00001

===============================================================================
test cases:    1 |    0 passed |  1 failed
assertions: 8796 | 8775 passed | 21 failed

