Working folder: /global-scratch/bulk_pool/arausa/SU2_Native/ClusterResults/predict_correctness_581856/units-mpi1
metric 0 ['420831 assertions in 161 test cases']
Working folder: /global-scratch/bulk_pool/arausa/SU2_Native/ClusterResults/predict_correctness_581856/units-mpi1
native 0 ['50070 assertions in 87 test cases']
Working folder: /global-scratch/bulk_pool/arausa/SU2_Native/ClusterResults/predict_correctness_581856/units-mpi2
metric 0 ['173614 assertions in 39 test cases', '174963 assertions in 39 test cases']
Working folder: /global-scratch/bulk_pool/arausa/SU2_Native/ClusterResults/predict_correctness_581856/units-mpi2
native 0 ['34597 assertions in 87 test cases', '37706 assertions in 87 test cases']
Working folder: /global-scratch/bulk_pool/arausa/SU2_Native/ClusterResults/predict_correctness_581856/units-mpi4
metric 0 ['114146 assertions in 39 test cases', '112115 assertions in 39 test cases', '113188 assertions in 39 test cases', '113968 assertions in 39 test cases']
Working folder: /global-scratch/bulk_pool/arausa/SU2_Native/ClusterResults/predict_correctness_581856/units-mpi4
native 0 ['27424 assertions in 87 test cases', '27798 assertions in 87 test cases', '27761 assertions in 87 test cases', '30077 assertions in 87 test cases']
Working folder: /global-scratch/bulk_pool/arausa/SU2_Native/ClusterResults/predict_correctness_581856/native-fixed-point-guard
fixed_point_guard 1 []
Working folder: /global-scratch/bulk_pool/arausa/SU2_Native/ClusterResults/predict_correctness_581856/invalid_count_low
solver 1 []
Working folder: /global-scratch/bulk_pool/arausa/SU2_Native/ClusterResults/predict_correctness_581856/invalid_count_high
solver 1 []
Working folder: /global-scratch/bulk_pool/arausa/SU2_Native/ClusterResults/predict_correctness_581856/invalid_cadence_span
solver 1 []
Working folder: /global-scratch/bulk_pool/arausa/SU2_Native/ClusterResults/predict_correctness_581856/invalid_negative_filter
solver 1 []
Working folder: /global-scratch/bulk_pool/arausa/SU2_Native/ClusterResults/predict_correctness_581856/default_two_n4m3
solver 0 []
INDEPENDENT CASE PASS default_two_n4m3
Working folder: /global-scratch/bulk_pool/arausa/SU2_Native/ClusterResults/predict_correctness_581856/four_fixture_n1m1
solver 0 []
INDEPENDENT CASE PASS four_fixture_n1m1
Working folder: /global-scratch/bulk_pool/arausa/SU2_Native/ClusterResults/predict_correctness_581856/four_n1m1
solver 0 []
INDEPENDENT CASE PASS four_n1m1
Working folder: /global-scratch/bulk_pool/arausa/SU2_Native/ClusterResults/predict_correctness_581856/four_n2m1
solver 0 []
INDEPENDENT CASE PASS four_n2m1
Working folder: /global-scratch/bulk_pool/arausa/SU2_Native/ClusterResults/predict_correctness_581856/four_cgns_n4m3
solver 0 []
INDEPENDENT CASE PASS four_cgns_n4m3
Working folder: /global-scratch/bulk_pool/arausa/SU2_Native/ClusterResults/predict_correctness_581856/plate_sa_four_n4m3
solver 0 []
INDEPENDENT CASE PASS plate_sa_four_n4m3
Working folder: /global-scratch/bulk_pool/arausa/SU2_Native/ClusterResults/predict_correctness_581856/partial_restart_7_n1m1
solver 0 []
PARTIAL RESTART PASS 7
Working folder: /global-scratch/bulk_pool/arausa/SU2_Native/ClusterResults/predict_correctness_581856/partial_restart_8_n1m1
solver 0 []
PARTIAL RESTART PASS 8
Working folder: /global-scratch/bulk_pool/arausa/SU2_Native/ClusterResults/predict_correctness_581856/partial_restart_9_n1m1
solver 0 []
PARTIAL RESTART PASS 9
PREDICT HISTORY VALIDATION PASS 20 sequential stages
