1 1.94741532064290685803e-46 1 0 1 2 3 0 1 1 0.5 0.124999999999999999993 0.25 0.124999999999999999993 0.250000000000000115169 0.499999999999999917004 0.124999999999999999993 0.124999999999999967806
1 1.94741532064290685803e-46 1 0 1 2 3 0 1 1 0.250000000000000115169 0.499999999999999917004 0.124999999999999999993 0.124999999999999967806 0.5 0.124999999999999999993 0.25 0.124999999999999999993
0
1 1.94741532064291468238e-46 1 0 1 2 3 0 1 1 0.499999999999902228058 0.12500000000000317678 0.250000000000060771619 0.125000000000033823516 0.249999999999971931388 0.499999999999974847269 0.125000000000030385809 0.125000000000022835534
1 1.94741532064291468238e-46 1 0 1 2 3 0 1 1 0.249999999999971931388 0.499999999999974847269 0.125000000000030385809 0.125000000000022835534 0.499999999999902228058 0.12500000000000317678 0.250000000000060771619 0.125000000000033823516
0
1 19474.1532064290692556 1 0 1 2 3 0 1 1 0.500000000000000005042 0.124999999999999991021 0.250000000000000000027 0.125000000000000003971 0.250000000000000062857 0.49999999999999995468 0.125 0.124999999999999982429
1 19474.1532064290692556 1 0 1 2 3 0 1 1 0.250000000000000062857 0.49999999999999995468 0.125 0.124999999999999982429 0.500000000000000005042 0.124999999999999991021 0.250000000000000000027 0.125000000000000003971
0
1 19474.1532064270657258 1 0 1 2 3 0 1 1 0.499999999999994057163 0.124999999999971334243 0.25 0.125000000000034608641 0.249999999999996224537 0.499999999999947807321 0.124999999999999999986 0.125000000000055968102
1 19474.1532064270657258 1 0 1 2 3 0 1 1 0.249999999999996224537 0.499999999999947807321 0.124999999999999999986 0.125000000000055968102 0.499999999999994057163 0.124999999999971334243 0.25 0.125000000000034608641
0
1 1.94741532064290699173e+54 1 0 1 2 3 0 1 1 0.500000000000000016805 0.124999999999999987904 0.250000000000000000027 0.124999999999999995304 0.250000000000000134414 0.499999999999999903181 0.125000000000000000014 0.124999999999999962453
1 1.94741532064290699173e+54 1 0 1 2 3 0 1 1 0.250000000000000134414 0.499999999999999903181 0.125000000000000000014 0.124999999999999962453 0.500000000000000016805 0.124999999999999987904 0.250000000000000000027 0.124999999999999995304
0
1 1.94741532064481854404e+54 1 0 1 2 3 0 1 1 0.499999999999821855798 0.124999999999907920783 0.250000000000106338251 0.125000000000163885195 0.249999999999794976271 0.499999999999971159843 0.125000000000159507363 0.125000000000074356537
1 1.94741532064481854404e+54 1 0 1 2 3 0 1 1 0.249999999999794976271 0.499999999999971159843 0.125000000000159507363 0.125000000000074356537 0.499999999999821855798 0.124999999999907920783 0.250000000000106338251 0.125000000000163885195
0
1 1.94741532064273489102e-46 1 0 1 2 3 0 1 1 0.500000000000014639982 0.125000000000000007522 0.25 0.12499999999998535249 0.250000000000229304314 0.49999999999999995216 0.125 0.124999999999770743499
1 1.94741532064273489102e-46 1 0 1 2 3 0 1 1 0.250000000000229304314 0.49999999999999995216 0.125 0.124999999999770743499 0.500000000000014639982 0.125000000000000007522 0.25 0.12499999999998535249
0
1 1.94741532064327283791e-46 1 0 1 2 3 0 1 1 0.49999999994498516229 0.125000000000014164763 0.250000000000060771646 0.125000000054939901315 0.250000000054923680241 0.499999999999985835197 0.125000000000030385809 0.124999999945060098685
1 1.94741532064327283791e-46 1 0 1 2 3 0 1 1 0.250000000054923680241 0.499999999999985835197 0.125000000000030385809 0.124999999945060098685 0.49999999994498516229 0.125000000000014164763 0.250000000000060771646 0.125000000054939901315
0
1 19474.1532064285579029 1 0 1 2 3 0 1 1 0.500000000000018215843 0.125000000000000004215 0.25 0.124999999999981779955 0.250000000000053919461 0.499999999999999975822 0.125 0.124999999999946104717
1 19474.1532064285579029 1 0 1 2 3 0 1 1 0.250000000000053919461 0.499999999999999975822 0.125 0.124999999999946104717 0.500000000000018215843 0.125000000000000004215 0.25 0.124999999999981779955
0
1 19474.1532101157001229 1 0 1 2 3 0 1 1 0.499999999845794321554 0.125000000000039747516 0.250000000000000000027 0.125000000154165930971 0.249999999632223123027 0.50000000000001622064 0.125 0.12500000036776065636
1 19474.1532101157001229 1 0 1 2 3 0 1 1 0.249999999632223123027 0.50000000000001622064 0.125 0.12500000036776065636 0.499999999845794321554 0.125000000000039747516 0.250000000000000000027 0.125000000154165930971
0
1 1.94741532064292119536e+54 1 0 1 2 3 0 1 1 0.499999999999979991889 0.125000000000000000312 0.25 0.125000000000020007853 0.249999999999999830932 0.499999999999999959288 0.124999999999999999986 0.125000000000000209752
1 1.94741532064292119536e+54 1 0 1 2 3 0 1 1 0.249999999999999830932 0.499999999999999959288 0.124999999999999999986 0.125000000000000209752 0.499999999999979991889 0.125000000000000000312 0.25 0.125000000000020007853
0
1 1.94741532141075206497e+54 1 0 1 2 3 0 1 1 0.499999999615259035679 0.125000000000099142049 0.250000000000106338251 0.125000000384535484048 0.249999999296934430221 0.499999999999887189929 0.125000000000159507349 0.125000000703018872487
1 1.94741532141075206497e+54 1 0 1 2 3 0 1 1 0.249999999296934430221 0.499999999999887189929 0.125000000000159507349 0.125000000703018872487 0.499999999615259035679 0.125000000000099142049 0.250000000000106338251 0.125000000384535484048
0
1 1.94741532062663227381e-46 1 0 1 2 3 0 1 1 0.500000000003481963958 0.124999999999999994416 0.25 0.124999999996518041653 0.250000000019577679647 0.499999999999999952946 0.125 0.124999999980422367442
1 1.94741532062663227381e-46 1 0 1 2 3 0 1 1 0.250000000019577679647 0.499999999999999952946 0.125 0.124999999980422367442 0.500000000003481963958 0.124999999999999994416 0.25 0.124999999996518041653
0
1 1.94741530839988893911e-46 1 0 1 2 3 0 1 1 0.500000003176688798514 0.125000000000033823516 0.250000000000060771619 0.124999996823216606344 0.250000014164726746678 0.500000000000005493978 0.125000000000030385809 0.124999985835237373521
1 1.94741530839988893911e-46 1 0 1 2 3 0 1 1 0.250000014164726746678 0.500000000000005493978 0.125000000000030385809 0.124999985835237373521 0.500000003176688798514 0.125000000000033823516 0.250000000000060771619 0.124999996823216606344
0
1 19474.1532063237833352 1 0 1 2 3 0 1 1 0.500000000001717829926 0.124999999999999996239 0.25 0.124999999998282173835 0.250000000013205583138 0.499999999999999985824 0.125 0.124999999986794431065
1 19474.1532063237833352 1 0 1 2 3 0 1 1 0.250000000013205583138 0.499999999999999985824 0.125 0.124999999986794431065 0.500000000001717829926 0.124999999999999996239 0.25 0.124999999998282173835
0
1 19474.1535025289184677 1 0 1 2 3 0 1 1 0.49999998972224471384 0.125000000000026498348 0.25 0.125000010277728787879 0.249999968362795581945 0.500000000000002971419 0.125 0.12500003163720144661
1 19474.1535025289184677 1 0 1 2 3 0 1 1 0.249999968362795581945 0.500000000000002971419 0.125 0.12500003163720144661 0.49999998972224471384 0.125000000000026498348 0.25 0.125000010277728787879
0
1 1.94741532062519175945e+54 1 0 1 2 3 0 1 1 0.500000000002490520648 0.124999999999999988867 0.250000000000000000027 0.124999999997509490526 0.250000000022623815039 0.499999999999999954897 0.125 0.12499999997737623005
1 1.94741532062519175945e+54 1 0 1 2 3 0 1 1 0.250000000022623815039 0.499999999999999954897 0.125 0.12499999997737623005 0.500000000002490520648 0.124999999999999988867 0.250000000000000000027 0.124999999997509490526
0
1 1.94741545459278426039e+54 1 0 1 2 3 0 1 1 0.49999986090029147618 0.124999999999917534153 0.250000000000106338251 0.12500013909968465145 0.249999950428835826684 0.499999999999980773219 0.125000000000159507376 0.125000049571023892747
1 1.94741545459278426039e+54 1 0 1 2 3 0 1 1 0.249999950428835826684 0.499999999999980773219 0.125000000000159507376 0.125000049571023892747 0.49999986090029147618 0.124999999999917534153 0.250000000000106338251 0.12500013909968465145
0
1 1.94741532088143094788e-46 1 0 1 2 3 0 1 1 0.500000000442590980304 0.124999999999999987796 0.25 0.12499999955740903188 0.249999999214429630449 0.49999999999999999897 0.125000000000000000014 0.125000000785570370622
1 1.94741532088143094788e-46 1 0 1 2 3 0 1 1 0.249999999214429630449 0.49999999999999999897 0.125000000000000000014 0.125000000785570370622 0.500000000442590980304 0.124999999999999987796 0.25 0.12499999955740903188
0
1 1.94741008337833595729e-46 1 0 1 2 3 0 1 1 0.500003150646825218328 0.12500000000004481158 0.250000000000060771646 0.1249968493530691985 0.250004249450410360572 0.500000000000016482096 0.125000000000030385823 0.124995750549542771591
1 1.94741008337833595729e-46 1 0 1 2 3 0 1 1 0.250004249450410360572 0.500000000000016482096 0.125000000000030385823 0.124995750549542771591 0.500003150646825218328 0.12500000000004481158 0.250000000000060771646 0.1249968493530691985
0
1 19474.1532104293044778 1 0 1 2 3 0 1 1 0.500000000538739943715 0.124999999999999994748 0.25 0.124999999461260061523 0.249999998888123420301 0.50000000000000001816 0.125 0.125000001111876561579
1 19474.1532104293044778 1 0 1 2 3 0 1 1 0.249999998888123420301 0.50000000000000001816 0.125 0.125000001111876561579 0.500000000538739943715 0.124999999999999994748 0.25 0.124999999461260061523
0
1 19474.108884525548838 1 0 1 2 3 0 1 1 0.500004191510452212577 0.124999999999970530274 0.25 0.124995808489577257129 0.250002055554343341297 0.499999999999947003358 0.125 0.124997944445709655339
1 19474.108884525548838 1 0 1 2 3 0 1 1 0.250002055554343341297 0.499999999999947003358 0.125 0.124997944445709655339 0.500004191510452212577 0.124999999999970530274 0.25 0.124995808489577257129
0
1 1.94741532086208190772e+54 1 0 1 2 3 0 1 1 0.500000000379817444694 0.124999999999999995372 0.250000000000000000027 0.124999999620182559988 0.249999999305298723583 0.50000000000000000515 0.125 0.125000000694701271294
1 1.94741532086208190772e+54 1 0 1 2 3 0 1 1 0.249999999305298723583 0.50000000000000000515 0.125 0.125000000694701271294 0.500000000379817444694 0.124999999999999995372 0.250000000000000000027 0.124999999620182559988
0
1 1.94741596260029861493e+54 1 0 1 2 3 0 1 1 0.500004957087621180751 0.125000000000019226618 0.250000000000106338224 0.124995042912253254333 0.249994081576225159064 0.500000000000005558867 0.125000000000159507349 0.125005918423609774638
1 1.94741596260029861493e+54 1 0 1 2 3 0 1 1 0.249994081576225159064 0.500000000000005558867 0.125000000000159507349 0.125005918423609774638 0.500004957087621180751 0.125000000000019226618 0.250000000000106338224 0.124995042912253254333
0
1 1.94741529356281286429e-46 1 0 1 2 3 0 1 1 0.499999984710107602947 0.124999999999999993068 0.250000000000000000027 0.125000015289892403992 0.250000053873994095813 0.499999999999999995745 0.125000000000000000014 0.12499994612600590847
1 1.94741529356281286429e-46 1 0 1 2 3 0 1 1 0.250000053873994095813 0.499999999999999995745 0.125000000000000000014 0.12499994612600590847 0.499999984710107602947 0.124999999999999993068 0.250000000000000000027 0.125000015289892403992
0
1 1.94753851686172808852e-46 1 0 1 2 3 0 1 1 0.499858370296524607212 0.124999999999994497843 0.250000000000060771646 0.125141629703420123306 0.249968236185689124515 0.499999999999966174654 0.125000000000030385823 0.125031763814314315035
1 1.94753851686172808852e-46 1 0 1 2 3 0 1 1 0.249968236185689124515 0.499999999999966174654 0.125000000000030385823 0.125031763814314315035 0.499858370296524607212 0.124999999999994497843 0.250000000000060771646 0.125141629703420123306
0
1 19474.1540887492779195 1 0 1 2 3 0 1 1 0.499999987642782882515 0.124999999999999996171 0.25 0.125000012357217121306 0.249999887274338199818 0.500000000000000022064 0.125 0.125000112725661778119
1 19474.1540887492779195 1 0 1 2 3 0 1 1 0.249999887274338199818 0.500000000000000022064 0.125 0.125000112725661778119 0.499999987642782882515 0.124999999999999996171 0.25 0.125000012357217121306
0
1 19478.683987548265323 1 0 1 2 3 0 1 1 0.49978637924706054507 0.124999999999976474182 0.25 0.125213620752962980748 0.249572758494121090127 0.499999999999952948363 0.125 0.125427241505925961496
1 19478.683987548265323 1 0 1 2 3 0 1 1 0.249572758494121090127 0.499999999999952948363 0.125 0.125427241505925961496 0.49978637924706054507 0.124999999999976474182 0.25 0.125213620752962980748
0
1 1.94741547857492233567e+54 1 0 1 2 3 0 1 1 0.499999995416001888159 0.12499999999999998598 0.25 0.125000004583998125881 0.249999780512259606253 0.500000000000000005529 0.125000000000000000014 0.125000219487740388258
1 1.94741547857492233567e+54 1 0 1 2 3 0 1 1 0.249999780512259606253 0.500000000000000005529 0.125000000000000000014 0.125000219487740388258 0.499999995416001888159 0.12499999999999998598 0.25 0.125000004583998125881
0
1 1.94867409334616345734e+54 1 0 1 2 3 0 1 1 0.498666203416673273593 0.124999999999976790477 0.250000000000106338224 0.126333796583243597632 0.24956040871254130726 0.50000000000003998131 0.125000000000159507349 0.125439591287259204054
1 1.94867409334616345734e+54 1 0 1 2 3 0 1 1 0.24956040871254130726 0.50000000000003998131 0.125000000000159507349 0.125439591287259204054 0.498666203416673273593 0.124999999999976790477 0.250000000000106338224 0.126333796583243597632
0
1 2.33333233337200752393 8 0 1 3 7 0 0.0749999999999999972244 0.0749999999999999972244 0.75 0 0.25 0 0.75 0 0 0.25 0 4 5 7 0.0749999999999999972244 0.299999999999999988898 0.224999999999999991673 0.75 -0 0 0.25 0 0.75 0 0.25 4 5 7 11 0.299999999999999988898 0.300000124999999992492 1.25000000003594458065e-07 0.75 0 0.25 -0 0.75 0 0 0.25 4 8 9 11 0.300000124999999992492 0.300000500000000003276 3.75000000010783374194e-07 0.75 -0 0 0.25 0 0.75 0 0.25 8 9 11 15 0.300000500000000003276 0.30000062500000000687 1.25000000003594458065e-07 0.75 0 0.25 -0 0.75 0 0 0.25 8 12 13 15 0.30000062500000000687 0.300001000000000017653 3.75000000010783374194e-07 0.75 -0 0 0.25 0 0.75 0 0.25 12 13 15 19 0.300001000000000017653 0.47500075000000001324 0.174999749999999995587 0.75 0 0.25 -0 0.75 0 0 0.25 12 16 17 19 0.47500075000000001324 1 0.52499924999999998676 0.75 -0 0 0.25 0 0.75 0 0.25
1 2.33333233337200752371 8 12 16 17 19 0 0.52499924999999998676 0.52499924999999998676 0 0.75 0 0.25 0.75 0 0 0.25 12 13 15 19 0.52499924999999998676 0.699998999999999982347 0.174999749999999995587 0.75 0 -0 0.25 0.75 0 0.25 0 8 12 13 15 0.699998999999999982347 0.69999937499999999313 3.75000000010783374194e-07 -0 0.75 0 0.25 0.75 0 0 0.25 8 9 11 15 0.69999937499999999313 0.699999499999999996724 1.25000000003594458065e-07 0.75 0 -0 0.25 0.75 0 0.25 0 4 8 9 11 0.699999499999999996724 0.699999875000000007508 3.75000000010783374194e-07 -0 0.75 0 0.25 0.75 0 0 0.25 4 5 7 11 0.699999875000000007508 0.700000000000000011102 1.25000000003594458065e-07 0.75 0 -0 0.25 0.75 0 0.25 0 0 4 5 7 0.700000000000000011102 0.925000000000000002776 0.224999999999999991673 -0 0.75 0 0.25 0.75 0 0 0.25 0 1 3 7 0.925000000000000002776 1 0.0749999999999999972244 0.75 0 -0 0.25 0.75 0 0.25 0
1 2.51045789294581894301 12 0 2 3 7 0 0.04373177842565597445 0.04373177842565597445 0.700000000000000011102 0.125 0.174999999999999988898 -0 0.682507288629737622772 0 0.171720116618075790334 0.145772594752186586894 0 2 6 7 0.04373177842565597445 0.102272727272727263477 0.0585409488470712890338 0.682507288629737622772 0.171720116618075790334 -0 0.145772594752186586894 0.659090909090909109094 0 0.167329545454545442989 0.173579545454545447876 0 4 6 7 0.102272727272727263477 0.299999999999999988898 0.197727272727272725421 0.659090909090909109094 0.167329545454545442989 -0 0.173579545454545447876 0 0.15249999999999998641 0.580000000000000025572 0.267499999999999988086 4 6 7 11 0.299999999999999988898 0.300000133750031758371 1.33750031769478610333e-07 0.580000000000000025518 0.267499999999999988086 0.152499999999999986397 -0 0.579999946499987317772 0 0.152499989968747603694 0.267500063531265078588 4 6 10 11 0.300000133750031758371 0.300000210000041994955 7.6250010236568468872e-08 0.579999946499987317772 0.152499989968747603694 -0 0.267500063531265078588 0.579999915999983223127 0 0.152499984249996835945 0.267500099750019940928 4 8 10 11 0.300000210000041994955 0.300000500000000003276 2.89999958008330753053e-07 0.579999915999983223127 0.152499984249996835945 -0 0.267500099750019940928 0 0.152499962499999985332 0.579999800000000019821 0.267500237499999994915 8 10 11 15 0.300000500000000003276 0.300000633750150522784 1.33750150519506820279e-07 0.579999800000000019767 0.267500237499999994888 0.152499962499999985318 -0 0.579999746499939811985 0 0.152499952468738696356 0.267500301031321491659 8 10 14 15 0.300000633750150522784 0.300000710000142009338 7.62499914865602646693e-08 0.579999746499939811985 0.152499952468738696356 -0 0.267500301031321491659 0.579999715999943217363 0 0.152499946749989334857 0.267500337250067447766 8 12 14 15 0.300000710000142009338 0.300001000000000017653 2.89999858008310747323e-07 0.579999715999943217363 0.152499946749989334857 -0 0.267500337250067447766 0 0.15249992499999998424 0.57999960000000001407 0.267500475000000001718 12 14 15 19 0.300001000000000017653 0.580525242322861270727 0.280524242322861253073 0.57999960000000001407 0.267500475000000001718 0.15249992499999998424 -0 0.467789903070855522181 0 0.13146060682578538715 0.400749490103359090696 12 14 18 19 0.580525242322861270727 0.708333912036715511603 0.12780866971385424093 0.467789903070855522181 0.13146060682578538715 -0 0.400749490103359090696 0.416666435185313830048 0 0.121874956597246317663 0.461458608217439852336 12 16 18 19 0.708333912036715511603 1 0.291666087963284488343 0.416666435185313830048 0.121874956597246317663 -0 0.461458608217439852336 0 0.0999999999999999777955 0.300000000000000044409 0.599999999999999977796
1 2.48029736616687529818 8 0 1 3 7 0 0.0749999999999999972244 0.0749999999999999972244 0.75 0 0.25 0 0.75 0 0 0.25 0 4 5 7 0.0749999999999999972244 0.299999999999999988898 0.224999999999999991673 0.75 -0 0 0.25 0 0.75 0 0.25 4 5 7 11 0.299999999999999988898 0.300000000000000002776 1.38777878078144567553e-17 0.75 0 0.25 -0 0.75 0 0 0.25 4 8 9 11 0.300000000000000002776 0.300000000000000044409 4.16333634234433702659e-17 0.75 -0 0 0.25 0 0.75 0 0.25 8 9 11 15 0.300000000000000044409 0.300000000000000058287 1.38777878078144567553e-17 0.75 0 0.25 -0 0.75 0 0 0.25 8 12 13 15 0.300000000000000058287 0.30000000000000009992 4.16333634234433702659e-17 0.75 -0 0 0.25 0 0.75 0 0.25 12 13 15 19 0.30000000000000009992 0.47500000000000007494 0.17499999999999997502 0.75 0 0.25 -0 0.75 0 0 0.25 12 16 17 19 0.47500000000000007494 1 0.52499999999999992506 0.75 -0 0 0.25 0 0.75 0 0.25
1 2.48029736616687529818 8 12 16 17 19 0 0.52499999999999992506 0.52499999999999992506 0 0.75 0 0.25 0.75 0 0 0.25 12 13 15 19 0.52499999999999992506 0.69999999999999990008 0.17499999999999997502 0.75 0 -0 0.25 0.75 0 0.25 0 8 12 13 15 0.69999999999999990008 0.699999999999999941713 4.16333634234433702659e-17 -0 0.75 0 0.25 0.75 0 0 0.25 8 9 11 15 0.699999999999999941713 0.699999999999999955591 1.38777878078144567553e-17 0.75 0 -0 0.25 0.75 0 0.25 0 4 8 9 11 0.699999999999999955591 0.699999999999999997224 4.16333634234433702659e-17 -0 0.75 0 0.25 0.75 0 0 0.25 4 5 7 11 0.699999999999999997224 0.700000000000000011102 1.38777878078144567553e-17 0.75 0 -0 0.25 0.75 0 0.25 0 0 4 5 7 0.700000000000000011102 0.925000000000000002776 0.224999999999999991673 -0 0.75 0 0.25 0.75 0 0 0.25 0 1 3 7 0.925000000000000002776 1 0.0749999999999999972244 0.75 0 -0 0.25 0.75 0 0.25 0
1 2.65742310286623061163 12 0 2 3 7 0 0.04373177842565597445 0.04373177842565597445 0.700000000000000011102 0.125 0.174999999999999988898 -0 0.682507288629737622772 0 0.171720116618075790334 0.145772594752186586894 0 2 6 7 0.04373177842565597445 0.102272727272727263477 0.0585409488470712890338 0.682507288629737622772 0.171720116618075790334 -0 0.145772594752186586894 0.659090909090909109094 0 0.167329545454545442989 0.173579545454545447876 0 4 6 7 0.102272727272727263477 0.299999999999999988898 0.197727272727272725421 0.659090909090909109094 0.167329545454545442989 -0 0.173579545454545447876 0 0.15249999999999998641 0.580000000000000025572 0.267499999999999988086 4 6 7 11 0.299999999999999988898 0.300000000000000003751 1.48492329543614684565e-17 0.580000000000000025518 0.267499999999999988059 0.152499999999999986397 -0 0.580000000000000019609 0 0.152499999999999985272 0.267499999999999995106 4 6 10 11 0.300000000000000003751 0.300000000000000012208 8.46545056276681799197e-18 0.580000000000000019609 0.152499999999999985272 -0 0.267499999999999995106 0.580000000000000016248 0 0.152499999999999984648 0.267499999999999999145 4 8 10 11 0.300000000000000012208 0.300000000000000044409 3.21964677141295405742e-17 0.580000000000000016248 0.152499999999999984648 -0 0.267499999999999999145 0 0.152499999999999982236 0.580000000000000003346 0.267500000000000014432 8 10 11 15 0.300000000000000044409 0.300000000000000059262 1.48492329543614699205e-17 0.580000000000000003346 0.267500000000000014432 0.152499999999999982236 -0 0.579999999999999997383 0 0.152499999999999981111 0.267500000000000021479 8 10 14 15 0.300000000000000059262 0.300000000000000067719 8.46545056276681776101e-18 0.579999999999999997383 0.152499999999999981111 -0 0.267500000000000021479 0.579999999999999994022 0 0.152499999999999980488 0.267500000000000025491 8 12 14 15 0.300000000000000067719 0.30000000000000009992 3.21964677141295393404e-17 0.579999999999999994022 0.152499999999999980488 -0 0.267500000000000025491 0 0.152499999999999978075 0.57999999999999998112 0.267500000000000040805 12 14 15 19 0.30000000000000009992 0.580524344569288465684 0.280524344569288365791 0.57999999999999998112 0.267500000000000040805 0.152499999999999978075 -0 0.46779026217228464416 0 0.13146067415730334753 0.40074906367041200831 12 14 18 19 0.580524344569288465684 0.708333333333333357439 0.127808988764044891728 0.46779026217228464416 0.13146067415730334753 -0 0.40074906367041200831 0.41666666666666669173 0 0.121874999999999979227 0.461458333333333329071 12 16 18 19 0.708333333333333357439 1 0.291666666666666642561 0.41666666666666669173 0.121874999999999979227 -0 0.461458333333333329071 0 0.0999999999999999778023 0.300000000000000044409 0.599999999999999977796
1 2.66666666666666673234e+50 8 0 1 3 7 0 0.125 0.125 0.75 0 0.25 -0 0.75 0 0 0.25 0 4 5 7 0.125 0.5 0.375 0.75 -0 0 0.25 0 0.75 0 0.25 4 5 7 11 0.5 0.5 6.24999999999999990073e-102 0.75 0 0.25 -0 0.75 0 0 0.25 4 8 9 11 0.5 0.5 1.8749999999999999701e-101 0.75 -0 0 0.25 0 0.75 0 0.25 8 9 11 15 0.5 0.5 6.24999999999999990073e-102 0.75 0 0.25 -0 0.75 0 0 0.25 8 12 13 15 0.5 0.5 1.8749999999999999701e-101 0.75 -0 0 0.25 0 0.75 0 0.25 12 13 15 19 0.5 0.625 0.125 0.75 0 0.25 -0 0.75 0 0 0.25 12 16 17 19 0.625 1 0.375 0.75 -0 0 0.25 0 0.75 0 0.25
1 2.66666666666666673234e+50 8 12 16 17 19 0 0.375 0.375 0 0.75 0 0.25 0.75 0 0 0.25 12 13 15 19 0.375 0.5 0.125 0.75 0 -0 0.25 0.75 0 0.25 0 8 12 13 15 0.5 0.5 1.8749999999999999701e-101 -0 0.75 0 0.25 0.75 0 0 0.25 8 9 11 15 0.5 0.5 6.24999999999999990073e-102 0.75 0 -0 0.25 0.75 0 0.25 0 4 8 9 11 0.5 0.5 1.8749999999999999701e-101 -0 0.75 0 0.25 0.75 0 0 0.25 4 5 7 11 0.5 0.5 6.24999999999999990073e-102 0.75 0 -0 0.25 0.75 0 0.25 0 0 4 5 7 0.5 0.875 0.375 -0 0.75 0 0.25 0.75 0 0 0.25 0 1 3 7 0.875 1 0.125 0.75 0 -0 0.25 0.75 0 0.25 0
1 2.66666666666666672301e+50 12 0 2 3 7 0 0.0819672131147540971647 0.0819672131147540971647 0.700000000000000011102 0.125 0.174999999999999988898 0 0.667213114754098374985 0 0.168852459016393430699 0.163934426229508194343 0 2 6 7 0.0819672131147540971647 0.187499999999999989158 0.105532786885245891987 0.667213114754098374985 0.168852459016393430699 -0 0.163934426229508194343 0.625000000000000021684 0 0.160937499999999987629 0.214062499999999990687 0 4 6 7 0.187499999999999989158 0.5 0.312500000000000010842 0.625000000000000021684 0.160937499999999987629 -0 0.214062499999999990687 0 0.137499999999999983347 0.500000000000000027756 0.362499999999999988898 4 6 7 11 0.5 0.5 9.06249999999999957798e-102 0.500000000000000027756 0.362499999999999988898 0.137499999999999983347 -0 0.500000000000000027756 0 0.137499999999999983347 0.362499999999999988898 4 6 10 11 0.5 0.5 3.43749999999999952912e-102 0.500000000000000027756 0.137499999999999983347 -0 0.362499999999999988898 0.500000000000000027756 0 0.137499999999999983347 0.362499999999999988898 4 8 10 11 0.5 0.5 1.25000000000000004946e-101 0.500000000000000027756 0.137499999999999983347 -0 0.362499999999999988898 0 0.137499999999999983347 0.500000000000000027756 0.362499999999999988898 8 10 11 15 0.5 0.5 9.06249999999999957798e-102 0.500000000000000027756 0.362499999999999988898 0.137499999999999983347 -0 0.500000000000000027756 0 0.137499999999999983347 0.362499999999999988898 8 10 14 15 0.5 0.5 3.43749999999999952912e-102 0.500000000000000027756 0.137499999999999983347 -0 0.362499999999999988898 0.500000000000000027756 0 0.137499999999999983347 0.362499999999999988898 8 12 14 15 0.5 0.5 1.25000000000000004946e-101 0.500000000000000027756 0.137499999999999983347 -0 0.362499999999999988898 0 0.137499999999999983347 0.500000000000000027756 0.362499999999999988898 12 14 15 19 0.5 0.737704918032786874523 0.237704918032786874496 0.500000000000000027756 0.362499999999999988898 0.137499999999999983347 -0 0.404918032786885285883 0 0.119672131147540965126 0.475409836065573749019 12 14 18 19 0.737704918032786874523 0.812499999999999976148 0.0747950819672131016449 0.404918032786885285883 0.119672131147540965126 -0 0.475409836065573749019 0.375000000000000047732 0 0.114062499999999981673 0.510937499999999970629 12 16 18 19 0.812499999999999976148 1 0.187500000000000023852 0.375000000000000047732 0.114062499999999981673 -0 0.510937499999999970629 0 0.0999999999999999777955 0.300000000000000044409 0.599999999999999977796
1 0.375 1 0 1 2 3 0 1 1 0.75 0.125 0.125 0 0.375 0.5 0.125 0
1 2 2 0 1 2 4 0 0.5 0.5 -0 0 0 1 -0 1 0 0 0 1 2 3 0.5 1 0.5 1 0 0 -0 0 0 0 1
0
0
0
