REJECT Uncovered native 3D singleton sensor edge.
STATS {"donors":1,"requests":3,"failures":1,"candidates":3,"pieces":2,"direct_intervals":2,"containment_tests":6,"maximum_candidates":1,"maximum_pieces":1,"index_bytes":0,"edge_seconds":3.2863e-05,"search_seconds":5.6000000000000004e-07,"trace_seconds":2.6466e-05,"integral_seconds":9.2999999999999999e-07,"exact_norms":0,"filtered_norms":4}
REJECT Uncovered native 3D singleton sensor edge.
STATS {"donors":1,"requests":3,"failures":1,"candidates":3,"pieces":2,"direct_intervals":2,"containment_tests":6,"maximum_candidates":1,"maximum_pieces":1,"index_bytes":0,"edge_seconds":6.934e-06,"search_seconds":2.1e-07,"trace_seconds":3.1609999999999999e-06,"integral_seconds":7.4299999999999992e-07,"exact_norms":0,"filtered_norms":4}
REJECT Uncovered native 3D singleton sensor edge.
STATS {"donors":1,"requests":3,"failures":1,"candidates":3,"pieces":2,"direct_intervals":2,"containment_tests":6,"maximum_candidates":1,"maximum_pieces":1,"index_bytes":0,"edge_seconds":2.0718000000000001e-05,"search_seconds":1.8199999999999999e-07,"trace_seconds":1.7260000000000001e-05,"integral_seconds":7.3099999999999997e-07,"exact_norms":0,"filtered_norms":4}
REJECT Uncovered native 3D singleton sensor edge.
STATS {"donors":1,"requests":3,"failures":1,"candidates":3,"pieces":2,"direct_intervals":2,"containment_tests":6,"maximum_candidates":1,"maximum_pieces":1,"index_bytes":0,"edge_seconds":6.1890000000000004e-06,"search_seconds":1.5999999999999998e-07,"trace_seconds":2.6450000000000001e-06,"integral_seconds":7.2599999999999991e-07,"exact_norms":0,"filtered_norms":4}
REJECT Uncovered native 3D singleton sensor edge.
STATS {"donors":1,"requests":3,"failures":1,"candidates":3,"pieces":2,"direct_intervals":2,"containment_tests":6,"maximum_candidates":1,"maximum_pieces":1,"index_bytes":0,"edge_seconds":6.1940000000000003e-06,"search_seconds":1.6399999999999999e-07,"trace_seconds":2.8279999999999999e-06,"integral_seconds":7.2699999999999999e-07,"exact_norms":0,"filtered_norms":4}
REJECT Uncovered native 3D singleton sensor edge.
STATS {"donors":1,"requests":3,"failures":1,"candidates":3,"pieces":2,"direct_intervals":2,"containment_tests":6,"maximum_candidates":1,"maximum_pieces":1,"index_bytes":0,"edge_seconds":6.5529999999999998e-06,"search_seconds":1.6e-07,"trace_seconds":3.2180000000000004e-06,"integral_seconds":7.1200000000000002e-07,"exact_norms":0,"filtered_norms":4}
REJECT Uncovered native 3D singleton sensor edge.
STATS {"donors":1,"requests":3,"failures":1,"candidates":3,"pieces":2,"direct_intervals":2,"containment_tests":6,"maximum_candidates":1,"maximum_pieces":1,"index_bytes":0,"edge_seconds":1.2830000000000001e-05,"search_seconds":1.8499999999999998e-07,"trace_seconds":9.4280000000000002e-06,"integral_seconds":7.23e-07,"exact_norms":0,"filtered_norms":4}
REJECT Uncovered native 3D singleton sensor edge.
STATS {"donors":1,"requests":3,"failures":1,"candidates":3,"pieces":2,"direct_intervals":2,"containment_tests":6,"maximum_candidates":1,"maximum_pieces":1,"index_bytes":0,"edge_seconds":1.2947e-05,"search_seconds":1.36e-07,"trace_seconds":9.5840000000000018e-06,"integral_seconds":7.37e-07,"exact_norms":0,"filtered_norms":4}
REJECT Uncovered native 3D singleton sensor edge.
STATS {"donors":1,"requests":3,"failures":1,"candidates":3,"pieces":2,"direct_intervals":2,"containment_tests":6,"maximum_candidates":1,"maximum_pieces":1,"index_bytes":0,"edge_seconds":1.2286999999999999e-05,"search_seconds":1.4999999999999999e-07,"trace_seconds":8.9749999999999996e-06,"integral_seconds":7.1799999999999994e-07,"exact_norms":0,"filtered_norms":4}
REJECT Uncovered native 3D singleton sensor edge.
STATS {"donors":1,"requests":3,"failures":1,"candidates":3,"pieces":2,"direct_intervals":2,"containment_tests":6,"maximum_candidates":1,"maximum_pieces":1,"index_bytes":0,"edge_seconds":1.2150999999999999e-05,"search_seconds":1.5800000000000001e-07,"trace_seconds":8.8289999999999997e-06,"integral_seconds":7.3199999999999994e-07,"exact_norms":0,"filtered_norms":4}
REJECT Uncovered native 3D singleton sensor edge.
STATS {"donors":1,"requests":3,"failures":1,"candidates":3,"pieces":2,"direct_intervals":2,"containment_tests":6,"maximum_candidates":1,"maximum_pieces":1,"index_bytes":0,"edge_seconds":1.2469999999999999e-05,"search_seconds":1.6800000000000002e-07,"trace_seconds":9.2150000000000007e-06,"integral_seconds":7.0399999999999995e-07,"exact_norms":0,"filtered_norms":4}
REJECT Uncovered native 3D singleton sensor edge.
STATS {"donors":1,"requests":3,"failures":1,"candidates":3,"pieces":2,"direct_intervals":2,"containment_tests":6,"maximum_candidates":1,"maximum_pieces":1,"index_bytes":0,"edge_seconds":1.2712e-05,"search_seconds":1.5100000000000002e-07,"trace_seconds":9.3280000000000012e-06,"integral_seconds":7.0800000000000004e-07,"exact_norms":0,"filtered_norms":4}
REJECT Uncovered native 3D singleton sensor edge.
STATS {"donors":1,"requests":3,"failures":1,"candidates":3,"pieces":2,"direct_intervals":2,"containment_tests":6,"maximum_candidates":1,"maximum_pieces":1,"index_bytes":0,"edge_seconds":3.9582999999999997e-05,"search_seconds":1.6299999999999999e-07,"trace_seconds":3.6303999999999997e-05,"integral_seconds":7.3600000000000003e-07,"exact_norms":0,"filtered_norms":4}
REJECT Uncovered native 3D singleton sensor edge.
STATS {"donors":1,"requests":3,"failures":1,"candidates":3,"pieces":2,"direct_intervals":2,"containment_tests":6,"maximum_candidates":1,"maximum_pieces":1,"index_bytes":0,"edge_seconds":3.9663999999999998e-05,"search_seconds":1.7599999999999999e-07,"trace_seconds":3.6233999999999999e-05,"integral_seconds":7.23e-07,"exact_norms":0,"filtered_norms":4}
REJECT Uncovered native 3D singleton sensor edge.
STATS {"donors":1,"requests":3,"failures":1,"candidates":3,"pieces":2,"direct_intervals":2,"containment_tests":6,"maximum_candidates":1,"maximum_pieces":1,"index_bytes":0,"edge_seconds":3.9366999999999998e-05,"search_seconds":1.7100000000000001e-07,"trace_seconds":3.5945999999999998e-05,"integral_seconds":7.9000000000000006e-07,"exact_norms":0,"filtered_norms":4}
REJECT Uncovered native 3D singleton sensor edge.
STATS {"donors":1,"requests":3,"failures":1,"candidates":3,"pieces":2,"direct_intervals":2,"containment_tests":6,"maximum_candidates":1,"maximum_pieces":1,"index_bytes":0,"edge_seconds":3.7910999999999997e-05,"search_seconds":1.61e-07,"trace_seconds":3.4534000000000005e-05,"integral_seconds":7.5099999999999999e-07,"exact_norms":0,"filtered_norms":4}
REJECT Uncovered native 3D singleton sensor edge.
STATS {"donors":1,"requests":3,"failures":1,"candidates":3,"pieces":2,"direct_intervals":2,"containment_tests":6,"maximum_candidates":1,"maximum_pieces":1,"index_bytes":0,"edge_seconds":3.8716e-05,"search_seconds":1.6400000000000001e-07,"trace_seconds":3.5309999999999999e-05,"integral_seconds":7.399999999999999e-07,"exact_norms":0,"filtered_norms":4}
REJECT Uncovered native 3D singleton sensor edge.
STATS {"donors":1,"requests":3,"failures":1,"candidates":3,"pieces":2,"direct_intervals":2,"containment_tests":6,"maximum_candidates":1,"maximum_pieces":1,"index_bytes":0,"edge_seconds":3.8148000000000001e-05,"search_seconds":1.43e-07,"trace_seconds":3.4867999999999999e-05,"integral_seconds":7.3400000000000009e-07,"exact_norms":0,"filtered_norms":4}
REJECT Uncovered native 3D singleton sensor edge.
STATS {"donors":1,"requests":3,"failures":1,"candidates":3,"pieces":2,"direct_intervals":2,"containment_tests":6,"maximum_candidates":1,"maximum_pieces":1,"index_bytes":0,"edge_seconds":4.0555e-05,"search_seconds":1.98e-07,"trace_seconds":3.7043000000000004e-05,"integral_seconds":8.2999999999999999e-07,"exact_norms":0,"filtered_norms":4}
REJECT Uncovered native 3D singleton sensor edge.
STATS {"donors":1,"requests":3,"failures":1,"candidates":3,"pieces":2,"direct_intervals":2,"containment_tests":6,"maximum_candidates":1,"maximum_pieces":1,"index_bytes":0,"edge_seconds":3.9779999999999995e-05,"search_seconds":1.72e-07,"trace_seconds":3.6369999999999999e-05,"integral_seconds":7.4500000000000007e-07,"exact_norms":0,"filtered_norms":4}
REJECT Uncovered native 3D singleton sensor edge.
STATS {"donors":1,"requests":3,"failures":1,"candidates":3,"pieces":2,"direct_intervals":2,"containment_tests":6,"maximum_candidates":1,"maximum_pieces":1,"index_bytes":0,"edge_seconds":3.9062e-05,"search_seconds":1.7799999999999998e-07,"trace_seconds":3.5655999999999999e-05,"integral_seconds":7.4399999999999999e-07,"exact_norms":0,"filtered_norms":4}
REJECT Uncovered native 3D singleton sensor edge.
STATS {"donors":1,"requests":3,"failures":1,"candidates":3,"pieces":2,"direct_intervals":2,"containment_tests":6,"maximum_candidates":1,"maximum_pieces":1,"index_bytes":0,"edge_seconds":3.7403999999999996e-05,"search_seconds":1.4999999999999999e-07,"trace_seconds":3.4110999999999999e-05,"integral_seconds":7.4500000000000007e-07,"exact_norms":0,"filtered_norms":4}
REJECT Uncovered native 3D singleton sensor edge.
STATS {"donors":1,"requests":3,"failures":1,"candidates":3,"pieces":2,"direct_intervals":2,"containment_tests":6,"maximum_candidates":1,"maximum_pieces":1,"index_bytes":0,"edge_seconds":5.6029000000000002e-05,"search_seconds":3.2399999999999999e-07,"trace_seconds":5.1944000000000003e-05,"integral_seconds":1.2269999999999999e-06,"exact_norms":0,"filtered_norms":4}
REJECT Uncovered native 3D singleton sensor edge.
STATS {"donors":1,"requests":3,"failures":1,"candidates":3,"pieces":2,"direct_intervals":2,"containment_tests":6,"maximum_candidates":1,"maximum_pieces":1,"index_bytes":0,"edge_seconds":3.8305999999999995e-05,"search_seconds":1.6499999999999998e-07,"trace_seconds":3.4907000000000003e-05,"integral_seconds":7.5000000000000002e-07,"exact_norms":0,"filtered_norms":4}
REJECT Uncovered native 3D singleton sensor edge.
STATS {"donors":1,"requests":3,"failures":1,"candidates":3,"pieces":2,"direct_intervals":2,"containment_tests":6,"maximum_candidates":1,"maximum_pieces":1,"index_bytes":0,"edge_seconds":4.0640999999999999e-05,"search_seconds":3.7500000000000001e-07,"trace_seconds":3.6921999999999996e-05,"integral_seconds":7.5799999999999998e-07,"exact_norms":0,"filtered_norms":4}
REJECT Uncovered native 3D singleton sensor edge.
STATS {"donors":1,"requests":3,"failures":1,"candidates":3,"pieces":2,"direct_intervals":2,"containment_tests":6,"maximum_candidates":1,"maximum_pieces":1,"index_bytes":0,"edge_seconds":3.9356000000000001e-05,"search_seconds":1.9999999999999999e-07,"trace_seconds":3.5701999999999998e-05,"integral_seconds":7.5000000000000002e-07,"exact_norms":0,"filtered_norms":4}
REJECT Uncovered native 3D singleton sensor edge.
STATS {"donors":1,"requests":3,"failures":1,"candidates":3,"pieces":2,"direct_intervals":2,"containment_tests":6,"maximum_candidates":1,"maximum_pieces":1,"index_bytes":0,"edge_seconds":3.9199999999999997e-05,"search_seconds":2.0799999999999998e-07,"trace_seconds":3.5680000000000004e-05,"integral_seconds":8.1800000000000005e-07,"exact_norms":0,"filtered_norms":4}
REJECT Uncovered native 3D singleton sensor edge.
STATS {"donors":1,"requests":3,"failures":1,"candidates":3,"pieces":2,"direct_intervals":2,"containment_tests":6,"maximum_candidates":1,"maximum_pieces":1,"index_bytes":0,"edge_seconds":3.7083999999999999e-05,"search_seconds":2.0699999999999999e-07,"trace_seconds":3.3679000000000001e-05,"integral_seconds":7.4000000000000001e-07,"exact_norms":0,"filtered_norms":4}
REJECT Uncovered native 3D singleton sensor edge.
STATS {"donors":1,"requests":3,"failures":1,"candidates":3,"pieces":2,"direct_intervals":2,"containment_tests":6,"maximum_candidates":1,"maximum_pieces":1,"index_bytes":0,"edge_seconds":3.8309000000000002e-05,"search_seconds":2.8200000000000001e-07,"trace_seconds":3.4665999999999996e-05,"integral_seconds":7.3900000000000004e-07,"exact_norms":0,"filtered_norms":4}
REJECT Uncovered native 3D singleton sensor edge.
STATS {"donors":1,"requests":3,"failures":1,"candidates":3,"pieces":2,"direct_intervals":2,"containment_tests":6,"maximum_candidates":1,"maximum_pieces":1,"index_bytes":0,"edge_seconds":3.8512e-05,"search_seconds":2.6000000000000005e-07,"trace_seconds":3.5030999999999997e-05,"integral_seconds":7.61e-07,"exact_norms":0,"filtered_norms":4}
STATS {"donors":24,"requests":3,"failures":0,"candidates":72,"pieces":28,"direct_intervals":0,"containment_tests":0,"maximum_candidates":24,"maximum_pieces":12,"index_bytes":14584,"edge_seconds":0.002931244,"search_seconds":3.5040000000000002e-06,"trace_seconds":0.0029118870000000002,"integral_seconds":9.9720000000000004e-06,"exact_norms":0,"filtered_norms":56}
STATS {"donors":24,"requests":3,"failures":0,"candidates":72,"pieces":28,"direct_intervals":0,"containment_tests":0,"maximum_candidates":24,"maximum_pieces":12,"index_bytes":14584,"edge_seconds":0.0025700979999999998,"search_seconds":2.7669999999999999e-06,"trace_seconds":0.002557077,"integral_seconds":9.6649999999999998e-06,"exact_norms":0,"filtered_norms":56}
STATS {"donors":24,"requests":3,"failures":0,"candidates":72,"pieces":28,"direct_intervals":0,"containment_tests":0,"maximum_candidates":24,"maximum_pieces":12,"index_bytes":14584,"edge_seconds":0.002705505,"search_seconds":6.2199999999999997e-06,"trace_seconds":0.0026860529999999999,"integral_seconds":1.1185999999999999e-05,"exact_norms":0,"filtered_norms":56}
STATS {"donors":2,"requests":2,"failures":0,"candidates":4,"pieces":3,"direct_intervals":0,"containment_tests":0,"maximum_candidates":2,"maximum_pieces":2,"index_bytes":8424,"edge_seconds":0.00018076400000000001,"search_seconds":1.1460000000000001e-06,"trace_seconds":0.00017819999999999999,"integral_seconds":1.0550000000000001e-06,"exact_norms":0,"filtered_norms":6}
REJECT Uncovered native 3D source segment interval.
STATS {"donors":2,"requests":1,"failures":1,"candidates":2,"pieces":0,"direct_intervals":0,"containment_tests":0,"maximum_candidates":2,"maximum_pieces":0,"index_bytes":8424,"edge_seconds":0.00010787,"search_seconds":2.5199999999999998e-07,"trace_seconds":0.00010377799999999999,"integral_seconds":0,"exact_norms":0,"filtered_norms":0}
REJECT Overlapping/nonconformal native 3D source segment donors.
STATS {"donors":2,"requests":1,"failures":1,"candidates":2,"pieces":0,"direct_intervals":0,"containment_tests":0,"maximum_candidates":2,"maximum_pieces":0,"index_bytes":8424,"edge_seconds":9.2843000000000005e-05,"search_seconds":1.5800000000000001e-07,"trace_seconds":9.0303999999999995e-05,"integral_seconds":0,"exact_norms":0,"filtered_norms":0}
REJECT Uncovered native 3D source segment endpoint.
STATS {"donors":0,"requests":1,"failures":1,"candidates":0,"pieces":0,"direct_intervals":0,"containment_tests":0,"maximum_candidates":0,"maximum_pieces":0,"index_bytes":0,"edge_seconds":6.5209999999999999e-06,"search_seconds":3.9200000000000002e-07,"trace_seconds":3.9740000000000004e-06,"integral_seconds":0,"exact_norms":0,"filtered_norms":0}
