Filters: [NativeDistributed3D]
Filters: [NativeDistributed3D]
DIRECTORY discovery rank=0 ranks=2 builds=2 lookups=6 fetches=3 reservations=0 publications=0 rejected=4 scanned=18 payloads=14 elections=54 max_dependencies=6 resident_bytes=4800 max_directory_work_bytes=43912 max_exchange_work_bytes=10368 bytes_sent=4392 collective_calls=45 build_s=6.6539e-05 lookup_s=8.0879e-05 fetch_s=8.8974e-05 reserve_s=0 publish_s=0 election_nested_s=2.7016e-05 world_transport_partial_s=5.4572e-05
DIRECTORY discovery rank=1 ranks=2 builds=2 lookups=6 fetches=3 reservations=0 publications=0 rejected=4 scanned=0 payloads=0 elections=54 max_dependencies=0 resident_bytes=864 max_directory_work_bytes=13480 max_exchange_work_bytes=7384 bytes_sent=3112 collective_calls=45 build_s=8.2073e-05 lookup_s=0.000111283 fetch_s=8.9261e-05 reserve_s=0 publish_s=0 election_nested_s=0.000115053 world_transport_partial_s=6.3844e-05
DIRECTORY conflict rank=0 ranks=2 builds=1 lookups=1 fetches=1 reservations=1 publications=0 rejected=0 scanned=12 payloads=6 elections=23 max_dependencies=6 resident_bytes=4800 max_directory_work_bytes=23768 max_exchange_work_bytes=12408 bytes_sent=3840 collective_calls=22 build_s=3.3042e-05 lookup_s=2.2127e-05 fetch_s=2.8401e-05 reserve_s=1.8594e-05 publish_s=0 election_nested_s=1.1318e-05 world_transport_partial_s=2.3857e-05
DIRECTORY conflict rank=1 ranks=2 builds=1 lookups=1 fetches=1 reservations=1 publications=0 rejected=1 scanned=0 payloads=6 elections=23 max_dependencies=6 resident_bytes=864 max_directory_work_bytes=10025 max_exchange_work_bytes=8472 bytes_sent=3232 collective_calls=22 build_s=4.5303e-05 lookup_s=3.6651e-05 fetch_s=2.8014e-05 reserve_s=1.901e-05 publish_s=0 election_nested_s=4.744e-05 world_transport_partial_s=2.7206e-05
MESH coupled_initial 0 17 0 0 0 0 6 1 1 1 1 1 0 0 2 1 1 0 1 6 1 0 0 0 0 0
MESH coupled_initial 1 18 0 0 0 0 6 1 1 1 2 1 1 0 3 0 1 0 1 8 1 2 0 0 0 0
MESH coupled_initial 2 19 0 0 0 0 6 1 1 1 3 0 1 0 7 0 1 1 1 9 1 3 0 0 0 0
MESH coupled_initial 3 20 0 0 0 0 6 1 1 1 7 0 1 1 4 0 0 1 1 11 1 5 0 0 0 0
MESH coupled_initial 4 21 0 0 0 0 6 1 1 1 4 0 0 1 5 1 0 1 1 10 1 4 0 0 0 0
MESH coupled_initial 5 22 0 0 0 0 6 1 1 1 5 1 0 1 1 1 0 0 1 7 1 1 0 0 0 0
MESH coupled_refined 100 117 0 0 0 0 8 0.5 0.5 0.5 1 1 0 0 2 1 1 0 0 0 1 0 0 0 0 0
MESH coupled_refined 101 118 8 0.5 0.5 0.5 6 1 1 1 1 1 0 0 2 1 1 0 1 6 0 0 0 0 0 0
MESH coupled_refined 102 119 0 0 0 0 8 0.5 0.5 0.5 2 1 1 0 3 0 1 0 0 0 1 2 0 0 0 0
MESH coupled_refined 103 120 8 0.5 0.5 0.5 6 1 1 1 2 1 1 0 3 0 1 0 1 8 0 0 0 0 0 0
MESH coupled_refined 104 121 0 0 0 0 8 0.5 0.5 0.5 3 0 1 0 7 0 1 1 0 0 1 3 0 0 0 0
MESH coupled_refined 105 122 8 0.5 0.5 0.5 6 1 1 1 3 0 1 0 7 0 1 1 1 9 0 0 0 0 0 0
MESH coupled_refined 106 123 0 0 0 0 8 0.5 0.5 0.5 7 0 1 1 4 0 0 1 0 0 1 5 0 0 0 0
MESH coupled_refined 107 124 8 0.5 0.5 0.5 6 1 1 1 7 0 1 1 4 0 0 1 1 11 0 0 0 0 0 0
MESH coupled_refined 108 125 0 0 0 0 8 0.5 0.5 0.5 4 0 0 1 5 1 0 1 0 0 1 4 0 0 0 0
MESH coupled_refined 109 126 8 0.5 0.5 0.5 6 1 1 1 4 0 0 1 5 1 0 1 1 10 0 0 0 0 0 0
MESH coupled_refined 110 127 0 0 0 0 8 0.5 0.5 0.5 5 1 0 1 1 1 0 0 0 0 1 1 0 0 0 0
MESH coupled_refined 111 128 8 0.5 0.5 0.5 6 1 1 1 5 1 0 1 1 1 0 0 1 7 0 0 0 0 0 0
MESH coupled_coarsened 200 217 0 0 0 0 6 1 1 1 1 1 0 0 2 1 1 0 1 6 1 0 0 0 0 0
MESH coupled_coarsened 201 218 6 1 1 1 0 0 0 0 1 1 0 0 5 1 0 1 1 1 1 7 0 0 0 0
MESH coupled_coarsened 202 219 0 0 0 0 6 1 1 1 2 1 1 0 3 0 1 0 1 8 1 2 0 0 0 0
MESH coupled_coarsened 203 220 0 0 0 0 6 1 1 1 3 0 1 0 7 0 1 1 1 9 1 3 0 0 0 0
MESH coupled_coarsened 204 221 0 0 0 0 6 1 1 1 4 0 0 1 5 1 0 1 1 10 1 4 0 0 0 0
MESH coupled_coarsened 205 222 6 1 1 1 0 0 0 0 4 0 0 1 7 0 1 1 1 5 1 11 0 0 0 0
DIRECTORY coupled rank=1 ranks=2 builds=1 lookups=4 fetches=2 reservations=2 publications=2 rejected=1 scanned=0 payloads=0 elections=65 max_dependencies=0 resident_bytes=1344 max_directory_work_bytes=23880 max_exchange_work_bytes=28216 bytes_sent=17232 collective_calls=86 build_s=4.4301e-05 lookup_s=0.000452685 fetch_s=0.000117328 reserve_s=5.0479e-05 publish_s=0.000166075 election_nested_s=0.000441626 world_transport_partial_s=0.00140354
DIRECTORY coupled rank=0 ranks=2 builds=1 lookups=4 fetches=2 reservations=2 publications=2 rejected=1 scanned=30 payloads=18 elections=65 max_dependencies=12 resident_bytes=4320 max_directory_work_bytes=50344 max_exchange_work_bytes=42624 bytes_sent=23808 collective_calls=86 build_s=3.1001e-05 lookup_s=0.000220042 fetch_s=0.000136077 reserve_s=3.2739e-05 publish_s=0.00017248 election_nested_s=5.5696e-05 world_transport_partial_s=0.000155377
DIRECTORY rollback rank=0 ranks=2 builds=1 lookups=3 fetches=3 reservations=1 publications=0 rejected=10 scanned=6 payloads=6 elections=47 max_dependencies=6 resident_bytes=4800 max_directory_work_bytes=18446744073709551615 max_exchange_work_bytes=10624 bytes_sent=5648 collective_calls=27 build_s=3.8849e-05 lookup_s=2.1588e-05 fetch_s=5.5725e-05 reserve_s=2.35e-06 publish_s=7.2644e-05 election_nested_s=4.2446e-05 world_transport_partial_s=3.4936e-05
DIRECTORY rollback rank=1 ranks=2 builds=1 lookups=3 fetches=3 reservations=1 publications=0 rejected=10 scanned=0 payloads=0 elections=47 max_dependencies=0 resident_bytes=864 max_directory_work_bytes=9728 max_exchange_work_bytes=7384 bytes_sent=2856 collective_calls=27 build_s=3.7614e-05 lookup_s=3.6332e-05 fetch_s=7.0585e-05 reserve_s=2.315e-06 publish_s=7.4209e-05 election_nested_s=0.000109087 world_transport_partial_s=4.5731e-05
DIRECTORY overbudget rank=1 ranks=2 builds=1 lookups=1 fetches=0 reservations=0 publications=0 rejected=1 scanned=0 payloads=0 elections=13 max_dependencies=0 resident_bytes=30192 max_directory_work_bytes=91880 max_exchange_work_bytes=92336 bytes_sent=16640 collective_calls=9 build_s=0.000203826 lookup_s=2.3635e-05 fetch_s=0 reserve_s=0 publish_s=0 election_nested_s=2.9031e-05 world_transport_partial_s=3.0511e-05
DIRECTORY overbudget rank=0 ranks=2 builds=1 lookups=1 fetches=0 reservations=0 publications=0 rejected=1 scanned=65 payloads=0 elections=13 max_dependencies=0 resident_bytes=29280 max_directory_work_bytes=90808 max_exchange_work_bytes=92616 bytes_sent=17248 collective_calls=9 build_s=0.000190586 lookup_s=2.7922e-05 fetch_s=0 reserve_s=0 publish_s=0 election_nested_s=1.6336e-05 world_transport_partial_s=3.2278e-05
DIRECTORY subset rank=0 ranks=1 builds=1 lookups=1 fetches=1 reservations=1 publications=1 rejected=0 scanned=6 payloads=6 elections=30 max_dependencies=6 resident_bytes=10656 max_directory_work_bytes=61888 max_exchange_work_bytes=59472 bytes_sent=19560 collective_calls=34 build_s=7.5714e-05 lookup_s=2.3674e-05 fetch_s=1.7513e-05 reserve_s=7.539e-06 publish_s=0.000147052 election_nested_s=3.788e-06 world_transport_partial_s=3.029e-05
SUBSET_RETURN N=2 M=1 rank=1 local_cells=6 valid=1
MESH returned_m1 100 117 0 0 0 0 8 0.5 0.5 0.5 1 1 0 0 2 1 1 0 0 0 1 0 0 0 0 0
MESH returned_m1 101 118 8 0.5 0.5 0.5 6 1 1 1 1 1 0 0 2 1 1 0 1 6 0 0 0 0 0 0
MESH returned_m1 102 119 0 0 0 0 8 0.5 0.5 0.5 2 1 1 0 3 0 1 0 0 0 1 2 0 0 0 0
MESH returned_m1 103 120 8 0.5 0.5 0.5 6 1 1 1 2 1 1 0 3 0 1 0 1 8 0 0 0 0 0 0
MESH returned_m1 104 121 0 0 0 0 8 0.5 0.5 0.5 3 0 1 0 7 0 1 1 0 0 1 3 0 0 0 0
MESH returned_m1 105 122 8 0.5 0.5 0.5 6 1 1 1 3 0 1 0 7 0 1 1 1 9 0 0 0 0 0 0
MESH returned_m1 106 123 0 0 0 0 8 0.5 0.5 0.5 7 0 1 1 4 0 0 1 0 0 1 5 0 0 0 0
MESH returned_m1 107 124 8 0.5 0.5 0.5 6 1 1 1 7 0 1 1 4 0 0 1 1 11 0 0 0 0 0 0
MESH returned_m1 108 125 0 0 0 0 8 0.5 0.5 0.5 4 0 0 1 5 1 0 1 0 0 1 4 0 0 0 0
MESH returned_m1 109 126 8 0.5 0.5 0.5 6 1 1 1 4 0 0 1 5 1 0 1 1 10 0 0 0 0 0 0
MESH returned_m1 110 127 0 0 0 0 8 0.5 0.5 0.5 5 1 0 1 1 1 0 0 0 0 1 1 0 0 0 0
MESH returned_m1 111 128 8 0.5 0.5 0.5 6 1 1 1 5 1 0 1 1 1 0 0 1 7 0 0 0 0 0 0
SUBSET_RETURN N=2 M=1 rank=0 local_cells=6 valid=1
DIRECTORY subset rank=1 ranks=2 builds=1 lookups=1 fetches=1 reservations=1 publications=1 rejected=0 scanned=0 payloads=0 elections=30 max_dependencies=0 resident_bytes=2112 max_directory_work_bytes=21120 max_exchange_work_bytes=25736 bytes_sent=8136 collective_calls=34 build_s=3.0545e-05 lookup_s=2.1818e-05 fetch_s=2.6202e-05 reserve_s=1.5307e-05 publish_s=0.00013509 election_nested_s=6.2169e-05 world_transport_partial_s=0.00100943
DIRECTORY subset rank=0 ranks=2 builds=1 lookups=1 fetches=1 reservations=1 publications=1 rejected=0 scanned=6 payloads=6 elections=30 max_dependencies=6 resident_bytes=8544 max_directory_work_bytes=43736 max_exchange_work_bytes=39104 bytes_sent=11424 collective_calls=34 build_s=3.1489e-05 lookup_s=2.0513e-05 fetch_s=2.6131e-05 reserve_s=1.5205e-05 publish_s=0.000137316 election_nested_s=2.2017e-05 world_transport_partial_s=7.5577e-05
MESH returned_m2 100 117 0 0 0 0 8 0.5 0.5 0.5 1 1 0 0 2 1 1 0 0 0 1 0 0 0 0 0
MESH returned_m2 101 118 8 0.5 0.5 0.5 6 1 1 1 1 1 0 0 2 1 1 0 1 6 0 0 0 0 0 0
MESH returned_m2 102 119 0 0 0 0 8 0.5 0.5 0.5 2 1 1 0 3 0 1 0 0 0 1 2 0 0 0 0
MESH returned_m2 103 120 8 0.5 0.5 0.5 6 1 1 1 2 1 1 0 3 0 1 0 1 8 0 0 0 0 0 0
MESH returned_m2 104 121 0 0 0 0 8 0.5 0.5 0.5 3 0 1 0 7 0 1 1 0 0 1 3 0 0 0 0
MESH returned_m2 105 122 8 0.5 0.5 0.5 6 1 1 1 3 0 1 0 7 0 1 1 1 9 0 0 0 0 0 0
SUBSET_RETURN N=2 M=2 rank=1 local_cells=6 valid=1
MESH returned_m2 106 123 0 0 0 0 8 0.5 0.5 0.5 7 0 1 1 4 0 0 1 0 0 1 5 0 0 0 0
MESH returned_m2 107 124 8 0.5 0.5 0.5 6 1 1 1 7 0 1 1 4 0 0 1 1 11 0 0 0 0 0 0
MESH returned_m2 108 125 0 0 0 0 8 0.5 0.5 0.5 4 0 0 1 5 1 0 1 0 0 1 4 0 0 0 0
MESH returned_m2 109 126 8 0.5 0.5 0.5 6 1 1 1 4 0 0 1 5 1 0 1 1 10 0 0 0 0 0 0
MESH returned_m2 110 127 0 0 0 0 8 0.5 0.5 0.5 5 1 0 1 1 1 0 0 0 0 1 1 0 0 0 0
MESH returned_m2 111 128 8 0.5 0.5 0.5 6 1 1 1 5 1 0 1 1 1 0 0 1 7 0 0 0 0 0 0
SUBSET_RETURN N=2 M=2 rank=0 local_cells=6 valid=1
===============================================================================
All tests passed (91 assertions in 9 test cases)

===============================================================================
All tests passed (104 assertions in 9 test cases)

