Filters: [NativeDistributed3D]
Filters: [NativeDistributed3D]
Filters: [NativeDistributed3D]
Filters: [NativeDistributed3D]
DIRECTORY discovery rank=2 ranks=4 builds=2 lookups=6 fetches=3 reservations=0 publications=0 rejected=4 scanned=0 payloads=0 elections=54 max_dependencies=0 resident_bytes=1104 max_directory_work_bytes=10064 max_exchange_work_bytes=3808 bytes_sent=952 collective_calls=45 build_s=5.8458e-05 lookup_s=0.000162882 fetch_s=0.000110758 reserve_s=0 publish_s=0 election_nested_s=0.000122334 world_transport_partial_s=0.000116997
DIRECTORY discovery rank=3 ranks=4 builds=2 lookups=6 fetches=3 reservations=0 publications=0 rejected=4 scanned=0 payloads=0 elections=54 max_dependencies=0 resident_bytes=240 max_directory_work_bytes=12952 max_exchange_work_bytes=3184 bytes_sent=992 collective_calls=45 build_s=6.1632e-05 lookup_s=0.000171399 fetch_s=0.000110496 reserve_s=0 publish_s=0 election_nested_s=0.000133745 world_transport_partial_s=0.000116313
DIRECTORY discovery rank=0 ranks=4 builds=2 lookups=6 fetches=3 reservations=0 publications=0 rejected=4 scanned=18 payloads=14 elections=54 max_dependencies=6 resident_bytes=3696 max_directory_work_bytes=42856 max_exchange_work_bytes=8624 bytes_sent=3440 collective_calls=45 build_s=4.7483e-05 lookup_s=0.000137534 fetch_s=0.000110566 reserve_s=0 publish_s=0 election_nested_s=5.2691e-05 world_transport_partial_s=0.000102561
DIRECTORY discovery rank=1 ranks=4 builds=2 lookups=6 fetches=3 reservations=0 publications=0 rejected=4 scanned=0 payloads=0 elections=54 max_dependencies=0 resident_bytes=624 max_directory_work_bytes=9584 max_exchange_work_bytes=5512 bytes_sent=2120 collective_calls=45 build_s=5.9662e-05 lookup_s=0.000165499 fetch_s=0.000110264 reserve_s=0 publish_s=0 election_nested_s=0.000128355 world_transport_partial_s=0.000113748
DIRECTORY conflict rank=3 ranks=4 builds=1 lookups=1 fetches=1 reservations=1 publications=0 rejected=1 scanned=0 payloads=6 elections=23 max_dependencies=6 resident_bytes=240 max_directory_work_bytes=9497 max_exchange_work_bytes=6712 bytes_sent=1752 collective_calls=22 build_s=9.6165e-05 lookup_s=5.621e-05 fetch_s=4.7662e-05 reserve_s=3.4712e-05 publish_s=0 election_nested_s=5.6354e-05 world_transport_partial_s=8.6141e-05
DIRECTORY conflict rank=0 ranks=4 builds=1 lookups=1 fetches=1 reservations=1 publications=0 rejected=0 scanned=24 payloads=6 elections=23 max_dependencies=6 resident_bytes=3696 max_directory_work_bytes=35320 max_exchange_work_bytes=12704 bytes_sent=4400 collective_calls=22 build_s=7.047e-05 lookup_s=4.1688e-05 fetch_s=4.7394e-05 reserve_s=3.444e-05 publish_s=0 election_nested_s=2.1829e-05 world_transport_partial_s=7.2083e-05
DIRECTORY conflict rank=2 ranks=4 builds=1 lookups=1 fetches=1 reservations=1 publications=0 rejected=1 scanned=0 payloads=6 elections=23 max_dependencies=6 resident_bytes=1104 max_directory_work_bytes=10361 max_exchange_work_bytes=7576 bytes_sent=1776 collective_calls=22 build_s=7.9159e-05 lookup_s=5.3556e-05 fetch_s=4.7473e-05 reserve_s=3.448e-05 publish_s=0 election_nested_s=5.0244e-05 world_transport_partial_s=8.3629e-05
DIRECTORY conflict rank=1 ranks=4 builds=1 lookups=1 fetches=1 reservations=1 publications=0 rejected=1 scanned=0 payloads=6 elections=23 max_dependencies=6 resident_bytes=624 max_directory_work_bytes=9881 max_exchange_work_bytes=9632 bytes_sent=3160 collective_calls=22 build_s=7.6899e-05 lookup_s=5.3243e-05 fetch_s=4.7336e-05 reserve_s=3.4664e-05 publish_s=0 election_nested_s=4.634e-05 world_transport_partial_s=7.9225e-05
MESH coupled_initial 0 17 0 0 0 0 6 1 1 1 1 1 0 0 2 1 1 0 1 6 1 0 0 0 0 0
MESH coupled_initial 1 18 0 0 0 0 6 1 1 1 2 1 1 0 3 0 1 0 1 8 1 2 0 0 0 0
MESH coupled_initial 2 19 0 0 0 0 6 1 1 1 3 0 1 0 7 0 1 1 1 9 1 3 0 0 0 0
MESH coupled_initial 3 20 0 0 0 0 6 1 1 1 7 0 1 1 4 0 0 1 1 11 1 5 0 0 0 0
MESH coupled_initial 4 21 0 0 0 0 6 1 1 1 4 0 0 1 5 1 0 1 1 10 1 4 0 0 0 0
MESH coupled_initial 5 22 0 0 0 0 6 1 1 1 5 1 0 1 1 1 0 0 1 7 1 1 0 0 0 0
MESH coupled_refined 100 117 0 0 0 0 8 0.5 0.5 0.5 1 1 0 0 2 1 1 0 0 0 1 0 0 0 0 0
MESH coupled_refined 101 118 8 0.5 0.5 0.5 6 1 1 1 1 1 0 0 2 1 1 0 1 6 0 0 0 0 0 0
MESH coupled_refined 102 119 0 0 0 0 8 0.5 0.5 0.5 2 1 1 0 3 0 1 0 0 0 1 2 0 0 0 0
MESH coupled_refined 103 120 8 0.5 0.5 0.5 6 1 1 1 2 1 1 0 3 0 1 0 1 8 0 0 0 0 0 0
MESH coupled_refined 104 121 0 0 0 0 8 0.5 0.5 0.5 3 0 1 0 7 0 1 1 0 0 1 3 0 0 0 0
MESH coupled_refined 105 122 8 0.5 0.5 0.5 6 1 1 1 3 0 1 0 7 0 1 1 1 9 0 0 0 0 0 0
MESH coupled_refined 106 123 0 0 0 0 8 0.5 0.5 0.5 7 0 1 1 4 0 0 1 0 0 1 5 0 0 0 0
MESH coupled_refined 107 124 8 0.5 0.5 0.5 6 1 1 1 7 0 1 1 4 0 0 1 1 11 0 0 0 0 0 0
MESH coupled_refined 108 125 0 0 0 0 8 0.5 0.5 0.5 4 0 0 1 5 1 0 1 0 0 1 4 0 0 0 0
MESH coupled_refined 109 126 8 0.5 0.5 0.5 6 1 1 1 4 0 0 1 5 1 0 1 1 10 0 0 0 0 0 0
MESH coupled_refined 110 127 0 0 0 0 8 0.5 0.5 0.5 5 1 0 1 1 1 0 0 0 0 1 1 0 0 0 0
MESH coupled_refined 111 128 8 0.5 0.5 0.5 6 1 1 1 5 1 0 1 1 1 0 0 1 7 0 0 0 0 0 0
MESH coupled_coarsened 200 217 0 0 0 0 6 1 1 1 1 1 0 0 2 1 1 0 1 6 1 0 0 0 0 0
MESH coupled_coarsened 201 218 6 1 1 1 0 0 0 0 1 1 0 0 5 1 0 1 1 1 1 7 0 0 0 0
MESH coupled_coarsened 202 219 0 0 0 0 6 1 1 1 2 1 1 0 3 0 1 0 1 8 1 2 0 0 0 0
MESH coupled_coarsened 203 220 0 0 0 0 6 1 1 1 3 0 1 0 7 0 1 1 1 9 1 3 0 0 0 0
MESH coupled_coarsened 204 221 0 0 0 0 6 1 1 1 4 0 0 1 5 1 0 1 1 10 1 4 0 0 0 0
MESH coupled_coarsened 205 222 6 1 1 1 0 0 0 0 4 0 0 1 7 0 1 1 1 5 1 11 0 0 0 0
DIRECTORY coupled rank=0 ranks=4 builds=1 lookups=4 fetches=2 reservations=2 publications=2 rejected=1 scanned=30 payloads=18 elections=65 max_dependencies=12 resident_bytes=3936 max_directory_work_bytes=39264 max_exchange_work_bytes=31472 bytes_sent=16392 collective_calls=86 build_s=4.1092e-05 lookup_s=0.000196974 fetch_s=0.00012119 reserve_s=6.2769e-05 publish_s=0.000168116 election_nested_s=8.8109e-05 world_transport_partial_s=0.000293062
DIRECTORY coupled rank=2 ranks=4 builds=1 lookups=4 fetches=2 reservations=2 publications=2 rejected=1 scanned=0 payloads=0 elections=65 max_dependencies=0 resident_bytes=384 max_directory_work_bytes=11008 max_exchange_work_bytes=13104 bytes_sent=7416 collective_calls=86 build_s=5.4147e-05 lookup_s=0.000698731 fetch_s=0.000121348 reserve_s=6.294e-05 publish_s=0.000294685 election_nested_s=0.000833741 world_transport_partial_s=0.00160873
DIRECTORY coupled rank=3 ranks=4 builds=1 lookups=4 fetches=2 reservations=2 publications=2 rejected=1 scanned=0 payloads=0 elections=65 max_dependencies=0 resident_bytes=240 max_directory_work_bytes=10624 max_exchange_work_bytes=12528 bytes_sent=7416 collective_calls=86 build_s=0.000116622 lookup_s=0.000699173 fetch_s=0.000121119 reserve_s=6.2675e-05 publish_s=0.000294326 election_nested_s=0.000886425 world_transport_partial_s=0.00159955
DIRECTORY coupled rank=1 ranks=4 builds=1 lookups=4 fetches=2 reservations=2 publications=2 rejected=1 scanned=0 payloads=0 elections=65 max_dependencies=0 resident_bytes=1104 max_directory_work_bytes=12080 max_exchange_work_bytes=15440 bytes_sent=9816 collective_calls=86 build_s=5.3484e-05 lookup_s=0.000698602 fetch_s=0.000120919 reserve_s=6.2644e-05 publish_s=0.000292527 election_nested_s=0.000821495 world_transport_partial_s=0.00158306
DIRECTORY rollback rank=3 ranks=4 builds=1 lookups=3 fetches=3 reservations=1 publications=0 rejected=10 scanned=0 payloads=0 elections=47 max_dependencies=0 resident_bytes=240 max_directory_work_bytes=9200 max_exchange_work_bytes=3184 bytes_sent=952 collective_calls=27 build_s=4.4742e-05 lookup_s=5.6515e-05 fetch_s=0.00012655 reserve_s=4.28e-06 publish_s=0.000112805 election_nested_s=0.000170991 world_transport_partial_s=8.9131e-05
DIRECTORY rollback rank=1 ranks=4 builds=1 lookups=3 fetches=3 reservations=1 publications=0 rejected=10 scanned=0 payloads=0 elections=47 max_dependencies=0 resident_bytes=624 max_directory_work_bytes=9584 max_exchange_work_bytes=5512 bytes_sent=1904 collective_calls=27 build_s=4.3545e-05 lookup_s=5.2597e-05 fetch_s=0.000122891 reserve_s=4.316e-06 publish_s=0.000113288 election_nested_s=0.000182529 world_transport_partial_s=8.9047e-05
DIRECTORY rollback rank=0 ranks=4 builds=1 lookups=3 fetches=3 reservations=1 publications=0 rejected=10 scanned=6 payloads=6 elections=47 max_dependencies=6 resident_bytes=3696 max_directory_work_bytes=18446744073709551615 max_exchange_work_bytes=9416 bytes_sent=4696 collective_calls=27 build_s=4.5975e-05 lookup_s=3.9734e-05 fetch_s=0.000110092 reserve_s=4.363e-06 publish_s=0.000111917 election_nested_s=9.445e-05 world_transport_partial_s=7.002e-05
DIRECTORY rollback rank=2 ranks=4 builds=1 lookups=3 fetches=3 reservations=1 publications=0 rejected=10 scanned=0 payloads=0 elections=47 max_dependencies=0 resident_bytes=1104 max_directory_work_bytes=10064 max_exchange_work_bytes=3808 bytes_sent=952 collective_calls=27 build_s=4.5371e-05 lookup_s=5.2833e-05 fetch_s=0.000122602 reserve_s=4.288e-06 publish_s=0.000113696 election_nested_s=0.000185736 world_transport_partial_s=9.0468e-05
DIRECTORY overbudget rank=3 ranks=4 builds=1 lookups=1 fetches=0 reservations=0 publications=0 rejected=1 scanned=0 payloads=0 elections=13 max_dependencies=0 resident_bytes=10848 max_directory_work_bytes=34576 max_exchange_work_bytes=41536 bytes_sent=8320 collective_calls=9 build_s=0.000124887 lookup_s=7.5377e-05 fetch_s=0 reserve_s=0 publish_s=0 election_nested_s=8.1738e-05 world_transport_partial_s=2.8406e-05
DIRECTORY overbudget rank=2 ranks=4 builds=1 lookups=1 fetches=0 reservations=0 publications=0 rejected=1 scanned=0 payloads=0 elections=13 max_dependencies=0 resident_bytes=9168 max_directory_work_bytes=32600 max_exchange_work_bytes=41328 bytes_sent=8320 collective_calls=9 build_s=0.000124192 lookup_s=8.0113e-05 fetch_s=0 reserve_s=0 publish_s=0 election_nested_s=8.8159e-05 world_transport_partial_s=2.8571e-05
DIRECTORY overbudget rank=0 ranks=4 builds=1 lookups=1 fetches=0 reservations=0 publications=0 rejected=1 scanned=65 payloads=0 elections=13 max_dependencies=0 resident_bytes=20112 max_directory_work_bytes=51840 max_exchange_work_bytes=54680 bytes_sent=8928 collective_calls=9 build_s=0.000113909 lookup_s=3.7018e-05 fetch_s=0 reserve_s=0 publish_s=0 election_nested_s=1.3398e-05 world_transport_partial_s=2.5348e-05
DIRECTORY overbudget rank=1 ranks=4 builds=1 lookups=1 fetches=0 reservations=0 publications=0 rejected=1 scanned=0 payloads=0 elections=13 max_dependencies=0 resident_bytes=19344 max_directory_work_bytes=50104 max_exchange_work_bytes=52352 bytes_sent=8320 collective_calls=9 build_s=0.00012445 lookup_s=3.9983e-05 fetch_s=0 reserve_s=0 publish_s=0 election_nested_s=3.6125e-05 world_transport_partial_s=2.9471e-05
DIRECTORY subset rank=1 ranks=2 builds=1 lookups=1 fetches=1 reservations=1 publications=1 rejected=0 scanned=0 payloads=0 elections=30 max_dependencies=0 resident_bytes=2112 max_directory_work_bytes=21120 max_exchange_work_bytes=25736 bytes_sent=8136 collective_calls=34 build_s=3.4459e-05 lookup_s=2.0394e-05 fetch_s=2.5811e-05 reserve_s=1.6816e-05 publish_s=0.000110798 election_nested_s=4.7989e-05 world_transport_partial_s=0.000681739
DIRECTORY subset rank=0 ranks=2 builds=1 lookups=1 fetches=1 reservations=1 publications=1 rejected=0 scanned=6 payloads=6 elections=30 max_dependencies=6 resident_bytes=8544 max_directory_work_bytes=43736 max_exchange_work_bytes=39104 bytes_sent=11424 collective_calls=34 build_s=3.5202e-05 lookup_s=1.9046e-05 fetch_s=2.5809e-05 reserve_s=1.72e-05 publish_s=0.000113682 election_nested_s=1.6517e-05 world_transport_partial_s=8.6183e-05
SUBSET_RETURN N=4 M=2 rank=2 local_cells=3 valid=1
SUBSET_RETURN N=4 M=2 rank=3 local_cells=3 valid=1
MESH returned_m2 100 117 0 0 0 0 8 0.5 0.5 0.5 1 1 0 0 2 1 1 0 0 0 1 0 0 0 0 0
MESH returned_m2 101 118 8 0.5 0.5 0.5 6 1 1 1 1 1 0 0 2 1 1 0 1 6 0 0 0 0 0 0
MESH returned_m2 102 119 0 0 0 0 8 0.5 0.5 0.5 2 1 1 0 3 0 1 0 0 0 1 2 0 0 0 0
SUBSET_RETURN N=4 M=2 rank=1 local_cells=3 valid=1
MESH returned_m2 103 120 8 0.5 0.5 0.5 6 1 1 1 2 1 1 0 3 0 1 0 1 8 0 0 0 0 0 0
MESH returned_m2 104 121 0 0 0 0 8 0.5 0.5 0.5 3 0 1 0 7 0 1 1 0 0 1 3 0 0 0 0
MESH returned_m2 105 122 8 0.5 0.5 0.5 6 1 1 1 3 0 1 0 7 0 1 1 1 9 0 0 0 0 0 0
MESH returned_m2 106 123 0 0 0 0 8 0.5 0.5 0.5 7 0 1 1 4 0 0 1 0 0 1 5 0 0 0 0
MESH returned_m2 107 124 8 0.5 0.5 0.5 6 1 1 1 7 0 1 1 4 0 0 1 1 11 0 0 0 0 0 0
MESH returned_m2 108 125 0 0 0 0 8 0.5 0.5 0.5 4 0 0 1 5 1 0 1 0 0 1 4 0 0 0 0
MESH returned_m2 109 126 8 0.5 0.5 0.5 6 1 1 1 4 0 0 1 5 1 0 1 1 10 0 0 0 0 0 0
MESH returned_m2 110 127 0 0 0 0 8 0.5 0.5 0.5 5 1 0 1 1 1 0 0 0 0 1 1 0 0 0 0
MESH returned_m2 111 128 8 0.5 0.5 0.5 6 1 1 1 5 1 0 1 1 1 0 0 1 7 0 0 0 0 0 0
SUBSET_RETURN N=4 M=2 rank=0 local_cells=3 valid=1
DIRECTORY subset rank=1 ranks=3 builds=1 lookups=1 fetches=1 reservations=1 publications=1 rejected=0 scanned=0 payloads=0 elections=30 max_dependencies=0 resident_bytes=5760 max_directory_work_bytes=26456 max_exchange_work_bytes=24368 bytes_sent=5424 collective_calls=34 build_s=5.088e-05 lookup_s=2.988e-05 fetch_s=3.5983e-05 reserve_s=2.5393e-05 publish_s=0.000122633 election_nested_s=3.2591e-05 world_transport_partial_s=0.000811537
DIRECTORY subset rank=2 ranks=3 builds=1 lookups=1 fetches=1 reservations=1 publications=1 rejected=0 scanned=0 payloads=0 elections=30 max_dependencies=0 resident_bytes=2304 max_directory_work_bytes=16560 max_exchange_work_bytes=19872 bytes_sent=5424 collective_calls=34 build_s=4.9683e-05 lookup_s=3.0127e-05 fetch_s=3.6043e-05 reserve_s=2.5554e-05 publish_s=0.000122164 election_nested_s=6.2226e-05 world_transport_partial_s=0.000811401
DIRECTORY subset rank=0 ranks=3 builds=1 lookups=1 fetches=1 reservations=1 publications=1 rejected=0 scanned=6 payloads=6 elections=30 max_dependencies=6 resident_bytes=2592 max_directory_work_bytes=17176 max_exchange_work_bytes=19168 bytes_sent=8712 collective_calls=34 build_s=5.0605e-05 lookup_s=2.9886e-05 fetch_s=3.6046e-05 reserve_s=2.5456e-05 publish_s=0.000122878 election_nested_s=6.5082e-05 world_transport_partial_s=0.00013279
SUBSET_RETURN N=4 M=3 rank=2 local_cells=3 valid=1
SUBSET_RETURN N=4 M=3 rank=3 local_cells=3 valid=1
SUBSET_RETURN N=4 M=3 rank=1 local_cells=3 valid=1
MESH returned_m3 100 117 0 0 0 0 8 0.5 0.5 0.5 1 1 0 0 2 1 1 0 0 0 1 0 0 0 0 0
MESH returned_m3 101 118 8 0.5 0.5 0.5 6 1 1 1 1 1 0 0 2 1 1 0 1 6 0 0 0 0 0 0
MESH returned_m3 102 119 0 0 0 0 8 0.5 0.5 0.5 2 1 1 0 3 0 1 0 0 0 1 2 0 0 0 0
MESH returned_m3 103 120 8 0.5 0.5 0.5 6 1 1 1 2 1 1 0 3 0 1 0 1 8 0 0 0 0 0 0
MESH returned_m3 104 121 0 0 0 0 8 0.5 0.5 0.5 3 0 1 0 7 0 1 1 0 0 1 3 0 0 0 0
MESH returned_m3 105 122 8 0.5 0.5 0.5 6 1 1 1 3 0 1 0 7 0 1 1 1 9 0 0 0 0 0 0
MESH returned_m3 106 123 0 0 0 0 8 0.5 0.5 0.5 7 0 1 1 4 0 0 1 0 0 1 5 0 0 0 0
MESH returned_m3 107 124 8 0.5 0.5 0.5 6 1 1 1 7 0 1 1 4 0 0 1 1 11 0 0 0 0 0 0
MESH returned_m3 108 125 0 0 0 0 8 0.5 0.5 0.5 4 0 0 1 5 1 0 1 0 0 1 4 0 0 0 0
MESH returned_m3 109 126 8 0.5 0.5 0.5 6 1 1 1 4 0 0 1 5 1 0 1 1 10 0 0 0 0 0 0
MESH returned_m3 110 127 0 0 0 0 8 0.5 0.5 0.5 5 1 0 1 1 1 0 0 0 0 1 1 0 0 0 0
MESH returned_m3 111 128 8 0.5 0.5 0.5 6 1 1 1 5 1 0 1 1 1 0 0 1 7 0 0 0 0 0 0
SUBSET_RETURN N=4 M=3 rank=0 local_cells=3 valid=1
DIRECTORY subset rank=3 ranks=4 builds=1 lookups=1 fetches=1 reservations=1 publications=1 rejected=0 scanned=0 payloads=0 elections=30 max_dependencies=0 resident_bytes=1440 max_directory_work_bytes=9296 max_exchange_work_bytes=11304 bytes_sent=3440 collective_calls=34 build_s=3.5608e-05 lookup_s=4.893e-05 fetch_s=3.675e-05 reserve_s=2.7649e-05 publish_s=5.9776e-05 election_nested_s=5.4995e-05 world_transport_partial_s=0.000736361
DIRECTORY subset rank=0 ranks=4 builds=1 lookups=1 fetches=1 reservations=1 publications=1 rejected=0 scanned=6 payloads=6 elections=30 max_dependencies=6 resident_bytes=7152 max_directory_work_bytes=31976 max_exchange_work_bytes=27536 bytes_sent=7984 collective_calls=34 build_s=3.6345e-05 lookup_s=4.7993e-05 fetch_s=3.6709e-05 reserve_s=2.8384e-05 publish_s=6.1547e-05 election_nested_s=2.3883e-05 world_transport_partial_s=0.000100121
DIRECTORY subset rank=1 ranks=4 builds=1 lookups=1 fetches=1 reservations=1 publications=1 rejected=0 scanned=0 payloads=0 elections=30 max_dependencies=0 resident_bytes=672 max_directory_work_bytes=11968 max_exchange_work_bytes=15328 bytes_sent=4696 collective_calls=34 build_s=3.5856e-05 lookup_s=4.8834e-05 fetch_s=3.6625e-05 reserve_s=2.8211e-05 publish_s=5.9305e-05 election_nested_s=5.4703e-05 world_transport_partial_s=0.000734816
DIRECTORY subset rank=2 ranks=4 builds=1 lookups=1 fetches=1 reservations=1 publications=1 rejected=0 scanned=0 payloads=0 elections=30 max_dependencies=0 resident_bytes=1392 max_directory_work_bytes=11008 max_exchange_work_bytes=13104 bytes_sent=3440 collective_calls=34 build_s=3.6401e-05 lookup_s=4.8871e-05 fetch_s=3.6768e-05 reserve_s=2.7813e-05 publish_s=5.9701e-05 election_nested_s=5.2646e-05 world_transport_partial_s=0.000735793
MESH returned_m4 100 117 0 0 0 0 8 0.5 0.5 0.5 1 1 0 0 2 1 1 0 0 0 1 0 0 0 0 0
MESH returned_m4 101 118 8 0.5 0.5 0.5 6 1 1 1 1 1 0 0 2 1 1 0 1 6 0 0 0 0 0 0
MESH returned_m4 102 119 0 0 0 0 8 0.5 0.5 0.5 2 1 1 0 3 0 1 0 0 0 1 2 0 0 0 0
MESH returned_m4 103 120 8 0.5 0.5 0.5 6 1 1 1 2 1 1 0 3 0 1 0 1 8 0 0 0 0 0 0
MESH returned_m4 104 121 0 0 0 0 8 0.5 0.5 0.5 3 0 1 0 7 0 1 1 0 0 1 3 0 0 0 0
MESH returned_m4 105 122 8 0.5 0.5 0.5 6 1 1 1 3 0 1 0 7 0 1 1 1 9 0 0 0 0 0 0
MESH returned_m4 106 123 0 0 0 0 8 0.5 0.5 0.5 7 0 1 1 4 0 0 1 0 0 1 5 0 0 0 0
MESH returned_m4 107 124 8 0.5 0.5 0.5 6 1 1 1 7 0 1 1 4 0 0 1 1 11 0 0 0 0 0 0
SUBSET_RETURN N=4 M=4 rank=1 local_cells=3 valid=1
SUBSET_RETURN N=4 M=4 rank=3 local_cells=3 valid=1
SUBSET_RETURN N=4 M=4 rank=2 local_cells=3 valid=1
MESH returned_m4 108 125 0 0 0 0 8 0.5 0.5 0.5 4 0 0 1 5 1 0 1 0 0 1 4 0 0 0 0
MESH returned_m4 109 126 8 0.5 0.5 0.5 6 1 1 1 4 0 0 1 5 1 0 1 1 10 0 0 0 0 0 0
MESH returned_m4 110 127 0 0 0 0 8 0.5 0.5 0.5 5 1 0 1 1 1 0 0 0 0 1 1 0 0 0 0
MESH returned_m4 111 128 8 0.5 0.5 0.5 6 1 1 1 5 1 0 1 1 1 0 0 1 7 0 0 0 0 0 0
SUBSET_RETURN N=4 M=4 rank=0 local_cells=3 valid=1
===============================================================================
All tests passed (92 assertions in 9 test cases)

===============================================================================
All tests passed (91 assertions in 9 test cases)

===============================================================================
All tests passed (90 assertions in 9 test cases)

===============================================================================
All tests passed (104 assertions in 9 test cases)

