Filters: Flamelet preferential diffusion auxiliary gradients
Three dimensional problem.
125 grid points.
64 volume elements.
6 surface markers.
16 boundary elements in index 0 (Marker = x_minus).
16 boundary elements in index 1 (Marker = x_plus).
16 boundary elements in index 2 (Marker = y_minus).
16 boundary elements in index 3 (Marker = y_plus).
16 boundary elements in index 4 (Marker = z_minus).
16 boundary elements in index 5 (Marker = z_plus).
64 hexahedra.
All volume elements are correctly oriented.
There has been a re-orientation of 64 QUADRILATERAL surface elements.
Volume of the computational grid: 1.

~~~~~~~~~~~~~~~~~~~~~~~~~~~~~~~~~~~~~~~~~~~~~~~~~~~~~~~~~~~~~~~~~~~~~~~~~~~~~~~
test_driver is a Catch v2.13.9 host application.
Run with -? for options

-------------------------------------------------------------------------------
Flamelet preferential diffusion auxiliary gradients
-------------------------------------------------------------------------------
../wt/UnitTests/SU2_CFD/gradients.cpp:411
...............................................................................

../wt/UnitTests/SU2_CFD/gradients.cpp:440: FAILED:
  CHECK( nodes.GetnAuxVar() == FLAMELET_PREF_DIFF_SCALARS::N_BETA_TERMS )
with expansion:
  0 == 4

../wt/UnitTests/SU2_CFD/gradients.cpp:482: FAILED:
  CHECK( error < 1e-12 )
with expansion:
  12.0 < 0.0

Three dimensional problem.
125 grid points.
64 volume elements.
6 surface markers.
16 boundary elements in index 0 (Marker = x_minus).
16 boundary elements in index 1 (Marker = x_plus).
16 boundary elements in index 2 (Marker = y_minus).
16 boundary elements in index 3 (Marker = y_plus).
16 boundary elements in index 4 (Marker = z_minus).
16 boundary elements in index 5 (Marker = z_plus).
64 hexahedra.
All volume elements are correctly oriented.
There has been a re-orientation of 64 QUADRILATERAL surface elements.
Volume of the computational grid: 1.
-------------------------------------------------------------------------------
Flamelet preferential diffusion auxiliary gradients
-------------------------------------------------------------------------------
../wt/UnitTests/SU2_CFD/gradients.cpp:411
...............................................................................

../wt/UnitTests/SU2_CFD/gradients.cpp:440: FAILED:
  CHECK( nodes.GetnAuxVar() == FLAMELET_PREF_DIFF_SCALARS::N_BETA_TERMS )
with expansion:
  0 == 4

../wt/UnitTests/SU2_CFD/gradients.cpp:482: FAILED:
  CHECK( error < 1e-12 )
with expansion:
  12.0 < 0.0

Three dimensional problem.
125 grid points.
64 volume elements.
6 surface markers.
16 boundary elements in index 0 (Marker = x_minus).
16 boundary elements in index 1 (Marker = x_plus).
16 boundary elements in index 2 (Marker = y_minus).
16 boundary elements in index 3 (Marker = y_plus).
16 boundary elements in index 4 (Marker = z_minus).
16 boundary elements in index 5 (Marker = z_plus).
64 hexahedra.
All volume elements are correctly oriented.
There has been a re-orientation of 64 QUADRILATERAL surface elements.
Volume of the computational grid: 1.
Matching the periodic boundary points for marker pair 1.
 Matched 50 points with a max distance of: 0.
-------------------------------------------------------------------------------
Flamelet preferential diffusion auxiliary gradients
-------------------------------------------------------------------------------
../wt/UnitTests/SU2_CFD/gradients.cpp:411
...............................................................................

../wt/UnitTests/SU2_CFD/gradients.cpp:440: FAILED:
  CHECK( nodes.GetnAuxVar() == FLAMELET_PREF_DIFF_SCALARS::N_BETA_TERMS )
with expansion:
  0 == 4

../wt/UnitTests/SU2_CFD/gradients.cpp:482: FAILED:
  CHECK( error < 1e-12 )
with expansion:
  12.0 < 0.0

Three dimensional problem.
125 grid points.
64 volume elements.
6 surface markers.
16 boundary elements in index 0 (Marker = x_minus).
16 boundary elements in index 1 (Marker = x_plus).
16 boundary elements in index 2 (Marker = y_minus).
16 boundary elements in index 3 (Marker = y_plus).
16 boundary elements in index 4 (Marker = z_minus).
16 boundary elements in index 5 (Marker = z_plus).
64 hexahedra.
All volume elements are correctly oriented.
There has been a re-orientation of 64 QUADRILATERAL surface elements.
Volume of the computational grid: 1.
Matching the periodic boundary points for marker pair 1.
 Matched 50 points with a max distance of: 0.
-------------------------------------------------------------------------------
Flamelet preferential diffusion auxiliary gradients
-------------------------------------------------------------------------------
../wt/UnitTests/SU2_CFD/gradients.cpp:411
...............................................................................

../wt/UnitTests/SU2_CFD/gradients.cpp:440: FAILED:
  CHECK( nodes.GetnAuxVar() == FLAMELET_PREF_DIFF_SCALARS::N_BETA_TERMS )
with expansion:
  0 == 4

../wt/UnitTests/SU2_CFD/gradients.cpp:482: FAILED:
  CHECK( error < 1e-12 )
with expansion:
  12.0 < 0.0

===============================================================================
test cases: 1 | 1 failed
assertions: 8 | 8 failed

