Filters: Recovered periodic wall heat flux
Three dimensional problem.
125 grid points.
64 volume elements.
6 surface markers.
16 boundary elements in index 0 (Marker = x_minus).
16 boundary elements in index 1 (Marker = x_plus).
16 boundary elements in index 2 (Marker = y_minus).
16 boundary elements in index 3 (Marker = y_plus).
16 boundary elements in index 4 (Marker = z_minus).
16 boundary elements in index 5 (Marker = z_plus).
64 hexahedra.
All volume elements are correctly oriented.
There has been a re-orientation of 64 QUADRILATERAL surface elements.
Volume of the computational grid: 1.
Matching the periodic boundary points for marker pair 1.
 Matched 50 points with a max distance of: 0.
Incompressible flow: rho_ref, vel_ref, temp_ref, p_ref
are set to 1.0 in order to perform a dimensional calculation.
Force coefficients computed using initial values.
The reference area for force coeffs. is 1 m^2.
The reference length for force coeffs. is 1 m.
The pressure is decomposed into thermodynamic and dynamic components.
The initial value of the dynamic pressure is 0.
Mach number: 0.00301242, computed using the Bulk modulus.
For external flows, the initial state is imposed at the far-field.
Angle of attack (deg): 0, computed using the initial velocity.
Side slip angle (deg): 0, computed using the initial velocity.
Reynolds number per meter: 75093.2, computed using initial values.
Reynolds number is a byproduct of inputs only (not used internally).
SI units only. The grid should be dimensional (meters).
Energy equation is active and decoupled.

-- Models:
+------------------------------------------------------------------------------+
|          Viscosity Model|        Conductivity Model|              Fluid Model|
+------------------------------------------------------------------------------+
|       CONSTANT_VISCOSITY|          CONSTANT_PRANDTL|         CONSTANT_DENSITY|
+------------------------------------------------------------------------------+
-- Fluid properties:
+------------------------------------------------------------------------------+
|                  Name|    Dim. value|    Ref. value|      Unit|Non-dim. value|
+------------------------------------------------------------------------------+
|             Viscosity|     1.716e-05|             1|   N.s/m^2|     1.716e-05|
+------------------------------------------------------------------------------+
|        Prandtl (Lam.)|             -|             -|         -|          0.72|
|       Prandtl (Turb.)|             -|             -|         -|           0.9|
+------------------------------------------------------------------------------+
|       Spec. Heat (Cp)|        1004.7|             1|  N.m/kg.K|        1004.7|
|          Bulk Modulus|        142000|             1|        Pa|        142000|
+------------------------------------------------------------------------------+
-- Initial and free-stream conditions:
+------------------------------------------------------------------------------+
|                  Name|    Dim. value|    Ref. value|      Unit|Non-dim. value|
+------------------------------------------------------------------------------+
|      Dynamic Pressure|             0|             1|        Pa|             0|
|        Total Pressure|        0.6443|             1|        Pa|        0.6443|
|               Density|        1.2886|             1|    kg/m^3|        1.2886|
|           Temperature|        288.15|             1|         K|        288.15|
|            Velocity-X|             1|             1|       m/s|             1|
|            Velocity-Y|             0|             1|       m/s|             0|
|            Velocity-Z|             0|             1|       m/s|             0|
|    Velocity Magnitude|             1|             1|       m/s|             1|
+------------------------------------------------------------------------------+
|             Viscosity|     1.716e-05|             1|   N.s/m^2|     1.716e-05|
|          Conductivity|             -|             1|   W/m^2.K|             -|
+------------------------------------------------------------------------------+
|           Mach Number|             -|             -|         -|    0.00301242|
|       Reynolds Number|             -|             -|         -|       75093.2|
+------------------------------------------------------------------------------+
Initialize Jacobian structure (Navier-Stokes). MG level: 0.

~~~~~~~~~~~~~~~~~~~~~~~~~~~~~~~~~~~~~~~~~~~~~~~~~~~~~~~~~~~~~~~~~~~~~~~~~~~~~~~
test_driver is a Catch v2.13.9 host application.
Run with -? for options

-------------------------------------------------------------------------------
Recovered periodic wall heat flux
-------------------------------------------------------------------------------
../wt/UnitTests/SU2_CFD/gradients.cpp:475
...............................................................................

../wt/UnitTests/SU2_CFD/gradients.cpp:540: FAILED:
  CHECK( error < 1e-12 )
with expansion:
  0.000003806 < 0.0

===============================================================================
test cases: 1 | 1 failed
assertions: 4 | 3 passed | 1 failed

