Filters: Periodic slip-wall normal
Three dimensional problem.
125 grid points.
64 volume elements.
6 surface markers.
16 boundary elements in index 0 (Marker = x_minus).
16 boundary elements in index 1 (Marker = x_plus).
16 boundary elements in index 2 (Marker = y_minus).
16 boundary elements in index 3 (Marker = y_plus).
16 boundary elements in index 4 (Marker = z_minus).
16 boundary elements in index 5 (Marker = z_plus).
64 hexahedra.
All volume elements are correctly oriented.
There has been a re-orientation of 64 QUADRILATERAL surface elements.
Volume of the computational grid: 1.
Matching the periodic boundary points for marker pair 1.
 Matched 50 points with a max distance of: 0.

~~~~~~~~~~~~~~~~~~~~~~~~~~~~~~~~~~~~~~~~~~~~~~~~~~~~~~~~~~~~~~~~~~~~~~~~~~~~~~~
test_driver is a Catch v2.13.9 host application.
Run with -? for options

-------------------------------------------------------------------------------
Periodic slip-wall normal
-------------------------------------------------------------------------------
../wt/UnitTests/Common/geometry/CGeometry_test.cpp:146
...............................................................................

../wt/UnitTests/Common/geometry/CGeometry_test.cpp:201: FAILED:
  CHECK( error < 1e-12 )
with expansion:
  0.0654031292 < 0.0

Three dimensional problem.
125 grid points.
64 volume elements.
6 surface markers.
16 boundary elements in index 0 (Marker = x_minus).
16 boundary elements in index 1 (Marker = x_plus).
16 boundary elements in index 2 (Marker = y_minus).
16 boundary elements in index 3 (Marker = y_plus).
16 boundary elements in index 4 (Marker = z_minus).
16 boundary elements in index 5 (Marker = z_plus).
64 hexahedra.
All volume elements are correctly oriented.
There has been a re-orientation of 64 QUADRILATERAL surface elements.
Volume of the computational grid: 1.
Matching the periodic boundary points for marker pair 1.
 Matched 50 points with a max distance of: 0.
MG level 1 has only 78 CVs (< MG_MIN_MESHSIZE=500). Reducing MG levels to 0.
Matching the periodic boundary points for marker pair 1.
 Matched 50 points with a max distance of: 2.71948e-16.
-------------------------------------------------------------------------------
Periodic slip-wall normal
-------------------------------------------------------------------------------
../wt/UnitTests/Common/geometry/CGeometry_test.cpp:146
...............................................................................

../wt/UnitTests/Common/geometry/CGeometry_test.cpp:201: FAILED:
  CHECK( error < 1e-12 )
with expansion:
  0.0654031292 < 0.0

===============================================================================
test cases: 1 | 1 failed
assertions: 4 | 2 passed | 2 failed

