Filters: Periodic volume refresh after mesh deformation
Three dimensional problem.
125 grid points.
64 volume elements.
6 surface markers.
16 boundary elements in index 0 (Marker = x_minus).
16 boundary elements in index 1 (Marker = x_plus).
16 boundary elements in index 2 (Marker = y_minus).
16 boundary elements in index 3 (Marker = y_plus).
16 boundary elements in index 4 (Marker = z_minus).
16 boundary elements in index 5 (Marker = z_plus).
64 hexahedra.
All volume elements are correctly oriented.
There has been a re-orientation of 64 QUADRILATERAL surface elements.
Volume of the computational grid: 1.
Matching the periodic boundary points for marker pair 1.
 Matched 50 points with a max distance of: 0.
Viscous flow: Computing pressure using the ideal gas law
based on the free-stream temperature and a density computed
from the Reynolds number.
Force coefficients computed using free-stream values.

-- Models:
+------------------------------------------------------------------------------+
|          Viscosity Model|        Conductivity Model|              Fluid Model|
+------------------------------------------------------------------------------+
|       CONSTANT_VISCOSITY|          CONSTANT_PRANDTL|             STANDARD_AIR|
+------------------------------------------------------------------------------+
-- Fluid properties:
+------------------------------------------------------------------------------+
|                  Name|    Dim. value|    Ref. value|      Unit|Non-dim. value|
+------------------------------------------------------------------------------+
|             Viscosity|     1.716e-05|             1|   N.s/m^2|     1.716e-05|
+------------------------------------------------------------------------------+
|        Prandtl (Lam.)|             -|             -|         -|          0.72|
|       Prandtl (Turb.)|             -|             -|         -|           0.9|
+------------------------------------------------------------------------------+
|          Gas Constant|       287.058|             1|  N.m/kg.K|       287.058|
|      Spec. Heat Ratio|             -|             -|         -|           1.4|
+------------------------------------------------------------------------------+
-- Initial and free-stream conditions:
+------------------------------------------------------------------------------+
|                  Name|    Dim. value|    Ref. value|      Unit|Non-dim. value|
+------------------------------------------------------------------------------+
|       Static Pressure|        101325|             1|        Pa|        101325|
|               Density|       1.22498|             1|    kg/m^3|       1.22498|
|           Temperature|        288.15|             1|         K|        288.15|
|          Total Energy|        221265|             1|   m^2/s^2|        221265|
|            Velocity-X|       170.149|             1|       m/s|       170.149|
|            Velocity-Y|             0|             1|       m/s|             0|
|            Velocity-Z|             0|             1|       m/s|             0|
|    Velocity Magnitude|       170.149|             1|       m/s|       170.149|
+------------------------------------------------------------------------------+
|             Viscosity|     1.716e-05|             1|   N.s/m^2|     1.716e-05|
|          Conductivity|             -|             1|   W/m^2.K|             -|
+------------------------------------------------------------------------------+
|           Mach Number|             -|             -|         -|           0.5|
|       Reynolds Number|             -|             -|         -|   1.21462e+07|
+------------------------------------------------------------------------------+

Warning: Fluid properties and solution are being 
         initialized for the manufactured solution 
         of the Navier-Stokes equations on a unit quad!!!

Initialize Jacobian structure (Navier-Stokes). MG level: 0.
Initialize Jacobian structure (Mesh Deformation).

~~~~~~~~~~~~~~~~~~~~~~~~~~~~~~~~~~~~~~~~~~~~~~~~~~~~~~~~~~~~~~~~~~~~~~~~~~~~~~~
test_driver is a Catch v2.13.9 host application.
Run with -? for options

-------------------------------------------------------------------------------
Periodic volume refresh after mesh deformation
-------------------------------------------------------------------------------
../wt/UnitTests/Common/geometry/CGeometry_test.cpp:186
...............................................................................

../wt/UnitTests/Common/geometry/CGeometry_test.cpp:219: FAILED:
  CHECK( global[0] == Approx(global[1]).margin(1e-12) )
with expansion:
  0.0078125 == Approx( 0.0092605886 )

../wt/UnitTests/Common/geometry/CGeometry_test.cpp:234: FAILED:
  CHECK( error < 1e-12 )
with expansion:
  0.0848170253 < 0.0

../wt/UnitTests/Common/geometry/CGeometry_test.cpp:219: FAILED:
  CHECK( global[0] == Approx(global[1]).margin(1e-12) )
with expansion:
  0.0078125 == Approx( 0.0072332646 )

../wt/UnitTests/Common/geometry/CGeometry_test.cpp:234: FAILED:
  CHECK( error < 1e-12 )
with expansion:
  0.0384982386 < 0.0

===============================================================================
test cases: 1 | 1 failed
assertions: 9 | 5 passed | 4 failed

