REJECT Uncovered native 3D source segment endpoint.
STATS {"donors":1,"requests":3,"failures":1,"candidates":3,"pieces":2,"maximum_candidates":1,"maximum_pieces":1,"index_bytes":0,"edge_seconds":0.00022243000000000002,"search_seconds":4.7800000000000002e-07,"trace_seconds":0.00021684299999999998,"integral_seconds":1.1829999999999999e-06,"exact_norms":0,"filtered_norms":4}
REJECT Uncovered native 3D source segment endpoint.
STATS {"donors":1,"requests":3,"failures":1,"candidates":3,"pieces":2,"maximum_candidates":1,"maximum_pieces":1,"index_bytes":0,"edge_seconds":0.00022624099999999999,"search_seconds":1.7400000000000002e-07,"trace_seconds":0.000222685,"integral_seconds":8.8999999999999995e-07,"exact_norms":0,"filtered_norms":4}
REJECT Uncovered native 3D source segment endpoint.
STATS {"donors":1,"requests":3,"failures":1,"candidates":3,"pieces":2,"maximum_candidates":1,"maximum_pieces":1,"index_bytes":0,"edge_seconds":0.00022323900000000002,"search_seconds":7.9700000000000006e-07,"trace_seconds":0.000219156,"integral_seconds":9.879999999999999e-07,"exact_norms":0,"filtered_norms":4}
REJECT Uncovered native 3D source segment endpoint.
STATS {"donors":1,"requests":3,"failures":1,"candidates":3,"pieces":2,"maximum_candidates":1,"maximum_pieces":1,"index_bytes":0,"edge_seconds":0.00021851800000000001,"search_seconds":2.6100000000000002e-07,"trace_seconds":0.000214296,"integral_seconds":1.3339999999999998e-06,"exact_norms":0,"filtered_norms":4}
REJECT Uncovered native 3D source segment endpoint.
STATS {"donors":1,"requests":3,"failures":1,"candidates":3,"pieces":2,"maximum_candidates":1,"maximum_pieces":1,"index_bytes":0,"edge_seconds":0.00024928299999999999,"search_seconds":2.0600000000000002e-07,"trace_seconds":0.00024565200000000001,"integral_seconds":1.012e-06,"exact_norms":0,"filtered_norms":4}
REJECT Uncovered native 3D source segment endpoint.
STATS {"donors":1,"requests":3,"failures":1,"candidates":3,"pieces":2,"maximum_candidates":1,"maximum_pieces":1,"index_bytes":0,"edge_seconds":0.00017372900000000002,"search_seconds":1.7800000000000001e-07,"trace_seconds":0.00017036800000000001,"integral_seconds":9.6200000000000006e-07,"exact_norms":0,"filtered_norms":4}
REJECT Uncovered native 3D source segment endpoint.
STATS {"donors":1,"requests":3,"failures":1,"candidates":3,"pieces":2,"maximum_candidates":1,"maximum_pieces":1,"index_bytes":0,"edge_seconds":0.00018846599999999998,"search_seconds":1.5800000000000001e-07,"trace_seconds":0.000185133,"integral_seconds":9.4000000000000011e-07,"exact_norms":0,"filtered_norms":4}
REJECT Uncovered native 3D source segment endpoint.
STATS {"donors":1,"requests":3,"failures":1,"candidates":3,"pieces":2,"maximum_candidates":1,"maximum_pieces":1,"index_bytes":0,"edge_seconds":0.00017129299999999999,"search_seconds":1.5599999999999999e-07,"trace_seconds":0.00016802000000000001,"integral_seconds":8.8399999999999992e-07,"exact_norms":0,"filtered_norms":4}
REJECT Uncovered native 3D source segment endpoint.
STATS {"donors":1,"requests":3,"failures":1,"candidates":3,"pieces":2,"maximum_candidates":1,"maximum_pieces":1,"index_bytes":0,"edge_seconds":0.00017337200000000001,"search_seconds":1.5699999999999999e-07,"trace_seconds":0.000170087,"integral_seconds":9.0500000000000002e-07,"exact_norms":0,"filtered_norms":4}
REJECT Uncovered native 3D source segment endpoint.
STATS {"donors":1,"requests":3,"failures":1,"candidates":3,"pieces":2,"maximum_candidates":1,"maximum_pieces":1,"index_bytes":0,"edge_seconds":0.000159767,"search_seconds":1.73e-07,"trace_seconds":0.00015646,"integral_seconds":9.16e-07,"exact_norms":0,"filtered_norms":4}
REJECT Uncovered native 3D source segment endpoint.
STATS {"donors":1,"requests":3,"failures":1,"candidates":3,"pieces":2,"maximum_candidates":1,"maximum_pieces":1,"index_bytes":0,"edge_seconds":0.00017417799999999998,"search_seconds":1.6400000000000001e-07,"trace_seconds":0.00017092499999999999,"integral_seconds":8.8199999999999998e-07,"exact_norms":0,"filtered_norms":4}
REJECT Uncovered native 3D source segment endpoint.
STATS {"donors":1,"requests":3,"failures":1,"candidates":3,"pieces":2,"maximum_candidates":1,"maximum_pieces":1,"index_bytes":0,"edge_seconds":0.000167844,"search_seconds":1.6500000000000001e-07,"trace_seconds":0.000164575,"integral_seconds":9.1100000000000004e-07,"exact_norms":0,"filtered_norms":4}
REJECT Uncovered native 3D source segment endpoint.
STATS {"donors":1,"requests":3,"failures":1,"candidates":3,"pieces":2,"maximum_candidates":1,"maximum_pieces":1,"index_bytes":0,"edge_seconds":0.00018858499999999998,"search_seconds":1.8300000000000001e-07,"trace_seconds":0.000185291,"integral_seconds":8.6799999999999999e-07,"exact_norms":0,"filtered_norms":4}
REJECT Uncovered native 3D source segment endpoint.
STATS {"donors":1,"requests":3,"failures":1,"candidates":3,"pieces":2,"maximum_candidates":1,"maximum_pieces":1,"index_bytes":0,"edge_seconds":0.000171111,"search_seconds":1.36e-07,"trace_seconds":0.00016783400000000001,"integral_seconds":8.8199999999999998e-07,"exact_norms":0,"filtered_norms":4}
REJECT Uncovered native 3D source segment endpoint.
STATS {"donors":1,"requests":3,"failures":1,"candidates":3,"pieces":2,"maximum_candidates":1,"maximum_pieces":1,"index_bytes":0,"edge_seconds":0.00017114099999999998,"search_seconds":1.3400000000000001e-07,"trace_seconds":0.000167949,"integral_seconds":8.9599999999999998e-07,"exact_norms":0,"filtered_norms":4}
REJECT Uncovered native 3D source segment endpoint.
STATS {"donors":1,"requests":3,"failures":1,"candidates":3,"pieces":2,"maximum_candidates":1,"maximum_pieces":1,"index_bytes":0,"edge_seconds":0.00015533300000000001,"search_seconds":1.6299999999999999e-07,"trace_seconds":0.000152029,"integral_seconds":9.2699999999999998e-07,"exact_norms":0,"filtered_norms":4}
REJECT Uncovered native 3D source segment endpoint.
STATS {"donors":1,"requests":3,"failures":1,"candidates":3,"pieces":2,"maximum_candidates":1,"maximum_pieces":1,"index_bytes":0,"edge_seconds":0.000178438,"search_seconds":1.6899999999999999e-07,"trace_seconds":0.00017514400000000002,"integral_seconds":8.8800000000000001e-07,"exact_norms":0,"filtered_norms":4}
REJECT Uncovered native 3D source segment endpoint.
STATS {"donors":1,"requests":3,"failures":1,"candidates":3,"pieces":2,"maximum_candidates":1,"maximum_pieces":1,"index_bytes":0,"edge_seconds":0.000167625,"search_seconds":1.55e-07,"trace_seconds":0.00016426599999999999,"integral_seconds":9.4599999999999992e-07,"exact_norms":0,"filtered_norms":4}
REJECT Uncovered native 3D source segment endpoint.
STATS {"donors":1,"requests":3,"failures":1,"candidates":3,"pieces":2,"maximum_candidates":1,"maximum_pieces":1,"index_bytes":0,"edge_seconds":0.00018819,"search_seconds":1.6299999999999999e-07,"trace_seconds":0.000184895,"integral_seconds":8.9599999999999998e-07,"exact_norms":0,"filtered_norms":4}
REJECT Uncovered native 3D source segment endpoint.
STATS {"donors":1,"requests":3,"failures":1,"candidates":3,"pieces":2,"maximum_candidates":1,"maximum_pieces":1,"index_bytes":0,"edge_seconds":0.00017298699999999999,"search_seconds":1.74e-07,"trace_seconds":0.00016964900000000002,"integral_seconds":9.4799999999999997e-07,"exact_norms":0,"filtered_norms":4}
REJECT Uncovered native 3D source segment endpoint.
STATS {"donors":1,"requests":3,"failures":1,"candidates":3,"pieces":2,"maximum_candidates":1,"maximum_pieces":1,"index_bytes":0,"edge_seconds":0.00016858500000000001,"search_seconds":1.8300000000000004e-07,"trace_seconds":0.000165222,"integral_seconds":9.0399999999999994e-07,"exact_norms":0,"filtered_norms":4}
REJECT Uncovered native 3D source segment endpoint.
STATS {"donors":1,"requests":3,"failures":1,"candidates":3,"pieces":2,"maximum_candidates":1,"maximum_pieces":1,"index_bytes":0,"edge_seconds":0.000152103,"search_seconds":1.5800000000000001e-07,"trace_seconds":0.000148746,"integral_seconds":9.2699999999999998e-07,"exact_norms":0,"filtered_norms":4}
REJECT Uncovered native 3D source segment endpoint.
STATS {"donors":1,"requests":3,"failures":1,"candidates":3,"pieces":2,"maximum_candidates":1,"maximum_pieces":1,"index_bytes":0,"edge_seconds":0.00017510399999999998,"search_seconds":2.2999999999999999e-07,"trace_seconds":0.00017147899999999999,"integral_seconds":9.33e-07,"exact_norms":0,"filtered_norms":4}
REJECT Uncovered native 3D source segment endpoint.
STATS {"donors":1,"requests":3,"failures":1,"candidates":3,"pieces":2,"maximum_candidates":1,"maximum_pieces":1,"index_bytes":0,"edge_seconds":0.000167326,"search_seconds":1.61e-07,"trace_seconds":0.00016397100000000001,"integral_seconds":9.2999999999999999e-07,"exact_norms":0,"filtered_norms":4}
REJECT Uncovered native 3D source segment endpoint.
STATS {"donors":1,"requests":3,"failures":1,"candidates":3,"pieces":2,"maximum_candidates":1,"maximum_pieces":1,"index_bytes":0,"edge_seconds":0.00018560700000000001,"search_seconds":1.5300000000000001e-07,"trace_seconds":0.00018224300000000001,"integral_seconds":8.7700000000000003e-07,"exact_norms":0,"filtered_norms":4}
REJECT Uncovered native 3D source segment endpoint.
STATS {"donors":1,"requests":3,"failures":1,"candidates":3,"pieces":2,"maximum_candidates":1,"maximum_pieces":1,"index_bytes":0,"edge_seconds":0.00016924000000000003,"search_seconds":1.4000000000000001e-07,"trace_seconds":0.00016593399999999999,"integral_seconds":8.4600000000000003e-07,"exact_norms":0,"filtered_norms":4}
REJECT Uncovered native 3D source segment endpoint.
STATS {"donors":1,"requests":3,"failures":1,"candidates":3,"pieces":2,"maximum_candidates":1,"maximum_pieces":1,"index_bytes":0,"edge_seconds":0.00016935799999999999,"search_seconds":1.43e-07,"trace_seconds":0.00016609200000000001,"integral_seconds":9.1400000000000006e-07,"exact_norms":0,"filtered_norms":4}
REJECT Uncovered native 3D source segment endpoint.
STATS {"donors":1,"requests":3,"failures":1,"candidates":3,"pieces":2,"maximum_candidates":1,"maximum_pieces":1,"index_bytes":0,"edge_seconds":0.00015040400000000001,"search_seconds":1.6399999999999999e-07,"trace_seconds":0.00014712500000000001,"integral_seconds":9.2200000000000002e-07,"exact_norms":0,"filtered_norms":4}
REJECT Uncovered native 3D source segment endpoint.
STATS {"donors":1,"requests":3,"failures":1,"candidates":3,"pieces":2,"maximum_candidates":1,"maximum_pieces":1,"index_bytes":0,"edge_seconds":0.00017641899999999998,"search_seconds":1.7700000000000001e-07,"trace_seconds":0.00017302100000000001,"integral_seconds":9.6700000000000002e-07,"exact_norms":0,"filtered_norms":4}
REJECT Uncovered native 3D source segment endpoint.
STATS {"donors":1,"requests":3,"failures":1,"candidates":3,"pieces":2,"maximum_candidates":1,"maximum_pieces":1,"index_bytes":0,"edge_seconds":0.00016623500000000001,"search_seconds":1.6199999999999999e-07,"trace_seconds":0.00016283699999999999,"integral_seconds":9.4399999999999998e-07,"exact_norms":0,"filtered_norms":4}
STATS {"donors":24,"requests":3,"failures":0,"candidates":72,"pieces":28,"maximum_candidates":24,"maximum_pieces":12,"index_bytes":14584,"edge_seconds":0.0033404139999999999,"search_seconds":3.6399999999999999e-06,"trace_seconds":0.0033214669999999998,"integral_seconds":9.0040000000000005e-06,"exact_norms":0,"filtered_norms":56}
STATS {"donors":24,"requests":3,"failures":0,"candidates":72,"pieces":28,"maximum_candidates":24,"maximum_pieces":12,"index_bytes":14584,"edge_seconds":0.003294965,"search_seconds":4.2259999999999999e-06,"trace_seconds":0.0032793880000000003,"integral_seconds":1.0701e-05,"exact_norms":0,"filtered_norms":56}
STATS {"donors":24,"requests":3,"failures":0,"candidates":72,"pieces":28,"maximum_candidates":24,"maximum_pieces":12,"index_bytes":14584,"edge_seconds":0.0041816459999999998,"search_seconds":4.3999999999999994e-06,"trace_seconds":0.0041619349999999994,"integral_seconds":1.3203e-05,"exact_norms":0,"filtered_norms":56}
STATS {"donors":2,"requests":2,"failures":0,"candidates":4,"pieces":3,"maximum_candidates":2,"maximum_pieces":2,"index_bytes":8424,"edge_seconds":0.00017812200000000001,"search_seconds":7.4199999999999995e-07,"trace_seconds":0.00017560900000000002,"integral_seconds":1.358e-06,"exact_norms":0,"filtered_norms":6}
REJECT Uncovered native 3D source segment interval.
STATS {"donors":2,"requests":1,"failures":1,"candidates":2,"pieces":0,"maximum_candidates":2,"maximum_pieces":0,"index_bytes":8424,"edge_seconds":0.000165923,"search_seconds":3.2300000000000002e-07,"trace_seconds":0.00016218800000000001,"integral_seconds":0,"exact_norms":0,"filtered_norms":0}
REJECT Overlapping/nonconformal native 3D source segment donors.
STATS {"donors":2,"requests":1,"failures":1,"candidates":2,"pieces":0,"maximum_candidates":2,"maximum_pieces":0,"index_bytes":8424,"edge_seconds":0.000111048,"search_seconds":2.0200000000000001e-07,"trace_seconds":0.000108619,"integral_seconds":0,"exact_norms":0,"filtered_norms":0}
REJECT Uncovered native 3D source segment endpoint.
STATS {"donors":0,"requests":1,"failures":1,"candidates":0,"pieces":0,"maximum_candidates":0,"maximum_pieces":0,"index_bytes":0,"edge_seconds":5.4639999999999997e-06,"search_seconds":9.5999999999999999e-08,"trace_seconds":3.3210000000000001e-06,"integral_seconds":0,"exact_norms":0,"filtered_norms":0}
