Filters: [NativeDistributed3D]
Filters: [NativeDistributed3D]
DIRECTORY discovery rank=1 ranks=2 builds=2 lookups=6 fetches=3 reservations=0 publications=0 rejected=4 scanned=0 payloads=0 elections=54 max_dependencies=0 resident_bytes=864 max_directory_work_bytes=13480 max_exchange_work_bytes=7384 bytes_sent=3112 collective_calls=45 build_s=0.00153525 lookup_s=0.00017611 fetch_s=9.7956e-05 reserve_s=0 publish_s=0 election_nested_s=0.000895936 world_transport_partial_s=7.8593e-05
DIRECTORY discovery rank=0 ranks=2 builds=2 lookups=6 fetches=3 reservations=0 publications=0 rejected=4 scanned=18 payloads=14 elections=54 max_dependencies=6 resident_bytes=4800 max_directory_work_bytes=43912 max_exchange_work_bytes=10368 bytes_sent=4392 collective_calls=45 build_s=0.00162516 lookup_s=0.000129948 fetch_s=9.808e-05 reserve_s=0 publish_s=0 election_nested_s=0.0014937 world_transport_partial_s=6.8342e-05
DIRECTORY conflict rank=1 ranks=2 builds=1 lookups=1 fetches=1 reservations=1 publications=0 rejected=1 scanned=0 payloads=6 elections=23 max_dependencies=6 resident_bytes=864 max_directory_work_bytes=10025 max_exchange_work_bytes=8472 bytes_sent=3232 collective_calls=22 build_s=4.042e-05 lookup_s=5.3973e-05 fetch_s=3.1632e-05 reserve_s=2.0455e-05 publish_s=0 election_nested_s=4.0383e-05 world_transport_partial_s=3.325e-05
DIRECTORY conflict rank=0 ranks=2 builds=1 lookups=1 fetches=1 reservations=1 publications=0 rejected=0 scanned=12 payloads=6 elections=23 max_dependencies=6 resident_bytes=4800 max_directory_work_bytes=23768 max_exchange_work_bytes=12408 bytes_sent=3840 collective_calls=22 build_s=8.3893e-05 lookup_s=3.8078e-05 fetch_s=3.1992e-05 reserve_s=1.9832e-05 publish_s=0 election_nested_s=5.8851e-05 world_transport_partial_s=3.058e-05
MESH coupled_initial 0 17 0 0 0 0 6 1 1 1 1 1 0 0 2 1 1 0 1 6 1 0 0 0 0 0
MESH coupled_initial 1 18 0 0 0 0 6 1 1 1 2 1 1 0 3 0 1 0 1 8 1 2 0 0 0 0
MESH coupled_initial 2 19 0 0 0 0 6 1 1 1 3 0 1 0 7 0 1 1 1 9 1 3 0 0 0 0
MESH coupled_initial 3 20 0 0 0 0 6 1 1 1 7 0 1 1 4 0 0 1 1 11 1 5 0 0 0 0
MESH coupled_initial 4 21 0 0 0 0 6 1 1 1 4 0 0 1 5 1 0 1 1 10 1 4 0 0 0 0
MESH coupled_initial 5 22 0 0 0 0 6 1 1 1 5 1 0 1 1 1 0 0 1 7 1 1 0 0 0 0
MESH coupled_refined 100 117 0 0 0 0 8 0.5 0.5 0.5 1 1 0 0 2 1 1 0 0 0 1 0 0 0 0 0
MESH coupled_refined 101 118 8 0.5 0.5 0.5 6 1 1 1 1 1 0 0 2 1 1 0 1 6 0 0 0 0 0 0
MESH coupled_refined 102 119 0 0 0 0 8 0.5 0.5 0.5 2 1 1 0 3 0 1 0 0 0 1 2 0 0 0 0
MESH coupled_refined 103 120 8 0.5 0.5 0.5 6 1 1 1 2 1 1 0 3 0 1 0 1 8 0 0 0 0 0 0
MESH coupled_refined 104 121 0 0 0 0 8 0.5 0.5 0.5 3 0 1 0 7 0 1 1 0 0 1 3 0 0 0 0
MESH coupled_refined 105 122 8 0.5 0.5 0.5 6 1 1 1 3 0 1 0 7 0 1 1 1 9 0 0 0 0 0 0
MESH coupled_refined 106 123 0 0 0 0 8 0.5 0.5 0.5 7 0 1 1 4 0 0 1 0 0 1 5 0 0 0 0
MESH coupled_refined 107 124 8 0.5 0.5 0.5 6 1 1 1 7 0 1 1 4 0 0 1 1 11 0 0 0 0 0 0
MESH coupled_refined 108 125 0 0 0 0 8 0.5 0.5 0.5 4 0 0 1 5 1 0 1 0 0 1 4 0 0 0 0
MESH coupled_refined 109 126 8 0.5 0.5 0.5 6 1 1 1 4 0 0 1 5 1 0 1 1 10 0 0 0 0 0 0
MESH coupled_refined 110 127 0 0 0 0 8 0.5 0.5 0.5 5 1 0 1 1 1 0 0 0 0 1 1 0 0 0 0
MESH coupled_refined 111 128 8 0.5 0.5 0.5 6 1 1 1 5 1 0 1 1 1 0 0 1 7 0 0 0 0 0 0
MESH coupled_coarsened 200 217 0 0 0 0 6 1 1 1 1 1 0 0 2 1 1 0 1 6 1 0 0 0 0 0
MESH coupled_coarsened 201 218 6 1 1 1 0 0 0 0 1 1 0 0 5 1 0 1 1 1 1 7 0 0 0 0
MESH coupled_coarsened 202 219 0 0 0 0 6 1 1 1 2 1 1 0 3 0 1 0 1 8 1 2 0 0 0 0
MESH coupled_coarsened 203 220 0 0 0 0 6 1 1 1 3 0 1 0 7 0 1 1 1 9 1 3 0 0 0 0
MESH coupled_coarsened 204 221 0 0 0 0 6 1 1 1 4 0 0 1 5 1 0 1 1 10 1 4 0 0 0 0
MESH coupled_coarsened 205 222 6 1 1 1 0 0 0 0 4 0 0 1 7 0 1 1 1 5 1 11 0 0 0 0
DIRECTORY coupled rank=1 ranks=2 builds=1 lookups=4 fetches=2 reservations=2 publications=2 rejected=1 scanned=0 payloads=0 elections=65 max_dependencies=0 resident_bytes=1344 max_directory_work_bytes=23880 max_exchange_work_bytes=28216 bytes_sent=17232 collective_calls=86 build_s=4.0399e-05 lookup_s=0.000581068 fetch_s=6.5796e-05 reserve_s=3.4899e-05 publish_s=0.000204764 election_nested_s=0.000602335 world_transport_partial_s=0.00141621
DIRECTORY coupled rank=0 ranks=2 builds=1 lookups=4 fetches=2 reservations=2 publications=2 rejected=1 scanned=30 payloads=18 elections=65 max_dependencies=12 resident_bytes=4320 max_directory_work_bytes=50344 max_exchange_work_bytes=42624 bytes_sent=23808 collective_calls=86 build_s=5.2096e-05 lookup_s=0.000229658 fetch_s=6.5633e-05 reserve_s=3.5165e-05 publish_s=0.00021094 election_nested_s=0.000157359 world_transport_partial_s=0.000162259
DIRECTORY rollback rank=1 ranks=2 builds=1 lookups=3 fetches=3 reservations=1 publications=0 rejected=10 scanned=0 payloads=0 elections=47 max_dependencies=0 resident_bytes=864 max_directory_work_bytes=9728 max_exchange_work_bytes=7384 bytes_sent=2856 collective_calls=27 build_s=3.5843e-05 lookup_s=0.000447169 fetch_s=0.000104555 reserve_s=2.128e-06 publish_s=0.000146272 election_nested_s=0.000594232 world_transport_partial_s=6.0596e-05
DIRECTORY rollback rank=0 ranks=2 builds=1 lookups=3 fetches=3 reservations=1 publications=0 rejected=10 scanned=6 payloads=6 elections=47 max_dependencies=6 resident_bytes=4800 max_directory_work_bytes=18446744073709551615 max_exchange_work_bytes=10624 bytes_sent=5648 collective_calls=27 build_s=4.7e-05 lookup_s=0.000614937 fetch_s=8.7482e-05 reserve_s=2.251e-06 publish_s=0.000143977 election_nested_s=0.000694538 world_transport_partial_s=4.441e-05
DIRECTORY overbudget rank=0 ranks=2 builds=1 lookups=1 fetches=0 reservations=0 publications=0 rejected=1 scanned=65 payloads=0 elections=13 max_dependencies=0 resident_bytes=29280 max_directory_work_bytes=90808 max_exchange_work_bytes=92616 bytes_sent=17248 collective_calls=9 build_s=0.000222068 lookup_s=4.0372e-05 fetch_s=0 reserve_s=0 publish_s=0 election_nested_s=2.7972e-05 world_transport_partial_s=3.6141e-05
DIRECTORY overbudget rank=1 ranks=2 builds=1 lookups=1 fetches=0 reservations=0 publications=0 rejected=1 scanned=0 payloads=0 elections=13 max_dependencies=0 resident_bytes=30192 max_directory_work_bytes=91880 max_exchange_work_bytes=92336 bytes_sent=16640 collective_calls=9 build_s=0.000240377 lookup_s=2.8702e-05 fetch_s=0 reserve_s=0 publish_s=0 election_nested_s=3.6572e-05 world_transport_partial_s=3.123e-05
DIRECTORY subset rank=0 ranks=1 builds=1 lookups=1 fetches=1 reservations=1 publications=1 rejected=0 scanned=6 payloads=6 elections=30 max_dependencies=6 resident_bytes=10656 max_directory_work_bytes=61888 max_exchange_work_bytes=59472 bytes_sent=19560 collective_calls=34 build_s=3.9316e-05 lookup_s=1.0358e-05 fetch_s=1.8335e-05 reserve_s=8.408e-06 publish_s=0.000109994 election_nested_s=3.843e-06 world_transport_partial_s=1.3353e-05
SUBSET_RETURN N=2 M=1 rank=1 local_cells=6 valid=1
MESH returned_m1 100 117 0 0 0 0 8 0.5 0.5 0.5 1 1 0 0 2 1 1 0 0 0 1 0 0 0 0 0
MESH returned_m1 101 118 8 0.5 0.5 0.5 6 1 1 1 1 1 0 0 2 1 1 0 1 6 0 0 0 0 0 0
MESH returned_m1 102 119 0 0 0 0 8 0.5 0.5 0.5 2 1 1 0 3 0 1 0 0 0 1 2 0 0 0 0
MESH returned_m1 103 120 8 0.5 0.5 0.5 6 1 1 1 2 1 1 0 3 0 1 0 1 8 0 0 0 0 0 0
MESH returned_m1 104 121 0 0 0 0 8 0.5 0.5 0.5 3 0 1 0 7 0 1 1 0 0 1 3 0 0 0 0
MESH returned_m1 105 122 8 0.5 0.5 0.5 6 1 1 1 3 0 1 0 7 0 1 1 1 9 0 0 0 0 0 0
MESH returned_m1 106 123 0 0 0 0 8 0.5 0.5 0.5 7 0 1 1 4 0 0 1 0 0 1 5 0 0 0 0
MESH returned_m1 107 124 8 0.5 0.5 0.5 6 1 1 1 7 0 1 1 4 0 0 1 1 11 0 0 0 0 0 0
MESH returned_m1 108 125 0 0 0 0 8 0.5 0.5 0.5 4 0 0 1 5 1 0 1 0 0 1 4 0 0 0 0
MESH returned_m1 109 126 8 0.5 0.5 0.5 6 1 1 1 4 0 0 1 5 1 0 1 1 10 0 0 0 0 0 0
MESH returned_m1 110 127 0 0 0 0 8 0.5 0.5 0.5 5 1 0 1 1 1 0 0 0 0 1 1 0 0 0 0
MESH returned_m1 111 128 8 0.5 0.5 0.5 6 1 1 1 5 1 0 1 1 1 0 0 1 7 0 0 0 0 0 0
SUBSET_RETURN N=2 M=1 rank=0 local_cells=6 valid=1
DIRECTORY subset rank=1 ranks=2 builds=1 lookups=1 fetches=1 reservations=1 publications=1 rejected=0 scanned=0 payloads=0 elections=30 max_dependencies=0 resident_bytes=2112 max_directory_work_bytes=21120 max_exchange_work_bytes=25736 bytes_sent=8136 collective_calls=34 build_s=3.3939e-05 lookup_s=2.1001e-05 fetch_s=2.619e-05 reserve_s=1.7005e-05 publish_s=8.2369e-05 election_nested_s=4.9532e-05 world_transport_partial_s=0.000667351
DIRECTORY subset rank=0 ranks=2 builds=1 lookups=1 fetches=1 reservations=1 publications=1 rejected=0 scanned=6 payloads=6 elections=30 max_dependencies=6 resident_bytes=8544 max_directory_work_bytes=43736 max_exchange_work_bytes=39104 bytes_sent=11424 collective_calls=34 build_s=3.457e-05 lookup_s=1.9796e-05 fetch_s=2.6248e-05 reserve_s=1.7046e-05 publish_s=8.4225e-05 election_nested_s=1.5079e-05 world_transport_partial_s=4.2997e-05
SUBSET_RETURN N=2 M=2 rank=1 local_cells=6 valid=1
MESH returned_m2 100 117 0 0 0 0 8 0.5 0.5 0.5 1 1 0 0 2 1 1 0 0 0 1 0 0 0 0 0
MESH returned_m2 101 118 8 0.5 0.5 0.5 6 1 1 1 1 1 0 0 2 1 1 0 1 6 0 0 0 0 0 0
MESH returned_m2 102 119 0 0 0 0 8 0.5 0.5 0.5 2 1 1 0 3 0 1 0 0 0 1 2 0 0 0 0
MESH returned_m2 103 120 8 0.5 0.5 0.5 6 1 1 1 2 1 1 0 3 0 1 0 1 8 0 0 0 0 0 0
MESH returned_m2 104 121 0 0 0 0 8 0.5 0.5 0.5 3 0 1 0 7 0 1 1 0 0 1 3 0 0 0 0
MESH returned_m2 105 122 8 0.5 0.5 0.5 6 1 1 1 3 0 1 0 7 0 1 1 1 9 0 0 0 0 0 0
MESH returned_m2 106 123 0 0 0 0 8 0.5 0.5 0.5 7 0 1 1 4 0 0 1 0 0 1 5 0 0 0 0
MESH returned_m2 107 124 8 0.5 0.5 0.5 6 1 1 1 7 0 1 1 4 0 0 1 1 11 0 0 0 0 0 0
MESH returned_m2 108 125 0 0 0 0 8 0.5 0.5 0.5 4 0 0 1 5 1 0 1 0 0 1 4 0 0 0 0
MESH returned_m2 109 126 8 0.5 0.5 0.5 6 1 1 1 4 0 0 1 5 1 0 1 1 10 0 0 0 0 0 0
MESH returned_m2 110 127 0 0 0 0 8 0.5 0.5 0.5 5 1 0 1 1 1 0 0 0 0 1 1 0 0 0 0
MESH returned_m2 111 128 8 0.5 0.5 0.5 6 1 1 1 5 1 0 1 1 1 0 0 1 7 0 0 0 0 0 0
SUBSET_RETURN N=2 M=2 rank=0 local_cells=6 valid=1
DONOR rank=1 residual=0 requests=8 hits=4 compositions=8 imported=12 candidates=30 resident=18608 build_s=4.757e-05 import_s=0.008000166000000003 routing_nested_s=4.6385999999999999e-05 search_nested_s=3.4805000000000003e-05 exchange_nested_s=0.00038987199999999998
DONOR rank=0 residual=0 requests=8 hits=4 compositions=8 imported=18 candidates=30 resident=18608 build_s=4.6949000000000001e-05 import_s=0.00065090999999999988 routing_nested_s=4.0281000000000003e-05 search_nested_s=3.1179000000000001e-05 exchange_nested_s=0.00039187799999999996
===============================================================================
===============================================================================
All tests passed (194 assertions in 13 test cases)

All tests passed (181 assertions in 13 test cases)

