
-------------------------------------------------------------------------
|    ___ _   _ ___                                                      |
|   / __| | | |_  )   Release 8.5.0 "Harrier"                           |
|   \__ \ |_| |/ /                                                      |
|   |___/\___//___|   Suite (Computational Fluid Dynamics Code)         |
|                                                                       |
-------------------------------------------------------------------------
| SU2 Project Website: https://su2code.github.io                        |
|                                                                       |
| The SU2 Project is maintained by the SU2 Foundation                   |
| (http://su2foundation.org)                                            |
-------------------------------------------------------------------------
| Copyright 2012-2026, SU2 Contributors                                 |
|                                                                       |
| SU2 is free software; you can redistribute it and/or                  |
| modify it under the terms of the GNU Lesser General Public            |
| License as published by the Free Software Foundation; either          |
| version 2.1 of the License, or (at your option) any later version.    |
|                                                                       |
| SU2 is distributed in the hope that it will be useful,                |
| but WITHOUT ANY WARRANTY; without even the implied warranty of        |
| MERCHANTABILITY or FITNESS FOR A PARTICULAR PURPOSE. See the GNU      |
| Lesser General Public License for more details.                       |
|                                                                       |
| You should have received a copy of the GNU Lesser General Public      |
| License along with SU2. If not, see <http://www.gnu.org/licenses/>.   |
-------------------------------------------------------------------------

Parsing config file for zone 0

----------------- Physical Case Definition ( Zone 0 ) -------------------
Compressible Euler equations.
Mach number: 0.1.
Angle of attack (AoA): 0 deg, and angle of sideslip (AoS): 0 deg.
No restart solution, use the values at infinity (freestream).
Dimensional simulation.
The reference area is 1 m^2.
The semi-span will be computed using the max y(3D) value.
The reference length is 1 m.
Input mesh file name: mesh.su2

--------------- Space Numerical Integration ( Zone 0 ) ------------------
Discontinuous Galerkin Finite element solver
Roe (with entropy fix) solver for inviscid fluxes over the faces
Quadrature factor for elements with constant Jacobian:     2
Quadrature factor for elements with non-constant Jacobian: 3
Byte alignment matrix multiplications:      128
Padded matrix size for optimal performance: 16

--------------- Time Numerical Integration  ( Zone 0 ) ------------------
Local time stepping (steady state simulation).
Runge-Kutta explicit method for the flow equations.
Number of steps: 1
Alpha coefficients: 	1
No CFL adaptation.
Courant-Friedrichs-Lewy number:      0.1

------------------ Convergence Criteria  ( Zone 0 ) ---------------------
Maximum number of solver subiterations: 2.
Begin convergence monitoring at iteration 5.
Residual minimum value: 1e-14.
Cauchy series min. value: 1e-10.
Number of Cauchy elements: 100.
Begin windowed time average at iteration 0.

-------------------- Output Information ( Zone 0 ) ----------------------
Writing the convergence history file every 1 inner iterations.
Writing the screen convergence history every 1 inner iterations.
The tabular file format is CSV (.csv).
Convergence history file name: history.
Forces breakdown file name: forces_breakdown.dat.
Surface file name: surface.
Volume file name: vol_solution.
Restart file name: restart.

------------- Config File Boundary Information ( Zone 0 ) ---------------
+-----------------------------------------------------------------------+
|                        Marker Type|                        Marker Name|
+-----------------------------------------------------------------------+
|                         Euler wall|                             x_plus|
|                                   |                            y_minus|
+-----------------------------------------------------------------------+
|                          Far-field|                            z_minus|
|                                   |                             z_plus|
+-----------------------------------------------------------------------+
|                  Periodic boundary|                            x_minus|
|                                   |                             y_plus|
+-----------------------------------------------------------------------+

-------------------- Output Preprocessing ( Zone 0 ) --------------------

WARNING: SURFACE_PRESSURE_DROP can only be computed for at least 2 surfaces (outlet, inlet, ...)

Screen output fields: INNER_ITER, RMS_DENSITY, RMS_MOMENTUM-X, RMS_MOMENTUM-Y, RMS_MOMENTUM-Z, RMS_ENERGY
History output group(s): ITER, RMS_RES
Convergence field(s): RMS_DENSITY
Warning: No (valid) fields chosen for time convergence monitoring. Time convergence monitoring inactive.
Volume output fields: COORDINATES, SOLUTION, PRIMITIVE

------------------- Geometry Preprocessing ( Zone 0 ) -------------------
Three dimensional problem.
27 grid points.
8 volume elements.
6 surface markers.
Creating standard volume elements.
Creating face information.
Computing metric terms volume elements.
Computing metric terms surface elements.
Computing length scale volume elements.
Computing coordinates of the integration points.
Computing coordinates of the solution DOFs.
Preprocessing for the wall functions. 
Storing a mapping from global to local DOF index.
Area projection in the z-plane = 0.
Computing wall distances.

-------------------- Solver Preprocessing ( Zone 0 ) --------------------
Inviscid flow: Computing density based on free-stream
temperature and pressure using the ideal gas law.
Force coefficients computed using free-stream values.

-- Models:
+------------------------------------------------------------------------------+
|          Viscosity Model|        Conductivity Model|              Fluid Model|
+------------------------------------------------------------------------------+
|                        -|                         -|             STANDARD_AIR|
+------------------------------------------------------------------------------+
-- Fluid properties:
+------------------------------------------------------------------------------+
|                  Name|    Dim. value|    Ref. value|      Unit|Non-dim. value|
+------------------------------------------------------------------------------+
|          Gas Constant|       287.058|             1|  N.m/kg.K|       287.058|
|      Spec. Heat Ratio|             -|             -|         -|           1.4|
+------------------------------------------------------------------------------+
-- Initial and free-stream conditions:
+------------------------------------------------------------------------------+
|                  Name|    Dim. value|    Ref. value|      Unit|Non-dim. value|
+------------------------------------------------------------------------------+
|       Static Pressure|        101325|             1|        Pa|        101325|
|               Density|       1.17659|             1|    kg/m^3|       1.17659|
|           Temperature|           300|             1|         K|           300|
|          Total Energy|        215896|             1|   m^2/s^2|        215896|
|            Velocity-X|       34.7224|             1|       m/s|       34.7224|
|            Velocity-Y|             0|             1|       m/s|             0|
|            Velocity-Z|             0|             1|       m/s|             0|
|    Velocity Magnitude|       34.7224|             1|       m/s|       34.7224|
+------------------------------------------------------------------------------+
|           Mach Number|             -|             -|         -|           0.1|
+------------------------------------------------------------------------------+

------------------- Numerics Preprocessing ( Zone 0 ) -------------------

----------------- Integration Preprocessing ( Zone 0 ) ------------------

------------------- Iteration Preprocessing ( Zone 0 ) ------------------
Finite element Euler/Navier-Stokes/RANS/LES flow iteration.

------------------------------ Begin Solver -----------------------------

Simulation Run using the Single-zone Driver
+-----------------------------------------------------------------------------+
|  Inner_Iter|    rms[Rho]|   rms[RhoU]|   rms[RhoV]|   rms[RhoW]|   rms[RhoE]|
+-----------------------------------------------------------------------------+
|           0|    2.193190|    4.656501|    4.456475|   -8.886702|    7.671009|
|           1|    2.083795|    4.631729|    4.386282|    3.676592|    7.559938|

----------------------------- Solver Exit -------------------------------

Maximum number of iterations reached (ITER = 2) before convergence.
+-----------------------------------------------------------------------+
|      Convergence Field     |     Value    |   Criterion  |  Converged |
+-----------------------------------------------------------------------+
|                    rms[Rho]|        2.0838|         < -14|          No|
+-----------------------------------------------------------------------+
-------------------------------------------------------------------------

--------------------------- Finalizing Solver ---------------------------
Deleted CNumerics container.
Deleted CIntegration container.
Deleted CSolver container.
Deleted CIteration container.
Deleted CInterface container.
Deleted CGeometry container.
Deleted CFreeFormDefBox class.
Deleted CSurfaceMovement class.
Deleted CVolumetricMovement class.
Deleted CConfig container.
Deleted nInst container.
Deleted COutput class.
-------------------------------------------------------------------------

------------------------- Exit Success (SU2_CFD) ------------------------

