Filters: [NativeDistributed3D]
Filters: [NativeDistributed3D]
Filters: [NativeDistributed3D]
Filters: [NativeDistributed3D]
DIRECTORY discovery rank=0 ranks=4 builds=2 lookups=6 fetches=3 reservations=0 publications=0 rejected=4 scanned=18 payloads=14 elections=54 max_dependencies=6 resident_bytes=3696 max_directory_work_bytes=42856 max_exchange_work_bytes=8624 bytes_sent=3440 collective_calls=45 build_s=5.3168e-05 lookup_s=0.000162099 fetch_s=0.000129102 reserve_s=0 publish_s=0 election_nested_s=5.7055e-05 world_transport_partial_s=0.00010816
DIRECTORY discovery rank=1 ranks=4 builds=2 lookups=6 fetches=3 reservations=0 publications=0 rejected=4 scanned=0 payloads=0 elections=54 max_dependencies=0 resident_bytes=624 max_directory_work_bytes=9584 max_exchange_work_bytes=5512 bytes_sent=2120 collective_calls=45 build_s=6.4738e-05 lookup_s=0.000189745 fetch_s=0.000129348 reserve_s=0 publish_s=0 election_nested_s=0.000131725 world_transport_partial_s=0.00011927
DIRECTORY discovery rank=2 ranks=4 builds=2 lookups=6 fetches=3 reservations=0 publications=0 rejected=4 scanned=0 payloads=0 elections=54 max_dependencies=0 resident_bytes=1104 max_directory_work_bytes=10064 max_exchange_work_bytes=3808 bytes_sent=952 collective_calls=45 build_s=6.3961e-05 lookup_s=0.000187247 fetch_s=0.000129751 reserve_s=0 publish_s=0 election_nested_s=0.000129101 world_transport_partial_s=0.000121754
DIRECTORY discovery rank=3 ranks=4 builds=2 lookups=6 fetches=3 reservations=0 publications=0 rejected=4 scanned=0 payloads=0 elections=54 max_dependencies=0 resident_bytes=240 max_directory_work_bytes=12952 max_exchange_work_bytes=3184 bytes_sent=992 collective_calls=45 build_s=6.1084e-05 lookup_s=0.000193305 fetch_s=0.000129865 reserve_s=0 publish_s=0 election_nested_s=0.000135577 world_transport_partial_s=0.000121866
DIRECTORY conflict rank=1 ranks=4 builds=1 lookups=1 fetches=1 reservations=1 publications=0 rejected=1 scanned=0 payloads=6 elections=23 max_dependencies=6 resident_bytes=624 max_directory_work_bytes=9881 max_exchange_work_bytes=9632 bytes_sent=3160 collective_calls=22 build_s=6.8699e-05 lookup_s=7.6907e-05 fetch_s=5.6992e-05 reserve_s=5.6327e-05 publish_s=0 election_nested_s=5.461e-05 world_transport_partial_s=0.000112157
DIRECTORY conflict rank=3 ranks=4 builds=1 lookups=1 fetches=1 reservations=1 publications=0 rejected=1 scanned=0 payloads=6 elections=23 max_dependencies=6 resident_bytes=240 max_directory_work_bytes=9497 max_exchange_work_bytes=6712 bytes_sent=1752 collective_calls=22 build_s=6.8409e-05 lookup_s=8.1256e-05 fetch_s=5.6901e-05 reserve_s=5.5934e-05 publish_s=0 election_nested_s=6.0748e-05 world_transport_partial_s=0.00013141
DIRECTORY conflict rank=2 ranks=4 builds=1 lookups=1 fetches=1 reservations=1 publications=0 rejected=1 scanned=0 payloads=6 elections=23 max_dependencies=6 resident_bytes=1104 max_directory_work_bytes=10361 max_exchange_work_bytes=7576 bytes_sent=1776 collective_calls=22 build_s=6.93e-05 lookup_s=7.8006e-05 fetch_s=5.6901e-05 reserve_s=5.5577e-05 publish_s=0 election_nested_s=5.5814e-05 world_transport_partial_s=0.000135766
DIRECTORY conflict rank=0 ranks=4 builds=1 lookups=1 fetches=1 reservations=1 publications=0 rejected=0 scanned=24 payloads=6 elections=23 max_dependencies=6 resident_bytes=3696 max_directory_work_bytes=35320 max_exchange_work_bytes=12704 bytes_sent=4400 collective_calls=22 build_s=5.8269e-05 lookup_s=6.4429e-05 fetch_s=5.6868e-05 reserve_s=5.5743e-05 publish_s=0 election_nested_s=2.1778e-05 world_transport_partial_s=8.9029e-05
MESH coupled_initial 0 17 0 0 0 0 6 1 1 1 1 1 0 0 2 1 1 0 1 6 1 0 0 0 0 0
MESH coupled_initial 1 18 0 0 0 0 6 1 1 1 2 1 1 0 3 0 1 0 1 8 1 2 0 0 0 0
MESH coupled_initial 2 19 0 0 0 0 6 1 1 1 3 0 1 0 7 0 1 1 1 9 1 3 0 0 0 0
MESH coupled_initial 3 20 0 0 0 0 6 1 1 1 7 0 1 1 4 0 0 1 1 11 1 5 0 0 0 0
MESH coupled_initial 4 21 0 0 0 0 6 1 1 1 4 0 0 1 5 1 0 1 1 10 1 4 0 0 0 0
MESH coupled_initial 5 22 0 0 0 0 6 1 1 1 5 1 0 1 1 1 0 0 1 7 1 1 0 0 0 0
MESH coupled_refined 100 117 0 0 0 0 8 0.5 0.5 0.5 1 1 0 0 2 1 1 0 0 0 1 0 0 0 0 0
MESH coupled_refined 101 118 8 0.5 0.5 0.5 6 1 1 1 1 1 0 0 2 1 1 0 1 6 0 0 0 0 0 0
MESH coupled_refined 102 119 0 0 0 0 8 0.5 0.5 0.5 2 1 1 0 3 0 1 0 0 0 1 2 0 0 0 0
MESH coupled_refined 103 120 8 0.5 0.5 0.5 6 1 1 1 2 1 1 0 3 0 1 0 1 8 0 0 0 0 0 0
MESH coupled_refined 104 121 0 0 0 0 8 0.5 0.5 0.5 3 0 1 0 7 0 1 1 0 0 1 3 0 0 0 0
MESH coupled_refined 105 122 8 0.5 0.5 0.5 6 1 1 1 3 0 1 0 7 0 1 1 1 9 0 0 0 0 0 0
MESH coupled_refined 106 123 0 0 0 0 8 0.5 0.5 0.5 7 0 1 1 4 0 0 1 0 0 1 5 0 0 0 0
MESH coupled_refined 107 124 8 0.5 0.5 0.5 6 1 1 1 7 0 1 1 4 0 0 1 1 11 0 0 0 0 0 0
MESH coupled_refined 108 125 0 0 0 0 8 0.5 0.5 0.5 4 0 0 1 5 1 0 1 0 0 1 4 0 0 0 0
MESH coupled_refined 109 126 8 0.5 0.5 0.5 6 1 1 1 4 0 0 1 5 1 0 1 1 10 0 0 0 0 0 0
MESH coupled_refined 110 127 0 0 0 0 8 0.5 0.5 0.5 5 1 0 1 1 1 0 0 0 0 1 1 0 0 0 0
MESH coupled_refined 111 128 8 0.5 0.5 0.5 6 1 1 1 5 1 0 1 1 1 0 0 1 7 0 0 0 0 0 0
MESH coupled_coarsened 200 217 0 0 0 0 6 1 1 1 1 1 0 0 2 1 1 0 1 6 1 0 0 0 0 0
MESH coupled_coarsened 201 218 6 1 1 1 0 0 0 0 1 1 0 0 5 1 0 1 1 1 1 7 0 0 0 0
MESH coupled_coarsened 202 219 0 0 0 0 6 1 1 1 2 1 1 0 3 0 1 0 1 8 1 2 0 0 0 0
MESH coupled_coarsened 203 220 0 0 0 0 6 1 1 1 3 0 1 0 7 0 1 1 1 9 1 3 0 0 0 0
MESH coupled_coarsened 204 221 0 0 0 0 6 1 1 1 4 0 0 1 5 1 0 1 1 10 1 4 0 0 0 0
MESH coupled_coarsened 205 222 6 1 1 1 0 0 0 0 4 0 0 1 7 0 1 1 1 5 1 11 0 0 0 0
DIRECTORY coupled rank=0 ranks=4 builds=1 lookups=4 fetches=2 reservations=2 publications=2 rejected=1 scanned=30 payloads=18 elections=65 max_dependencies=12 resident_bytes=3936 max_directory_work_bytes=39264 max_exchange_work_bytes=31472 bytes_sent=16392 collective_calls=86 build_s=0.000158616 lookup_s=0.000173311 fetch_s=0.000121744 reserve_s=6.1244e-05 publish_s=0.000133562 election_nested_s=7.9352e-05 world_transport_partial_s=0.000358519
DIRECTORY coupled rank=1 ranks=4 builds=1 lookups=4 fetches=2 reservations=2 publications=2 rejected=1 scanned=0 payloads=0 elections=65 max_dependencies=0 resident_bytes=1104 max_directory_work_bytes=12080 max_exchange_work_bytes=15440 bytes_sent=9816 collective_calls=86 build_s=0.000221868 lookup_s=0.000455269 fetch_s=0.000121296 reserve_s=6.1615e-05 publish_s=0.00012829 election_nested_s=0.000530905 world_transport_partial_s=0.0017781
DIRECTORY coupled rank=3 ranks=4 builds=1 lookups=4 fetches=2 reservations=2 publications=2 rejected=1 scanned=0 payloads=0 elections=65 max_dependencies=0 resident_bytes=240 max_directory_work_bytes=10624 max_exchange_work_bytes=12528 bytes_sent=7416 collective_calls=86 build_s=0.000223496 lookup_s=0.000456795 fetch_s=0.000121478 reserve_s=6.1156e-05 publish_s=0.000129872 election_nested_s=0.000530812 world_transport_partial_s=0.00176958
DIRECTORY coupled rank=2 ranks=4 builds=1 lookups=4 fetches=2 reservations=2 publications=2 rejected=1 scanned=0 payloads=0 elections=65 max_dependencies=0 resident_bytes=384 max_directory_work_bytes=11008 max_exchange_work_bytes=13104 bytes_sent=7416 collective_calls=86 build_s=0.000224934 lookup_s=0.000454945 fetch_s=0.000121595 reserve_s=6.1006e-05 publish_s=0.000129335 election_nested_s=0.000528448 world_transport_partial_s=0.00178713
DIRECTORY rollback rank=1 ranks=4 builds=1 lookups=3 fetches=3 reservations=1 publications=0 rejected=10 scanned=0 payloads=0 elections=47 max_dependencies=0 resident_bytes=624 max_directory_work_bytes=9584 max_exchange_work_bytes=5512 bytes_sent=1904 collective_calls=27 build_s=7.7935e-05 lookup_s=7.1085e-05 fetch_s=9.455e-05 reserve_s=4.402e-06 publish_s=0.000103725 election_nested_s=0.000187277 world_transport_partial_s=8.3664e-05
DIRECTORY rollback rank=3 ranks=4 builds=1 lookups=3 fetches=3 reservations=1 publications=0 rejected=10 scanned=0 payloads=0 elections=47 max_dependencies=0 resident_bytes=240 max_directory_work_bytes=9200 max_exchange_work_bytes=3184 bytes_sent=952 collective_calls=27 build_s=7.6427e-05 lookup_s=7.485e-05 fetch_s=9.817e-05 reserve_s=4.529e-06 publish_s=0.000103385 election_nested_s=0.000181438 world_transport_partial_s=8.5259e-05
DIRECTORY rollback rank=0 ranks=4 builds=1 lookups=3 fetches=3 reservations=1 publications=0 rejected=10 scanned=6 payloads=6 elections=47 max_dependencies=6 resident_bytes=3696 max_directory_work_bytes=18446744073709551615 max_exchange_work_bytes=9416 bytes_sent=4696 collective_calls=27 build_s=7.9276e-05 lookup_s=3.9205e-05 fetch_s=8.1936e-05 reserve_s=4.395e-06 publish_s=0.000101984 election_nested_s=0.000101033 world_transport_partial_s=6.1043e-05
DIRECTORY rollback rank=2 ranks=4 builds=1 lookups=3 fetches=3 reservations=1 publications=0 rejected=10 scanned=0 payloads=0 elections=47 max_dependencies=0 resident_bytes=1104 max_directory_work_bytes=10064 max_exchange_work_bytes=3808 bytes_sent=952 collective_calls=27 build_s=7.8397e-05 lookup_s=7.1426e-05 fetch_s=9.473e-05 reserve_s=4.419e-06 publish_s=0.000103889 election_nested_s=0.000187622 world_transport_partial_s=8.3995e-05
DIRECTORY overbudget rank=3 ranks=4 builds=1 lookups=1 fetches=0 reservations=0 publications=0 rejected=1 scanned=0 payloads=0 elections=13 max_dependencies=0 resident_bytes=10848 max_directory_work_bytes=34576 max_exchange_work_bytes=41536 bytes_sent=8320 collective_calls=9 build_s=0.000140668 lookup_s=7.4201e-05 fetch_s=0 reserve_s=0 publish_s=0 election_nested_s=8.2342e-05 world_transport_partial_s=3.8243e-05
DIRECTORY overbudget rank=2 ranks=4 builds=1 lookups=1 fetches=0 reservations=0 publications=0 rejected=1 scanned=0 payloads=0 elections=13 max_dependencies=0 resident_bytes=9168 max_directory_work_bytes=32600 max_exchange_work_bytes=41328 bytes_sent=8320 collective_calls=9 build_s=0.00013995 lookup_s=7.946e-05 fetch_s=0 reserve_s=0 publish_s=0 election_nested_s=8.9682e-05 world_transport_partial_s=3.7089e-05
DIRECTORY overbudget rank=0 ranks=4 builds=1 lookups=1 fetches=0 reservations=0 publications=0 rejected=1 scanned=65 payloads=0 elections=13 max_dependencies=0 resident_bytes=20112 max_directory_work_bytes=51840 max_exchange_work_bytes=54680 bytes_sent=8928 collective_calls=9 build_s=0.000129618 lookup_s=3.634e-05 fetch_s=0 reserve_s=0 publish_s=0 election_nested_s=1.3929e-05 world_transport_partial_s=4.0892e-05
DIRECTORY overbudget rank=1 ranks=4 builds=1 lookups=1 fetches=0 reservations=0 publications=0 rejected=1 scanned=0 payloads=0 elections=13 max_dependencies=0 resident_bytes=19344 max_directory_work_bytes=50104 max_exchange_work_bytes=52352 bytes_sent=8320 collective_calls=9 build_s=0.000140051 lookup_s=3.8836e-05 fetch_s=0 reserve_s=0 publish_s=0 election_nested_s=3.5766e-05 world_transport_partial_s=4.4576e-05
DIRECTORY subset rank=1 ranks=2 builds=1 lookups=1 fetches=1 reservations=1 publications=1 rejected=0 scanned=0 payloads=0 elections=30 max_dependencies=0 resident_bytes=2112 max_directory_work_bytes=21120 max_exchange_work_bytes=25736 bytes_sent=8136 collective_calls=34 build_s=3.2375e-05 lookup_s=1.9942e-05 fetch_s=2.5196e-05 reserve_s=1.5774e-05 publish_s=6.9143e-05 election_nested_s=4.7602e-05 world_transport_partial_s=0.00082232
DIRECTORY subset rank=0 ranks=2 builds=1 lookups=1 fetches=1 reservations=1 publications=1 rejected=0 scanned=6 payloads=6 elections=30 max_dependencies=6 resident_bytes=8544 max_directory_work_bytes=43736 max_exchange_work_bytes=39104 bytes_sent=11424 collective_calls=34 build_s=3.289e-05 lookup_s=1.8992e-05 fetch_s=2.5118e-05 reserve_s=1.565e-05 publish_s=7.1894e-05 election_nested_s=1.4382e-05 world_transport_partial_s=3.9751e-05
SUBSET_RETURN N=4 M=2 rank=3 local_cells=3 valid=1
MESH returned_m2 100 117 0 0 0 0 8 0.5 0.5 0.5 1 1 0 0 2 1 1 0 0 0 1 0 0 0 0 0
MESH returned_m2 101 118 8 0.5 0.5 0.5 6 1 1 1 1 1 0 0 2 1 1 0 1 6 0 0 0 0 0 0
MESH returned_m2 102 119 0 0 0 0 8 0.5 0.5 0.5 2 1 1 0 3 0 1 0 0 0 1 2 0 0 0 0
MESH returned_m2 103 120 8 0.5 0.5 0.5 6 1 1 1 2 1 1 0 3 0 1 0 1 8 0 0 0 0 0 0
MESH returned_m2 104 121 0 0 0 0 8 0.5 0.5 0.5 3 0 1 0 7 0 1 1 0 0 1 3 0 0 0 0
MESH returned_m2 105 122 8 0.5 0.5 0.5 6 1 1 1 3 0 1 0 7 0 1 1 1 9 0 0 0 0 0 0
MESH returned_m2 106 123 0 0 0 0 8 0.5 0.5 0.5 7 0 1 1 4 0 0 1 0 0 1 5 0 0 0 0
MESH returned_m2 107 124 8 0.5 0.5 0.5 6 1 1 1 7 0 1 1 4 0 0 1 1 11 0 0 0 0 0 0
MESH returned_m2 108 125 0 0 0 0 8 0.5 0.5 0.5 4 0 0 1 5 1 0 1 0 0 1 4 0 0 0 0
MESH returned_m2 109 126 8 0.5 0.5 0.5 6 1 1 1 4 0 0 1 5 1 0 1 1 10 0 0 0 0 0 0
MESH returned_m2 110 127 0 0 0 0 8 0.5 0.5 0.5 5 1 0 1 1 1 0 0 0 0 1 1 0 0 0 0
SUBSET_RETURN N=4 M=2 rank=2 local_cells=3 valid=1
SUBSET_RETURN N=4 M=2 rank=1 local_cells=3 valid=1
MESH returned_m2 111 128 8 0.5 0.5 0.5 6 1 1 1 5 1 0 1 1 1 0 0 1 7 0 0 0 0 0 0
SUBSET_RETURN N=4 M=2 rank=0 local_cells=3 valid=1
DIRECTORY subset rank=1 ranks=3 builds=1 lookups=1 fetches=1 reservations=1 publications=1 rejected=0 scanned=0 payloads=0 elections=30 max_dependencies=0 resident_bytes=5760 max_directory_work_bytes=26456 max_exchange_work_bytes=24368 bytes_sent=5424 collective_calls=34 build_s=3.3983e-05 lookup_s=2.9312e-05 fetch_s=3.3853e-05 reserve_s=2.513e-05 publish_s=6.9901e-05 election_nested_s=3.3663e-05 world_transport_partial_s=0.000675316
DIRECTORY subset rank=2 ranks=3 builds=1 lookups=1 fetches=1 reservations=1 publications=1 rejected=0 scanned=0 payloads=0 elections=30 max_dependencies=0 resident_bytes=2304 max_directory_work_bytes=16560 max_exchange_work_bytes=19872 bytes_sent=5424 collective_calls=34 build_s=3.219e-05 lookup_s=2.9735e-05 fetch_s=3.3747e-05 reserve_s=2.5095e-05 publish_s=6.8602e-05 election_nested_s=4.6181e-05 world_transport_partial_s=0.000671823
DIRECTORY subset rank=0 ranks=3 builds=1 lookups=1 fetches=1 reservations=1 publications=1 rejected=0 scanned=6 payloads=6 elections=30 max_dependencies=6 resident_bytes=2592 max_directory_work_bytes=17176 max_exchange_work_bytes=19168 bytes_sent=8712 collective_calls=34 build_s=3.4376e-05 lookup_s=2.9473e-05 fetch_s=3.3705e-05 reserve_s=2.5289e-05 publish_s=6.8745e-05 election_nested_s=3.9067e-05 world_transport_partial_s=7.1018e-05
SUBSET_RETURN N=4 M=3 rank=2 local_cells=3 valid=1
SUBSET_RETURN N=4 M=3 rank=1 local_cells=3 valid=1
SUBSET_RETURN N=4 M=3 rank=3 local_cells=3 valid=1
MESH returned_m3 100 117 0 0 0 0 8 0.5 0.5 0.5 1 1 0 0 2 1 1 0 0 0 1 0 0 0 0 0
MESH returned_m3 101 118 8 0.5 0.5 0.5 6 1 1 1 1 1 0 0 2 1 1 0 1 6 0 0 0 0 0 0
MESH returned_m3 102 119 0 0 0 0 8 0.5 0.5 0.5 2 1 1 0 3 0 1 0 0 0 1 2 0 0 0 0
MESH returned_m3 103 120 8 0.5 0.5 0.5 6 1 1 1 2 1 1 0 3 0 1 0 1 8 0 0 0 0 0 0
MESH returned_m3 104 121 0 0 0 0 8 0.5 0.5 0.5 3 0 1 0 7 0 1 1 0 0 1 3 0 0 0 0
MESH returned_m3 105 122 8 0.5 0.5 0.5 6 1 1 1 3 0 1 0 7 0 1 1 1 9 0 0 0 0 0 0
MESH returned_m3 106 123 0 0 0 0 8 0.5 0.5 0.5 7 0 1 1 4 0 0 1 0 0 1 5 0 0 0 0
MESH returned_m3 107 124 8 0.5 0.5 0.5 6 1 1 1 7 0 1 1 4 0 0 1 1 11 0 0 0 0 0 0
MESH returned_m3 108 125 0 0 0 0 8 0.5 0.5 0.5 4 0 0 1 5 1 0 1 0 0 1 4 0 0 0 0
MESH returned_m3 109 126 8 0.5 0.5 0.5 6 1 1 1 4 0 0 1 5 1 0 1 1 10 0 0 0 0 0 0
MESH returned_m3 110 127 0 0 0 0 8 0.5 0.5 0.5 5 1 0 1 1 1 0 0 0 0 1 1 0 0 0 0
MESH returned_m3 111 128 8 0.5 0.5 0.5 6 1 1 1 5 1 0 1 1 1 0 0 1 7 0 0 0 0 0 0
SUBSET_RETURN N=4 M=3 rank=0 local_cells=3 valid=1
DIRECTORY subset rank=3 ranks=4 builds=1 lookups=1 fetches=1 reservations=1 publications=1 rejected=0 scanned=0 payloads=0 elections=30 max_dependencies=0 resident_bytes=1440 max_directory_work_bytes=9296 max_exchange_work_bytes=11304 bytes_sent=3440 collective_calls=34 build_s=5.0933e-05 lookup_s=3.7856e-05 fetch_s=3.7214e-05 reserve_s=2.7611e-05 publish_s=6.035e-05 election_nested_s=7.0984e-05 world_transport_partial_s=0.000703092
DIRECTORY subset rank=2 ranks=4 builds=1 lookups=1 fetches=1 reservations=1 publications=1 rejected=0 scanned=0 payloads=0 elections=30 max_dependencies=0 resident_bytes=1392 max_directory_work_bytes=11008 max_exchange_work_bytes=13104 bytes_sent=3440 collective_calls=34 build_s=5.2233e-05 lookup_s=3.7918e-05 fetch_s=3.6968e-05 reserve_s=2.7965e-05 publish_s=6.1056e-05 election_nested_s=6.8818e-05 world_transport_partial_s=0.000702256
DIRECTORY subset rank=1 ranks=4 builds=1 lookups=1 fetches=1 reservations=1 publications=1 rejected=0 scanned=0 payloads=0 elections=30 max_dependencies=0 resident_bytes=672 max_directory_work_bytes=11968 max_exchange_work_bytes=15328 bytes_sent=4696 collective_calls=34 build_s=5.1832e-05 lookup_s=3.7458e-05 fetch_s=3.7118e-05 reserve_s=2.7955e-05 publish_s=6.0528e-05 election_nested_s=6.9923e-05 world_transport_partial_s=0.000700178
DIRECTORY subset rank=0 ranks=4 builds=1 lookups=1 fetches=1 reservations=1 publications=1 rejected=0 scanned=6 payloads=6 elections=30 max_dependencies=6 resident_bytes=7152 max_directory_work_bytes=31976 max_exchange_work_bytes=27536 bytes_sent=7984 collective_calls=34 build_s=5.1943e-05 lookup_s=3.8069e-05 fetch_s=3.7103e-05 reserve_s=2.8078e-05 publish_s=6.2482e-05 election_nested_s=3.8998e-05 world_transport_partial_s=8.9894e-05
MESH returned_m4 100 117 0 0 0 0 8 0.5 0.5 0.5 1 1 0 0 2 1 1 0 0 0 1 0 0 0 0 0
MESH returned_m4 101 118 8 0.5 0.5 0.5 6 1 1 1 1 1 0 0 2 1 1 0 1 6 0 0 0 0 0 0
MESH returned_m4 102 119 0 0 0 0 8 0.5 0.5 0.5 2 1 1 0 3 0 1 0 0 0 1 2 0 0 0 0
MESH returned_m4 103 120 8 0.5 0.5 0.5 6 1 1 1 2 1 1 0 3 0 1 0 1 8 0 0 0 0 0 0
MESH returned_m4 104 121 0 0 0 0 8 0.5 0.5 0.5 3 0 1 0 7 0 1 1 0 0 1 3 0 0 0 0
MESH returned_m4 105 122 8 0.5 0.5 0.5 6 1 1 1 3 0 1 0 7 0 1 1 1 9 0 0 0 0 0 0
SUBSET_RETURN N=4 M=4 rank=1 local_cells=3 valid=1
===============================================================================
All tests passed (85 assertions in 8 test cases)

SUBSET_RETURN N=4 M=4 rank=3 local_cells=3 valid=1
===============================================================================
All tests passed (87 assertions in 8 test cases)

SUBSET_RETURN N=4 M=4 rank=2 local_cells=3 valid=1
===============================================================================
All tests passed (86 assertions in 8 test cases)

MESH returned_m4 106 123 0 0 0 0 8 0.5 0.5 0.5 7 0 1 1 4 0 0 1 0 0 1 5 0 0 0 0
MESH returned_m4 107 124 8 0.5 0.5 0.5 6 1 1 1 7 0 1 1 4 0 0 1 1 11 0 0 0 0 0 0
MESH returned_m4 108 125 0 0 0 0 8 0.5 0.5 0.5 4 0 0 1 5 1 0 1 0 0 1 4 0 0 0 0
MESH returned_m4 109 126 8 0.5 0.5 0.5 6 1 1 1 4 0 0 1 5 1 0 1 1 10 0 0 0 0 0 0
MESH returned_m4 110 127 0 0 0 0 8 0.5 0.5 0.5 5 1 0 1 1 1 0 0 0 0 1 1 0 0 0 0
MESH returned_m4 111 128 8 0.5 0.5 0.5 6 1 1 1 5 1 0 1 1 1 0 0 1 7 0 0 0 0 0 0
SUBSET_RETURN N=4 M=4 rank=0 local_cells=3 valid=1
===============================================================================
All tests passed (99 assertions in 8 test cases)

