WARNING: Setting WINDOW_START_ITER = RESTART_ITER for meaningful running average.

-------------------------------------------------------------------------
|    ___ _   _ ___                                                      |
|   / __| | | |_  )   Release 8.5.0 "Harrier"                           |
|   \__ \ |_| |/ /                                                      |
|   |___/\___//___|   Suite (Computational Fluid Dynamics Code)         |
|                                                                       |
-------------------------------------------------------------------------
| SU2 Project Website: https://su2code.github.io                        |
|                                                                       |
| The SU2 Project is maintained by the SU2 Foundation                   |
| (http://su2foundation.org)                                            |
-------------------------------------------------------------------------
| Copyright 2012-2026, SU2 Contributors                                 |
|                                                                       |
| SU2 is free software; you can redistribute it and/or                  |
| modify it under the terms of the GNU Lesser General Public            |
| License as published by the Free Software Foundation; either          |
| version 2.1 of the License, or (at your option) any later version.    |
|                                                                       |
| SU2 is distributed in the hope that it will be useful,                |
| but WITHOUT ANY WARRANTY; without even the implied warranty of        |
| MERCHANTABILITY or FITNESS FOR A PARTICULAR PURPOSE. See the GNU      |
| Lesser General Public License for more details.                       |
|                                                                       |
| You should have received a copy of the GNU Lesser General Public      |
| License along with SU2. If not, see <http://www.gnu.org/licenses/>.   |
-------------------------------------------------------------------------
WARNING: Setting WINDOW_START_ITER = RESTART_ITER for meaningful running average.

Parsing config file for zone 0
WARNING: Setting WINDOW_START_ITER = RESTART_ITER for meaningful running average.

----------------- Physical Case Definition ( Zone 0 ) -------------------
Compressible Euler equations.
Mach number: 0.2.
Angle of attack (AoA): 90 deg, and angle of sideslip (AoS): 0 deg.
Reading and writing ASCII SU2 native restart files.
Read flow solution from: solution.
Dimensional simulation.
The reference area is 1 m^2.
The semi-span will be computed using the max y(3D) value.
The reference length is 1 m.
Reference origin for moment evaluation is (0, 0, 0).
Surface(s) where the force coefficients are evaluated: wall.

Input mesh file name: mesh.su2

--------------- Space Numerical Integration ( Zone 0 ) ------------------
Jameson-Schmidt-Turkel scheme (2nd order in space) for the flow inviscid terms.
JST viscous coefficients (2nd & 4th): 0, 0.
The method includes a grid stretching correction (p = 0.3).
Gradient for upwind reconstruction: inverse-distance weighted Least-Squares.
Gradient for viscous and source terms: inverse-distance weighted Least-Squares.

--------------- Time Numerical Integration  ( Zone 0 ) ------------------
Unsteady simulation using a time stepping strategy.
Unsteady time step provided by the user (s): 0.0001.
Euler implicit method for the flow equations.
FGMRES is used for solving the linear system.
Using Jacobi preconditioning.
Convergence criteria of the linear solver: 1e-12.
Max number of linear iterations: 150.
No CFL adaptation.

------------------ Convergence Criteria  ( Zone 0 ) ---------------------
Maximum number of solver subiterations: 1.
Maximum number of physical time-steps: 2.
Begin convergence monitoring at iteration 5.
Residual minimum value: 1e-30.
Cauchy series min. value: 1e-10.
Number of Cauchy elements: 100.
Begin windowed time average at iteration 1.

-------------------- Output Information ( Zone 0 ) ----------------------
File writing frequency: 
+------------------------------------+
|                     File| Frequency|
+------------------------------------+
|            RESTART_ASCII|         1|
+------------------------------------+
Writing the convergence history file every 0 inner iterations.
Writing the convergence history file every 1 time iterations.
Writing the screen convergence history every 100 inner iterations.
Writing the screen convergence history every 1 time iterations.
The tabular file format is CSV (.csv).
Convergence history file name: history.
Forces breakdown file name: forces_breakdown.dat.
Surface file name: surface.
Volume file name: vol_solution.
Restart file name: restart.

------------- Config File Boundary Information ( Zone 0 ) ---------------
+-----------------------------------------------------------------------+
|                        Marker Type|                        Marker Name|
+-----------------------------------------------------------------------+
|                         Euler wall|                               wall|
|                                   |                                hub|
+-----------------------------------------------------------------------+
|                  Periodic boundary|                              inlet|
|                                   |                             outlet|
+-----------------------------------------------------------------------+

-------------------- Output Preprocessing ( Zone 0 ) --------------------

WARNING: SURFACE_PRESSURE_DROP can only be computed for at least 2 surfaces (outlet, inlet, ...)

Screen output fields: INNER_ITER, RMS_DENSITY, RMS_MOMENTUM-X, RMS_MOMENTUM-Y, RMS_MOMENTUM-Z, RMS_ENERGY
History output group(s): ITER, RMS_RES
Convergence field(s): RMS_DENSITY
Warning: No (valid) fields chosen for time convergence monitoring. Time convergence monitoring inactive.
Volume output fields: COORDINATES, SOLUTION, PRIMITIVE, RESIDUAL

------------------- Geometry Preprocessing ( Zone 0 ) -------------------
Three dimensional problem.
300 grid points.
192 volume elements.
4 surface markers.
48 boundary elements in index 0 (Marker = inlet).
48 boundary elements in index 1 (Marker = outlet).
48 boundary elements in index 2 (Marker = wall).
48 boundary elements in index 3 (Marker = hub).
192 hexahedra.
Setting point connectivity.
Renumbering points (Reverse Cuthill McKee Ordering).
Recomputing point connectivity.
Setting element connectivity.
Checking the numerical grid orientation.
All volume elements are correctly oriented.
There has been a re-orientation of 96 QUADRILATERAL surface elements.
Identifying edges and vertices.
Setting the control volume structure.
Volume of the computational grid: 5.46.
Searching for the closest normal neighbors to the surfaces.
Storing a mapping from global to local point index.
Compute the surface curvature.
Max K: 0. Mean K: 0. Standard deviation K: 0.
Computing mesh quality statistics for the dual control volumes.
+--------------------------------------------------------------+
|           Mesh Quality Metric|        Minimum|        Maximum|
+--------------------------------------------------------------+
|    Orthogonality Angle (deg.)|             90|             90|
|     CV Face Area Aspect Ratio|        1.69173|        6.44156|
|           CV Sub-Volume Ratio|        1.09589|        1.45161|
|                     CV Volume|     0.00375977|      0.0360938|
+--------------------------------------------------------------+
Finding max control volume width.
Semi-span length = 1 m.
Wetted area = 12 m^2.
Area projection in the x-plane = 3.73205 m^2, y-plane = 3.73205 m^2, z-plane = 9.7536e-17 m^2.
Max. coordinate in the x-direction = 1 m, y-direction = 1 m, z-direction = 2 m.
Min. coordinate in the x-direction = -1 m, y-direction = -1 m, z-direction = 0 m.
Matching the periodic boundary points for marker pair 1.
 Matched 120 points with a max distance of: 0.
Computing wall distances.

-------------------- Solver Preprocessing ( Zone 0 ) --------------------
Inviscid flow: Computing density based on free-stream
temperature and pressure using the ideal gas law.
Force coefficients computed using free-stream values.

-- Models:
+------------------------------------------------------------------------------+
|          Viscosity Model|        Conductivity Model|              Fluid Model|
+------------------------------------------------------------------------------+
|                        -|                         -|             STANDARD_AIR|
+------------------------------------------------------------------------------+
-- Fluid properties:
+------------------------------------------------------------------------------+
|                  Name|    Dim. value|    Ref. value|      Unit|Non-dim. value|
+------------------------------------------------------------------------------+
|          Gas Constant|       287.058|             1|  N.m/kg.K|       287.058|
|      Spec. Heat Ratio|             -|             -|         -|           1.4|
+------------------------------------------------------------------------------+
-- Initial and free-stream conditions:
+------------------------------------------------------------------------------+
|                  Name|    Dim. value|    Ref. value|      Unit|Non-dim. value|
+------------------------------------------------------------------------------+
|       Static Pressure|         99000|             1|        Pa|         99000|
|               Density|       1.14959|             1|    kg/m^3|       1.14959|
|           Temperature|           300|             1|         K|           300|
|          Total Energy|        217705|             1|   m^2/s^2|        217705|
|            Velocity-X|   4.25227e-15|             1|       m/s|   4.25227e-15|
|            Velocity-Y|             0|             1|       m/s|             0|
|            Velocity-Z|       69.4448|             1|       m/s|       69.4448|
|    Velocity Magnitude|       69.4448|             1|       m/s|       69.4448|
+------------------------------------------------------------------------------+
|           Mach Number|             -|             -|         -|           0.2|
+------------------------------------------------------------------------------+
-- Unsteady conditions
+------------------------------------------------------------------------------+
|                  Name|    Dim. value|    Ref. value|      Unit|Non-dim. value|
+------------------------------------------------------------------------------+
|            Total Time|             1|             1|         s|             1|
|             Time Step|        0.0001|             1|         s|        0.0001|
+------------------------------------------------------------------------------+
Initialize Jacobian structure (Euler). MG level: 0.

------------------- Numerics Preprocessing ( Zone 0 ) -------------------

----------------- Integration Preprocessing ( Zone 0 ) ------------------

------------------- Iteration Preprocessing ( Zone 0 ) ------------------
Euler/Navier-Stokes/RANS fluid iteration.

------------------------------ Begin Solver -----------------------------

Simulation Run using the Single-zone Driver
The simulation will run for 1 time steps.
+-----------------------------------------------------------------------------+
|  Inner_Iter|    rms[Rho]|   rms[RhoU]|   rms[RhoV]|   rms[RhoW]|   rms[RhoE]|
+-----------------------------------------------------------------------------+
|           0|   -1.421955|    0.654889|    0.654889|    1.131552|    3.874070|

----------------------------- Solver Exit -------------------------------
Maximum number of time iterations reached (TIME_ITER = 2).
-------------------------------------------------------------------------
+-----------------------------------------------------------------------+
|        File Writing Summary       |              Filename             |
+-----------------------------------------------------------------------+
|SU2 ASCII restart                  |restart_00001.csv                  |
+-----------------------------------------------------------------------+

--------------------------- Finalizing Solver ---------------------------
Deleted CNumerics container.
Deleted CIntegration container.
Deleted CSolver container.
Deleted CIteration container.
Deleted CInterface container.
Deleted CGeometry container.
Deleted CFreeFormDefBox class.
Deleted CSurfaceMovement class.
Deleted CVolumetricMovement class.
Deleted CConfig container.
Deleted nInst container.
Deleted COutput class.
-------------------------------------------------------------------------

------------------------- Exit Success (SU2_CFD) ------------------------

