REJECT Uncovered native 3D singleton sensor edge.
STATS {"donors":1,"requests":3,"failures":1,"candidates":3,"pieces":2,"direct_intervals":2,"containment_tests":6,"maximum_candidates":1,"maximum_pieces":1,"index_bytes":0,"edge_seconds":2.3470000000000001e-05,"search_seconds":5.2e-07,"trace_seconds":1.7250999999999998e-05,"integral_seconds":9.1200000000000012e-07,"exact_norms":0,"filtered_norms":4}
REJECT Uncovered native 3D singleton sensor edge.
STATS {"donors":1,"requests":3,"failures":1,"candidates":3,"pieces":2,"direct_intervals":2,"containment_tests":6,"maximum_candidates":1,"maximum_pieces":1,"index_bytes":0,"edge_seconds":7.4020000000000005e-06,"search_seconds":2.41e-07,"trace_seconds":3.4769999999999999e-06,"integral_seconds":6.92e-07,"exact_norms":0,"filtered_norms":4}
REJECT Uncovered native 3D singleton sensor edge.
STATS {"donors":1,"requests":3,"failures":1,"candidates":3,"pieces":2,"direct_intervals":2,"containment_tests":6,"maximum_candidates":1,"maximum_pieces":1,"index_bytes":0,"edge_seconds":6.8539999999999999e-06,"search_seconds":2.2399999999999999e-07,"trace_seconds":3.083e-06,"integral_seconds":7.3099999999999997e-07,"exact_norms":0,"filtered_norms":4}
REJECT Uncovered native 3D singleton sensor edge.
STATS {"donors":1,"requests":3,"failures":1,"candidates":3,"pieces":2,"direct_intervals":2,"containment_tests":6,"maximum_candidates":1,"maximum_pieces":1,"index_bytes":0,"edge_seconds":6.3550000000000001e-06,"search_seconds":2.1500000000000001e-07,"trace_seconds":2.774e-06,"integral_seconds":7.5699999999999991e-07,"exact_norms":0,"filtered_norms":4}
REJECT Uncovered native 3D singleton sensor edge.
STATS {"donors":1,"requests":3,"failures":1,"candidates":3,"pieces":2,"direct_intervals":2,"containment_tests":6,"maximum_candidates":1,"maximum_pieces":1,"index_bytes":0,"edge_seconds":6.1120000000000001e-06,"search_seconds":2.1199999999999999e-07,"trace_seconds":2.7750000000000001e-06,"integral_seconds":7.0500000000000003e-07,"exact_norms":0,"filtered_norms":4}
REJECT Uncovered native 3D singleton sensor edge.
STATS {"donors":1,"requests":3,"failures":1,"candidates":3,"pieces":2,"direct_intervals":2,"containment_tests":6,"maximum_candidates":1,"maximum_pieces":1,"index_bytes":0,"edge_seconds":6.0050000000000001e-06,"search_seconds":1.67e-07,"trace_seconds":2.729e-06,"integral_seconds":7.0200000000000001e-07,"exact_norms":0,"filtered_norms":4}
REJECT Uncovered native 3D singleton sensor edge.
STATS {"donors":1,"requests":3,"failures":1,"candidates":3,"pieces":2,"direct_intervals":2,"containment_tests":6,"maximum_candidates":1,"maximum_pieces":1,"index_bytes":0,"edge_seconds":1.4575e-05,"search_seconds":1.86e-07,"trace_seconds":1.1108000000000001e-05,"integral_seconds":7.54e-07,"exact_norms":0,"filtered_norms":4}
REJECT Uncovered native 3D singleton sensor edge.
STATS {"donors":1,"requests":3,"failures":1,"candidates":3,"pieces":2,"direct_intervals":2,"containment_tests":6,"maximum_candidates":1,"maximum_pieces":1,"index_bytes":0,"edge_seconds":1.4085000000000002e-05,"search_seconds":1.7100000000000001e-07,"trace_seconds":1.0616000000000001e-05,"integral_seconds":7.0000000000000007e-07,"exact_norms":0,"filtered_norms":4}
REJECT Uncovered native 3D singleton sensor edge.
STATS {"donors":1,"requests":3,"failures":1,"candidates":3,"pieces":2,"direct_intervals":2,"containment_tests":6,"maximum_candidates":1,"maximum_pieces":1,"index_bytes":0,"edge_seconds":1.3674e-05,"search_seconds":1.61e-07,"trace_seconds":1.0351e-05,"integral_seconds":7.3300000000000001e-07,"exact_norms":0,"filtered_norms":4}
REJECT Uncovered native 3D singleton sensor edge.
STATS {"donors":1,"requests":3,"failures":1,"candidates":3,"pieces":2,"direct_intervals":2,"containment_tests":6,"maximum_candidates":1,"maximum_pieces":1,"index_bytes":0,"edge_seconds":1.2812999999999999e-05,"search_seconds":1.66e-07,"trace_seconds":9.5910000000000002e-06,"integral_seconds":6.9299999999999997e-07,"exact_norms":0,"filtered_norms":4}
REJECT Uncovered native 3D singleton sensor edge.
STATS {"donors":1,"requests":3,"failures":1,"candidates":3,"pieces":2,"direct_intervals":2,"containment_tests":6,"maximum_candidates":1,"maximum_pieces":1,"index_bytes":0,"edge_seconds":3.3630000000000002e-05,"search_seconds":2.0500000000000002e-07,"trace_seconds":2.9394999999999999e-05,"integral_seconds":6.8399999999999993e-07,"exact_norms":0,"filtered_norms":4}
REJECT Uncovered native 3D singleton sensor edge.
STATS {"donors":1,"requests":3,"failures":1,"candidates":3,"pieces":2,"direct_intervals":2,"containment_tests":6,"maximum_candidates":1,"maximum_pieces":1,"index_bytes":0,"edge_seconds":5.0102000000000002e-05,"search_seconds":2.2100000000000001e-07,"trace_seconds":4.6808999999999999e-05,"integral_seconds":7.1299999999999999e-07,"exact_norms":0,"filtered_norms":4}
REJECT Uncovered native 3D singleton sensor edge.
STATS {"donors":1,"requests":3,"failures":1,"candidates":3,"pieces":2,"direct_intervals":2,"containment_tests":6,"maximum_candidates":1,"maximum_pieces":1,"index_bytes":0,"edge_seconds":5.0022000000000003e-05,"search_seconds":2.05e-07,"trace_seconds":4.6769999999999994e-05,"integral_seconds":6.9599999999999999e-07,"exact_norms":0,"filtered_norms":4}
REJECT Uncovered native 3D singleton sensor edge.
STATS {"donors":1,"requests":3,"failures":1,"candidates":3,"pieces":2,"direct_intervals":2,"containment_tests":6,"maximum_candidates":1,"maximum_pieces":1,"index_bytes":0,"edge_seconds":6.8811000000000002e-05,"search_seconds":2.22e-07,"trace_seconds":6.5388999999999993e-05,"integral_seconds":7.2699999999999999e-07,"exact_norms":0,"filtered_norms":4}
REJECT Uncovered native 3D singleton sensor edge.
STATS {"donors":1,"requests":3,"failures":1,"candidates":3,"pieces":2,"direct_intervals":2,"containment_tests":6,"maximum_candidates":1,"maximum_pieces":1,"index_bytes":0,"edge_seconds":4.7830999999999997e-05,"search_seconds":2.6399999999999998e-07,"trace_seconds":4.4486000000000001e-05,"integral_seconds":7.0900000000000001e-07,"exact_norms":0,"filtered_norms":4}
REJECT Uncovered native 3D singleton sensor edge.
STATS {"donors":1,"requests":3,"failures":1,"candidates":3,"pieces":2,"direct_intervals":2,"containment_tests":6,"maximum_candidates":1,"maximum_pieces":1,"index_bytes":0,"edge_seconds":4.4385000000000003e-05,"search_seconds":2.1199999999999999e-07,"trace_seconds":4.0979000000000002e-05,"integral_seconds":6.8699999999999994e-07,"exact_norms":0,"filtered_norms":4}
REJECT Uncovered native 3D singleton sensor edge.
STATS {"donors":1,"requests":3,"failures":1,"candidates":3,"pieces":2,"direct_intervals":2,"containment_tests":6,"maximum_candidates":1,"maximum_pieces":1,"index_bytes":0,"edge_seconds":4.6632999999999999e-05,"search_seconds":2.0800000000000001e-07,"trace_seconds":4.3371999999999997e-05,"integral_seconds":7.0099999999999994e-07,"exact_norms":0,"filtered_norms":4}
REJECT Uncovered native 3D singleton sensor edge.
STATS {"donors":1,"requests":3,"failures":1,"candidates":3,"pieces":2,"direct_intervals":2,"containment_tests":6,"maximum_candidates":1,"maximum_pieces":1,"index_bytes":0,"edge_seconds":4.7379999999999997e-05,"search_seconds":2.1299999999999999e-07,"trace_seconds":4.3786999999999999e-05,"integral_seconds":8.9700000000000005e-07,"exact_norms":0,"filtered_norms":4}
REJECT Uncovered native 3D singleton sensor edge.
STATS {"donors":1,"requests":3,"failures":1,"candidates":3,"pieces":2,"direct_intervals":2,"containment_tests":6,"maximum_candidates":1,"maximum_pieces":1,"index_bytes":0,"edge_seconds":5.0271000000000007e-05,"search_seconds":1.6999999999999999e-07,"trace_seconds":4.6972999999999999e-05,"integral_seconds":7.1400000000000007e-07,"exact_norms":0,"filtered_norms":4}
REJECT Uncovered native 3D singleton sensor edge.
STATS {"donors":1,"requests":3,"failures":1,"candidates":3,"pieces":2,"direct_intervals":2,"containment_tests":6,"maximum_candidates":1,"maximum_pieces":1,"index_bytes":0,"edge_seconds":6.9058000000000002e-05,"search_seconds":2.1199999999999999e-07,"trace_seconds":6.5697000000000005e-05,"integral_seconds":7.1799999999999994e-07,"exact_norms":0,"filtered_norms":4}
REJECT Uncovered native 3D singleton sensor edge.
STATS {"donors":1,"requests":3,"failures":1,"candidates":3,"pieces":2,"direct_intervals":2,"containment_tests":6,"maximum_candidates":1,"maximum_pieces":1,"index_bytes":0,"edge_seconds":7.1795e-05,"search_seconds":1.9000000000000003e-07,"trace_seconds":6.8083000000000005e-05,"integral_seconds":7.1900000000000002e-07,"exact_norms":0,"filtered_norms":4}
REJECT Uncovered native 3D singleton sensor edge.
STATS {"donors":1,"requests":3,"failures":1,"candidates":3,"pieces":2,"direct_intervals":2,"containment_tests":6,"maximum_candidates":1,"maximum_pieces":1,"index_bytes":0,"edge_seconds":4.6536000000000003e-05,"search_seconds":2.1499999999999998e-07,"trace_seconds":4.2926999999999997e-05,"integral_seconds":7.4700000000000001e-07,"exact_norms":0,"filtered_norms":4}
REJECT Uncovered native 3D singleton sensor edge.
STATS {"donors":1,"requests":3,"failures":1,"candidates":3,"pieces":2,"direct_intervals":2,"containment_tests":6,"maximum_candidates":1,"maximum_pieces":1,"index_bytes":0,"edge_seconds":4.6629000000000004e-05,"search_seconds":2.0800000000000001e-07,"trace_seconds":4.3177999999999999e-05,"integral_seconds":8.5800000000000009e-07,"exact_norms":0,"filtered_norms":4}
REJECT Uncovered native 3D singleton sensor edge.
STATS {"donors":1,"requests":3,"failures":1,"candidates":3,"pieces":2,"direct_intervals":2,"containment_tests":6,"maximum_candidates":1,"maximum_pieces":1,"index_bytes":0,"edge_seconds":4.6952e-05,"search_seconds":1.8200000000000002e-07,"trace_seconds":4.3696999999999999e-05,"integral_seconds":6.8299999999999996e-07,"exact_norms":0,"filtered_norms":4}
REJECT Uncovered native 3D singleton sensor edge.
STATS {"donors":1,"requests":3,"failures":1,"candidates":3,"pieces":2,"direct_intervals":2,"containment_tests":6,"maximum_candidates":1,"maximum_pieces":1,"index_bytes":0,"edge_seconds":5.0949999999999992e-05,"search_seconds":1.7499999999999999e-07,"trace_seconds":4.7652999999999999e-05,"integral_seconds":7.1900000000000002e-07,"exact_norms":0,"filtered_norms":4}
REJECT Uncovered native 3D singleton sensor edge.
STATS {"donors":1,"requests":3,"failures":1,"candidates":3,"pieces":2,"direct_intervals":2,"containment_tests":6,"maximum_candidates":1,"maximum_pieces":1,"index_bytes":0,"edge_seconds":4.8016999999999998e-05,"search_seconds":1.6899999999999999e-07,"trace_seconds":4.3989000000000002e-05,"integral_seconds":7.3600000000000003e-07,"exact_norms":0,"filtered_norms":4}
REJECT Uncovered native 3D singleton sensor edge.
STATS {"donors":1,"requests":3,"failures":1,"candidates":3,"pieces":2,"direct_intervals":2,"containment_tests":6,"maximum_candidates":1,"maximum_pieces":1,"index_bytes":0,"edge_seconds":4.6570000000000003e-05,"search_seconds":1.7499999999999999e-07,"trace_seconds":4.3037999999999997e-05,"integral_seconds":6.8800000000000002e-07,"exact_norms":0,"filtered_norms":4}
REJECT Uncovered native 3D singleton sensor edge.
STATS {"donors":1,"requests":3,"failures":1,"candidates":3,"pieces":2,"direct_intervals":2,"containment_tests":6,"maximum_candidates":1,"maximum_pieces":1,"index_bytes":0,"edge_seconds":4.3469e-05,"search_seconds":1.5199999999999998e-07,"trace_seconds":4.0247999999999998e-05,"integral_seconds":6.99e-07,"exact_norms":0,"filtered_norms":4}
REJECT Uncovered native 3D singleton sensor edge.
STATS {"donors":1,"requests":3,"failures":1,"candidates":3,"pieces":2,"direct_intervals":2,"containment_tests":6,"maximum_candidates":1,"maximum_pieces":1,"index_bytes":0,"edge_seconds":4.5138e-05,"search_seconds":1.98e-07,"trace_seconds":4.1802000000000004e-05,"integral_seconds":7.4399999999999999e-07,"exact_norms":0,"filtered_norms":4}
REJECT Uncovered native 3D singleton sensor edge.
STATS {"donors":1,"requests":3,"failures":1,"candidates":3,"pieces":2,"direct_intervals":2,"containment_tests":6,"maximum_candidates":1,"maximum_pieces":1,"index_bytes":0,"edge_seconds":6.1016000000000007e-05,"search_seconds":2.1399999999999998e-07,"trace_seconds":5.7627999999999998e-05,"integral_seconds":7.0900000000000001e-07,"exact_norms":0,"filtered_norms":4}
STATS {"donors":24,"requests":3,"failures":0,"candidates":72,"pieces":28,"direct_intervals":0,"containment_tests":0,"maximum_candidates":24,"maximum_pieces":12,"index_bytes":14584,"edge_seconds":0.0033476859999999999,"search_seconds":4.2479999999999998e-06,"trace_seconds":0.0033287849999999999,"integral_seconds":1.0393999999999999e-05,"exact_norms":0,"filtered_norms":56}
STATS {"donors":24,"requests":3,"failures":0,"candidates":72,"pieces":28,"direct_intervals":0,"containment_tests":0,"maximum_candidates":24,"maximum_pieces":12,"index_bytes":14584,"edge_seconds":0.0033454800000000001,"search_seconds":4.014e-06,"trace_seconds":0.0033307409999999999,"integral_seconds":9.7370000000000001e-06,"exact_norms":0,"filtered_norms":56}
STATS {"donors":24,"requests":3,"failures":0,"candidates":72,"pieces":28,"direct_intervals":0,"containment_tests":0,"maximum_candidates":24,"maximum_pieces":12,"index_bytes":14584,"edge_seconds":0.0040317199999999999,"search_seconds":3.9890000000000003e-06,"trace_seconds":0.0040174850000000003,"integral_seconds":9.4919999999999999e-06,"exact_norms":0,"filtered_norms":56}
STATS {"donors":2,"requests":2,"failures":0,"candidates":4,"pieces":3,"direct_intervals":0,"containment_tests":0,"maximum_candidates":2,"maximum_pieces":2,"index_bytes":8424,"edge_seconds":0.00017974799999999997,"search_seconds":5.8100000000000003e-07,"trace_seconds":0.00017783799999999999,"integral_seconds":1.0809999999999999e-06,"exact_norms":0,"filtered_norms":6}
REJECT Uncovered native 3D source segment interval.
STATS {"donors":2,"requests":1,"failures":1,"candidates":2,"pieces":0,"direct_intervals":0,"containment_tests":0,"maximum_candidates":2,"maximum_pieces":0,"index_bytes":8424,"edge_seconds":0.000103906,"search_seconds":2.0900000000000001e-07,"trace_seconds":0.000100467,"integral_seconds":0,"exact_norms":0,"filtered_norms":0}
REJECT Overlapping/nonconformal native 3D source segment donors.
STATS {"donors":2,"requests":1,"failures":1,"candidates":2,"pieces":0,"direct_intervals":0,"containment_tests":0,"maximum_candidates":2,"maximum_pieces":0,"index_bytes":8424,"edge_seconds":0.000108733,"search_seconds":1.6999999999999999e-07,"trace_seconds":0.000106174,"integral_seconds":0,"exact_norms":0,"filtered_norms":0}
REJECT Uncovered native 3D source segment endpoint.
STATS {"donors":0,"requests":1,"failures":1,"candidates":0,"pieces":0,"direct_intervals":0,"containment_tests":0,"maximum_candidates":0,"maximum_pieces":0,"index_bytes":0,"edge_seconds":5.3399999999999997e-06,"search_seconds":7.4000000000000001e-08,"trace_seconds":3.0929999999999999e-06,"integral_seconds":0,"exact_norms":0,"filtered_norms":0}
