Filters: [NativeDistributed3D]
Filters: [NativeDistributed3D]
DIRECTORY discovery rank=0 ranks=2 builds=1 lookups=6 fetches=3 reservations=0 publications=0 rejected=3 scanned=18 payloads=14 elections=53 max_dependencies=6 resident_bytes=4800 max_directory_work_bytes=43912 max_exchange_work_bytes=10368 bytes_sent=4392 collective_calls=45 build_s=3.9221e-05 lookup_s=7.9762e-05 fetch_s=6.3682e-05 reserve_s=0 publish_s=0 election_nested_s=2.4289e-05 world_transport_partial_s=4.1043e-05
DIRECTORY discovery rank=1 ranks=2 builds=1 lookups=6 fetches=3 reservations=0 publications=0 rejected=3 scanned=0 payloads=0 elections=53 max_dependencies=0 resident_bytes=864 max_directory_work_bytes=13480 max_exchange_work_bytes=7384 bytes_sent=3112 collective_calls=45 build_s=3.8568e-05 lookup_s=0.000113167 fetch_s=6.3651e-05 reserve_s=0 publish_s=0 election_nested_s=9.5231e-05 world_transport_partial_s=4.6757e-05
DIRECTORY conflict rank=1 ranks=2 builds=1 lookups=1 fetches=1 reservations=1 publications=0 rejected=1 scanned=0 payloads=6 elections=23 max_dependencies=6 resident_bytes=864 max_directory_work_bytes=10025 max_exchange_work_bytes=8472 bytes_sent=3232 collective_calls=22 build_s=4.5308e-05 lookup_s=3.5715e-05 fetch_s=2.7568e-05 reserve_s=1.7893e-05 publish_s=0 election_nested_s=4.7919e-05 world_transport_partial_s=2.5737e-05
DIRECTORY conflict rank=0 ranks=2 builds=1 lookups=1 fetches=1 reservations=1 publications=0 rejected=0 scanned=12 payloads=6 elections=23 max_dependencies=6 resident_bytes=4800 max_directory_work_bytes=23768 max_exchange_work_bytes=12408 bytes_sent=3840 collective_calls=22 build_s=3.2104e-05 lookup_s=2.0753e-05 fetch_s=2.7665e-05 reserve_s=1.7613e-05 publish_s=0 election_nested_s=9.986e-06 world_transport_partial_s=2.348e-05
MESH coupled_initial 0 17 0 0 0 0 6 1 1 1 1 1 0 0 2 1 1 0 1 6 1 0 0 0 0 0
MESH coupled_initial 1 18 0 0 0 0 6 1 1 1 2 1 1 0 3 0 1 0 1 8 1 2 0 0 0 0
MESH coupled_initial 2 19 0 0 0 0 6 1 1 1 3 0 1 0 7 0 1 1 1 9 1 3 0 0 0 0
MESH coupled_initial 3 20 0 0 0 0 6 1 1 1 7 0 1 1 4 0 0 1 1 11 1 5 0 0 0 0
MESH coupled_initial 4 21 0 0 0 0 6 1 1 1 4 0 0 1 5 1 0 1 1 10 1 4 0 0 0 0
MESH coupled_initial 5 22 0 0 0 0 6 1 1 1 5 1 0 1 1 1 0 0 1 7 1 1 0 0 0 0
MESH coupled_refined 100 117 0 0 0 0 8 0.5 0.5 0.5 1 1 0 0 2 1 1 0 0 0 1 0 0 0 0 0
MESH coupled_refined 101 118 8 0.5 0.5 0.5 6 1 1 1 1 1 0 0 2 1 1 0 1 6 0 0 0 0 0 0
MESH coupled_refined 102 119 0 0 0 0 8 0.5 0.5 0.5 2 1 1 0 3 0 1 0 0 0 1 2 0 0 0 0
MESH coupled_refined 103 120 8 0.5 0.5 0.5 6 1 1 1 2 1 1 0 3 0 1 0 1 8 0 0 0 0 0 0
MESH coupled_refined 104 121 0 0 0 0 8 0.5 0.5 0.5 3 0 1 0 7 0 1 1 0 0 1 3 0 0 0 0
MESH coupled_refined 105 122 8 0.5 0.5 0.5 6 1 1 1 3 0 1 0 7 0 1 1 1 9 0 0 0 0 0 0
MESH coupled_refined 106 123 0 0 0 0 8 0.5 0.5 0.5 7 0 1 1 4 0 0 1 0 0 1 5 0 0 0 0
MESH coupled_refined 107 124 8 0.5 0.5 0.5 6 1 1 1 7 0 1 1 4 0 0 1 1 11 0 0 0 0 0 0
MESH coupled_refined 108 125 0 0 0 0 8 0.5 0.5 0.5 4 0 0 1 5 1 0 1 0 0 1 4 0 0 0 0
MESH coupled_refined 109 126 8 0.5 0.5 0.5 6 1 1 1 4 0 0 1 5 1 0 1 1 10 0 0 0 0 0 0
MESH coupled_refined 110 127 0 0 0 0 8 0.5 0.5 0.5 5 1 0 1 1 1 0 0 0 0 1 1 0 0 0 0
MESH coupled_refined 111 128 8 0.5 0.5 0.5 6 1 1 1 5 1 0 1 1 1 0 0 1 7 0 0 0 0 0 0
DIRECTORY coupled rank=1 ranks=2 builds=1 lookups=4 fetches=2 reservations=2 publications=2 rejected=1 scanned=0 payloads=0 elections=65 max_dependencies=0 resident_bytes=1344 max_directory_work_bytes=23880 max_exchange_work_bytes=28216 bytes_sent=17232 collective_calls=86 build_s=4.7816e-05 lookup_s=0.000324089 fetch_s=7.4389e-05 reserve_s=3.0521e-05 publish_s=0.000168863 election_nested_s=0.00036127 world_transport_partial_s=0.001336
MESH coupled_coarsened 200 217 0 0 0 0 6 1 1 1 1 1 0 0 2 1 1 0 1 6 1 0 0 0 0 0
MESH coupled_coarsened 201 218 6 1 1 1 0 0 0 0 1 1 0 0 5 1 0 1 1 1 1 7 0 0 0 0
MESH coupled_coarsened 202 219 0 0 0 0 6 1 1 1 2 1 1 0 3 0 1 0 1 8 1 2 0 0 0 0
MESH coupled_coarsened 203 220 0 0 0 0 6 1 1 1 3 0 1 0 7 0 1 1 1 9 1 3 0 0 0 0
MESH coupled_coarsened 204 221 0 0 0 0 6 1 1 1 4 0 0 1 5 1 0 1 1 10 1 4 0 0 0 0
MESH coupled_coarsened 205 222 6 1 1 1 0 0 0 0 4 0 0 1 7 0 1 1 1 5 1 11 0 0 0 0
DIRECTORY coupled rank=0 ranks=2 builds=1 lookups=4 fetches=2 reservations=2 publications=2 rejected=1 scanned=30 payloads=18 elections=65 max_dependencies=12 resident_bytes=4320 max_directory_work_bytes=50344 max_exchange_work_bytes=42624 bytes_sent=23808 collective_calls=86 build_s=3.1266e-05 lookup_s=0.000118087 fetch_s=7.4183e-05 reserve_s=3.0575e-05 publish_s=0.000178673 election_nested_s=3.1437e-05 world_transport_partial_s=0.000157072
DIRECTORY rollback rank=0 ranks=2 builds=1 lookups=3 fetches=3 reservations=1 publications=0 rejected=10 scanned=6 payloads=6 elections=47 max_dependencies=6 resident_bytes=4800 max_directory_work_bytes=18446744073709551615 max_exchange_work_bytes=10624 bytes_sent=5648 collective_calls=27 build_s=4.0892e-05 lookup_s=2.9394e-05 fetch_s=7.0203e-05 reserve_s=3.167e-06 publish_s=0.000147437 election_nested_s=0.000105894 world_transport_partial_s=3.6351e-05
DIRECTORY rollback rank=1 ranks=2 builds=1 lookups=3 fetches=3 reservations=1 publications=0 rejected=10 scanned=0 payloads=0 elections=47 max_dependencies=0 resident_bytes=864 max_directory_work_bytes=9728 max_exchange_work_bytes=7384 bytes_sent=2856 collective_calls=27 build_s=3.8547e-05 lookup_s=4.4511e-05 fetch_s=8.5924e-05 reserve_s=2.933e-06 publish_s=0.000148434 election_nested_s=0.000163648 world_transport_partial_s=4.9322e-05
DIRECTORY overbudget rank=0 ranks=2 builds=1 lookups=1 fetches=0 reservations=0 publications=0 rejected=1 scanned=65 payloads=0 elections=13 max_dependencies=0 resident_bytes=29280 max_directory_work_bytes=90808 max_exchange_work_bytes=92616 bytes_sent=17248 collective_calls=9 build_s=0.000227253 lookup_s=3.7291e-05 fetch_s=0 reserve_s=0 publish_s=0 election_nested_s=1.7777e-05 world_transport_partial_s=6.5823e-05
DIRECTORY overbudget rank=1 ranks=2 builds=1 lookups=1 fetches=0 reservations=0 publications=0 rejected=1 scanned=0 payloads=0 elections=13 max_dependencies=0 resident_bytes=30192 max_directory_work_bytes=91880 max_exchange_work_bytes=92336 bytes_sent=16640 collective_calls=9 build_s=0.000240844 lookup_s=3.5481e-05 fetch_s=0 reserve_s=0 publish_s=0 election_nested_s=3.5094e-05 world_transport_partial_s=6.2377e-05
DIRECTORY subset rank=0 ranks=1 builds=1 lookups=1 fetches=1 reservations=1 publications=1 rejected=0 scanned=6 payloads=6 elections=30 max_dependencies=6 resident_bytes=10656 max_directory_work_bytes=61888 max_exchange_work_bytes=59472 bytes_sent=19560 collective_calls=34 build_s=3.8732e-05 lookup_s=9.403e-06 fetch_s=1.7359e-05 reserve_s=7.768e-06 publish_s=0.000107042 election_nested_s=3.705e-06 world_transport_partial_s=1.3175e-05
MESH returned_m1 100 117 0 0 0 0 8 0.5 0.5 0.5 1 1 0 0 2 1 1 0 0 0 1 0 0 0 0 0
MESH returned_m1 101 118 8 0.5 0.5 0.5 6 1 1 1 1 1 0 0 2 1 1 0 1 6 0 0 0 0 0 0
MESH returned_m1 102 119 0 0 0 0 8 0.5 0.5 0.5 2 1 1 0 3 0 1 0 0 0 1 2 0 0 0 0
MESH returned_m1 103 120 8 0.5 0.5 0.5 6 1 1 1 2 1 1 0 3 0 1 0 1 8 0 0 0 0 0 0
MESH returned_m1 104 121 0 0 0 0 8 0.5 0.5 0.5 3 0 1 0 7 0 1 1 0 0 1 3 0 0 0 0
SUBSET_RETURN N=2 M=1 rank=1 local_cells=6 valid=1
MESH returned_m1 105 122 8 0.5 0.5 0.5 6 1 1 1 3 0 1 0 7 0 1 1 1 9 0 0 0 0 0 0
MESH returned_m1 106 123 0 0 0 0 8 0.5 0.5 0.5 7 0 1 1 4 0 0 1 0 0 1 5 0 0 0 0
MESH returned_m1 107 124 8 0.5 0.5 0.5 6 1 1 1 7 0 1 1 4 0 0 1 1 11 0 0 0 0 0 0
MESH returned_m1 108 125 0 0 0 0 8 0.5 0.5 0.5 4 0 0 1 5 1 0 1 0 0 1 4 0 0 0 0
MESH returned_m1 109 126 8 0.5 0.5 0.5 6 1 1 1 4 0 0 1 5 1 0 1 1 10 0 0 0 0 0 0
MESH returned_m1 110 127 0 0 0 0 8 0.5 0.5 0.5 5 1 0 1 1 1 0 0 0 0 1 1 0 0 0 0
MESH returned_m1 111 128 8 0.5 0.5 0.5 6 1 1 1 5 1 0 1 1 1 0 0 1 7 0 0 0 0 0 0
SUBSET_RETURN N=2 M=1 rank=0 local_cells=6 valid=1
DIRECTORY subset rank=1 ranks=2 builds=1 lookups=1 fetches=1 reservations=1 publications=1 rejected=0 scanned=0 payloads=0 elections=30 max_dependencies=0 resident_bytes=2112 max_directory_work_bytes=21120 max_exchange_work_bytes=25736 bytes_sent=8136 collective_calls=34 build_s=7.0952e-05 lookup_s=2.0564e-05 fetch_s=4.2487e-05 reserve_s=1.5584e-05 publish_s=8.0286e-05 election_nested_s=8.5128e-05 world_transport_partial_s=0.000636084
DIRECTORY subset rank=0 ranks=2 builds=1 lookups=1 fetches=1 reservations=1 publications=1 rejected=0 scanned=6 payloads=6 elections=30 max_dependencies=6 resident_bytes=8544 max_directory_work_bytes=43736 max_exchange_work_bytes=39104 bytes_sent=11424 collective_calls=34 build_s=7.209e-05 lookup_s=1.914e-05 fetch_s=4.2472e-05 reserve_s=1.5474e-05 publish_s=8.3151e-05 election_nested_s=1.749e-05 world_transport_partial_s=3.9355e-05
MESH returned_m2 100 117 0 0 0 0 8 0.5 0.5 0.5 1 1 0 0 2 1 1 0 0 0 1 0 0 0 0 0
MESH returned_m2 101 118 8 0.5 0.5 0.5 6 1 1 1 1 1 0 0 2 1 1 0 1 6 0 0 0 0 0 0
MESH returned_m2 102 119 0 0 0 0 8 0.5 0.5 0.5 2 1 1 0 3 0 1 0 0 0 1 2 0 0 0 0
MESH returned_m2 103 120 8 0.5 0.5 0.5 6 1 1 1 2 1 1 0 3 0 1 0 1 8 0 0 0 0 0 0
MESH returned_m2 104 121 0 0 0 0 8 0.5 0.5 0.5 3 0 1 0 7 0 1 1 0 0 1 3 0 0 0 0
MESH returned_m2 105 122 8 0.5 0.5 0.5 6 1 1 1 3 0 1 0 7 0 1 1 1 9 0 0 0 0 0 0
MESH returned_m2 106 123 0 0 0 0 8 0.5 0.5 0.5 7 0 1 1 4 0 0 1 0 0 1 5 0 0 0 0
MESH returned_m2 107 124 8 0.5 0.5 0.5 6 1 1 1 7 0 1 1 4 0 0 1 1 11 0 0 0 0 0 0
MESH returned_m2 108 125 0 0 0 0 8 0.5 0.5 0.5 4 0 0 1 5 1 0 1 0 0 1 4 0 0 0 0
MESH returned_m2 109 126 8 0.5 0.5 0.5 6 1 1 1 4 0 0 1 5 1 0 1 1 10 0 0 0 0 0 0
MESH returned_m2 110 127 0 0 0 0 8 0.5 0.5 0.5 5 1 0 1 1 1 0 0 0 0 1 1 0 0 0 0
SUBSET_RETURN N=2 M=2 rank=1 local_cells=6 valid=1
===============================================================================
All tests passed (85 assertions in 8 test cases)

MESH returned_m2 111 128 8 0.5 0.5 0.5 6 1 1 1 5 1 0 1 1 1 0 0 1 7 0 0 0 0 0 0
SUBSET_RETURN N=2 M=2 rank=0 local_cells=6 valid=1
===============================================================================
All tests passed (98 assertions in 8 test cases)

