Filters: [NativeDistributed3D]
Filters: [NativeDistributed3D]
Filters: [NativeDistributed3D]
Filters: [NativeDistributed3D]
DIRECTORY discovery rank=0 ranks=4 builds=1 lookups=6 fetches=3 reservations=0 publications=0 rejected=3 scanned=18 payloads=14 elections=53 max_dependencies=6 resident_bytes=3696 max_directory_work_bytes=42856 max_exchange_work_bytes=8624 bytes_sent=3440 collective_calls=45 build_s=0.000107383 lookup_s=0.00033799 fetch_s=0.000275707 reserve_s=0 publish_s=0 election_nested_s=0.000122861 world_transport_partial_s=0.000253332
DIRECTORY discovery rank=1 ranks=4 builds=1 lookups=6 fetches=3 reservations=0 publications=0 rejected=3 scanned=0 payloads=0 elections=53 max_dependencies=0 resident_bytes=624 max_directory_work_bytes=9584 max_exchange_work_bytes=5512 bytes_sent=2120 collective_calls=45 build_s=0.000104757 lookup_s=0.000410099 fetch_s=0.000276506 reserve_s=0 publish_s=0 election_nested_s=0.000273767 world_transport_partial_s=0.000284788
DIRECTORY discovery rank=2 ranks=4 builds=1 lookups=6 fetches=3 reservations=0 publications=0 rejected=3 scanned=0 payloads=0 elections=53 max_dependencies=0 resident_bytes=1104 max_directory_work_bytes=10064 max_exchange_work_bytes=3808 bytes_sent=952 collective_calls=45 build_s=0.000114455 lookup_s=0.000401747 fetch_s=0.000278011 reserve_s=0 publish_s=0 election_nested_s=0.00026742 world_transport_partial_s=0.000295345
DIRECTORY discovery rank=3 ranks=4 builds=1 lookups=6 fetches=3 reservations=0 publications=0 rejected=3 scanned=0 payloads=0 elections=53 max_dependencies=0 resident_bytes=240 max_directory_work_bytes=12952 max_exchange_work_bytes=3184 bytes_sent=992 collective_calls=45 build_s=0.000113556 lookup_s=0.000419446 fetch_s=0.000277424 reserve_s=0 publish_s=0 election_nested_s=0.000296423 world_transport_partial_s=0.000300578
DIRECTORY conflict rank=2 ranks=4 builds=1 lookups=1 fetches=1 reservations=1 publications=0 rejected=1 scanned=0 payloads=6 elections=23 max_dependencies=6 resident_bytes=1104 max_directory_work_bytes=10361 max_exchange_work_bytes=7576 bytes_sent=1776 collective_calls=22 build_s=0.00020295 lookup_s=0.000135751 fetch_s=0.000120374 reserve_s=0.000109055 publish_s=0 election_nested_s=0.000206793 world_transport_partial_s=0.00017931
DIRECTORY conflict rank=0 ranks=4 builds=1 lookups=1 fetches=1 reservations=1 publications=0 rejected=0 scanned=24 payloads=6 elections=23 max_dependencies=6 resident_bytes=3696 max_directory_work_bytes=35320 max_exchange_work_bytes=12704 bytes_sent=4400 collective_calls=22 build_s=9.5593e-05 lookup_s=0.000104336 fetch_s=0.000121512 reserve_s=0.000108433 publish_s=0 election_nested_s=6.8512e-05 world_transport_partial_s=0.000145457
DIRECTORY conflict rank=1 ranks=4 builds=1 lookups=1 fetches=1 reservations=1 publications=0 rejected=1 scanned=0 payloads=6 elections=23 max_dependencies=6 resident_bytes=624 max_directory_work_bytes=9881 max_exchange_work_bytes=9632 bytes_sent=3160 collective_calls=22 build_s=0.000200585 lookup_s=0.000133756 fetch_s=0.000122348 reserve_s=0.000109175 publish_s=0 election_nested_s=0.000235339 world_transport_partial_s=0.000156445
DIRECTORY conflict rank=3 ranks=4 builds=1 lookups=1 fetches=1 reservations=1 publications=0 rejected=1 scanned=0 payloads=6 elections=23 max_dependencies=6 resident_bytes=240 max_directory_work_bytes=9497 max_exchange_work_bytes=6712 bytes_sent=1752 collective_calls=22 build_s=0.000200875 lookup_s=0.000143396 fetch_s=0.000121195 reserve_s=0.000109392 publish_s=0 election_nested_s=0.000240755 world_transport_partial_s=0.000178542
MESH coupled_initial 0 17 0 0 0 0 6 1 1 1 1 1 0 0 2 1 1 0 1 6 1 0 0 0 0 0
MESH coupled_initial 1 18 0 0 0 0 6 1 1 1 2 1 1 0 3 0 1 0 1 8 1 2 0 0 0 0
MESH coupled_initial 2 19 0 0 0 0 6 1 1 1 3 0 1 0 7 0 1 1 1 9 1 3 0 0 0 0
MESH coupled_initial 3 20 0 0 0 0 6 1 1 1 7 0 1 1 4 0 0 1 1 11 1 5 0 0 0 0
MESH coupled_initial 4 21 0 0 0 0 6 1 1 1 4 0 0 1 5 1 0 1 1 10 1 4 0 0 0 0
MESH coupled_initial 5 22 0 0 0 0 6 1 1 1 5 1 0 1 1 1 0 0 1 7 1 1 0 0 0 0
MESH coupled_refined 100 117 0 0 0 0 8 0.5 0.5 0.5 1 1 0 0 2 1 1 0 0 0 1 0 0 0 0 0
MESH coupled_refined 101 118 8 0.5 0.5 0.5 6 1 1 1 1 1 0 0 2 1 1 0 1 6 0 0 0 0 0 0
MESH coupled_refined 102 119 0 0 0 0 8 0.5 0.5 0.5 2 1 1 0 3 0 1 0 0 0 1 2 0 0 0 0
MESH coupled_refined 103 120 8 0.5 0.5 0.5 6 1 1 1 2 1 1 0 3 0 1 0 1 8 0 0 0 0 0 0
MESH coupled_refined 104 121 0 0 0 0 8 0.5 0.5 0.5 3 0 1 0 7 0 1 1 0 0 1 3 0 0 0 0
MESH coupled_refined 105 122 8 0.5 0.5 0.5 6 1 1 1 3 0 1 0 7 0 1 1 1 9 0 0 0 0 0 0
MESH coupled_refined 106 123 0 0 0 0 8 0.5 0.5 0.5 7 0 1 1 4 0 0 1 0 0 1 5 0 0 0 0
MESH coupled_refined 107 124 8 0.5 0.5 0.5 6 1 1 1 7 0 1 1 4 0 0 1 1 11 0 0 0 0 0 0
MESH coupled_refined 108 125 0 0 0 0 8 0.5 0.5 0.5 4 0 0 1 5 1 0 1 0 0 1 4 0 0 0 0
MESH coupled_refined 109 126 8 0.5 0.5 0.5 6 1 1 1 4 0 0 1 5 1 0 1 1 10 0 0 0 0 0 0
MESH coupled_refined 110 127 0 0 0 0 8 0.5 0.5 0.5 5 1 0 1 1 1 0 0 0 0 1 1 0 0 0 0
MESH coupled_refined 111 128 8 0.5 0.5 0.5 6 1 1 1 5 1 0 1 1 1 0 0 1 7 0 0 0 0 0 0
MESH coupled_coarsened 200 217 0 0 0 0 6 1 1 1 1 1 0 0 2 1 1 0 1 6 1 0 0 0 0 0
MESH coupled_coarsened 201 218 6 1 1 1 0 0 0 0 1 1 0 0 5 1 0 1 1 1 1 7 0 0 0 0
MESH coupled_coarsened 202 219 0 0 0 0 6 1 1 1 2 1 1 0 3 0 1 0 1 8 1 2 0 0 0 0
MESH coupled_coarsened 203 220 0 0 0 0 6 1 1 1 3 0 1 0 7 0 1 1 1 9 1 3 0 0 0 0
MESH coupled_coarsened 204 221 0 0 0 0 6 1 1 1 4 0 0 1 5 1 0 1 1 10 1 4 0 0 0 0
MESH coupled_coarsened 205 222 6 1 1 1 0 0 0 0 4 0 0 1 7 0 1 1 1 5 1 11 0 0 0 0
DIRECTORY coupled rank=1 ranks=4 builds=1 lookups=4 fetches=2 reservations=2 publications=2 rejected=1 scanned=0 payloads=0 elections=65 max_dependencies=0 resident_bytes=1104 max_directory_work_bytes=12080 max_exchange_work_bytes=15440 bytes_sent=9816 collective_calls=86 build_s=0.000125027 lookup_s=0.000586061 fetch_s=0.000171074 reserve_s=0.000117213 publish_s=0.000244233 election_nested_s=0.000626785 world_transport_partial_s=0.00245484
DIRECTORY coupled rank=2 ranks=4 builds=1 lookups=4 fetches=2 reservations=2 publications=2 rejected=1 scanned=0 payloads=0 elections=65 max_dependencies=0 resident_bytes=384 max_directory_work_bytes=11008 max_exchange_work_bytes=13104 bytes_sent=7416 collective_calls=86 build_s=0.000124711 lookup_s=0.000584561 fetch_s=0.000170914 reserve_s=0.000115721 publish_s=0.000246559 election_nested_s=0.000622435 world_transport_partial_s=0.00246979
DIRECTORY coupled rank=3 ranks=4 builds=1 lookups=4 fetches=2 reservations=2 publications=2 rejected=1 scanned=0 payloads=0 elections=65 max_dependencies=0 resident_bytes=240 max_directory_work_bytes=10624 max_exchange_work_bytes=12528 bytes_sent=7416 collective_calls=86 build_s=0.000133565 lookup_s=0.00058548 fetch_s=0.000171035 reserve_s=0.000114696 publish_s=0.000246116 election_nested_s=0.000633759 world_transport_partial_s=0.00246703
DIRECTORY coupled rank=0 ranks=4 builds=1 lookups=4 fetches=2 reservations=2 publications=2 rejected=1 scanned=30 payloads=18 elections=65 max_dependencies=12 resident_bytes=3936 max_directory_work_bytes=39264 max_exchange_work_bytes=31472 bytes_sent=16392 collective_calls=86 build_s=8.6638e-05 lookup_s=0.000264049 fetch_s=0.000170682 reserve_s=0.000117236 publish_s=0.000254312 election_nested_s=0.000132004 world_transport_partial_s=0.000412131
DIRECTORY rollback rank=1 ranks=4 builds=1 lookups=3 fetches=3 reservations=1 publications=0 rejected=10 scanned=0 payloads=0 elections=47 max_dependencies=0 resident_bytes=624 max_directory_work_bytes=9584 max_exchange_work_bytes=5512 bytes_sent=1904 collective_calls=27 build_s=4.4095e-05 lookup_s=6.0115e-05 fetch_s=0.000109691 reserve_s=4.81e-06 publish_s=0.00012511 election_nested_s=0.000177215 world_transport_partial_s=9.4726e-05
DIRECTORY rollback rank=2 ranks=4 builds=1 lookups=3 fetches=3 reservations=1 publications=0 rejected=10 scanned=0 payloads=0 elections=47 max_dependencies=0 resident_bytes=1104 max_directory_work_bytes=10064 max_exchange_work_bytes=3808 bytes_sent=952 collective_calls=27 build_s=4.3875e-05 lookup_s=6.006e-05 fetch_s=0.000110544 reserve_s=4.969e-06 publish_s=0.000125222 election_nested_s=0.00017495 world_transport_partial_s=9.7221e-05
DIRECTORY rollback rank=0 ranks=4 builds=1 lookups=3 fetches=3 reservations=1 publications=0 rejected=10 scanned=6 payloads=6 elections=47 max_dependencies=6 resident_bytes=3696 max_directory_work_bytes=18446744073709551615 max_exchange_work_bytes=9416 bytes_sent=4696 collective_calls=27 build_s=4.5144e-05 lookup_s=4.4234e-05 fetch_s=9.4761e-05 reserve_s=4.722e-06 publish_s=0.000123389 election_nested_s=8.4272e-05 world_transport_partial_s=7.1424e-05
DIRECTORY rollback rank=3 ranks=4 builds=1 lookups=3 fetches=3 reservations=1 publications=0 rejected=10 scanned=0 payloads=0 elections=47 max_dependencies=0 resident_bytes=240 max_directory_work_bytes=9200 max_exchange_work_bytes=3184 bytes_sent=952 collective_calls=27 build_s=4.4327e-05 lookup_s=6.3897e-05 fetch_s=0.000113959 reserve_s=4.725e-06 publish_s=0.000125101 election_nested_s=0.000175472 world_transport_partial_s=9.7044e-05
DIRECTORY overbudget rank=1 ranks=4 builds=1 lookups=1 fetches=0 reservations=0 publications=0 rejected=1 scanned=0 payloads=0 elections=13 max_dependencies=0 resident_bytes=19344 max_directory_work_bytes=50104 max_exchange_work_bytes=52352 bytes_sent=8320 collective_calls=9 build_s=0.000154638 lookup_s=4.6787e-05 fetch_s=0 reserve_s=0 publish_s=0 election_nested_s=4.3852e-05 world_transport_partial_s=4.0585e-05
DIRECTORY overbudget rank=3 ranks=4 builds=1 lookups=1 fetches=0 reservations=0 publications=0 rejected=1 scanned=0 payloads=0 elections=13 max_dependencies=0 resident_bytes=10848 max_directory_work_bytes=34576 max_exchange_work_bytes=41536 bytes_sent=8320 collective_calls=9 build_s=0.000151451 lookup_s=8.9475e-05 fetch_s=0 reserve_s=0 publish_s=0 election_nested_s=9.4765e-05 world_transport_partial_s=2.814e-05
DIRECTORY overbudget rank=0 ranks=4 builds=1 lookups=1 fetches=0 reservations=0 publications=0 rejected=1 scanned=65 payloads=0 elections=13 max_dependencies=0 resident_bytes=20112 max_directory_work_bytes=51840 max_exchange_work_bytes=54680 bytes_sent=8928 collective_calls=9 build_s=0.000143264 lookup_s=4.2722e-05 fetch_s=0 reserve_s=0 publish_s=0 election_nested_s=1.7843e-05 world_transport_partial_s=3.5356e-05
DIRECTORY overbudget rank=2 ranks=4 builds=1 lookups=1 fetches=0 reservations=0 publications=0 rejected=1 scanned=0 payloads=0 elections=13 max_dependencies=0 resident_bytes=9168 max_directory_work_bytes=32600 max_exchange_work_bytes=41328 bytes_sent=8320 collective_calls=9 build_s=0.000154926 lookup_s=9.5276e-05 fetch_s=0 reserve_s=0 publish_s=0 election_nested_s=0.000107492 world_transport_partial_s=3.4966e-05
DIRECTORY subset rank=0 ranks=2 builds=1 lookups=1 fetches=1 reservations=1 publications=1 rejected=0 scanned=6 payloads=6 elections=30 max_dependencies=6 resident_bytes=8544 max_directory_work_bytes=43736 max_exchange_work_bytes=39104 bytes_sent=11424 collective_calls=34 build_s=3.9781e-05 lookup_s=2.232e-05 fetch_s=2.8883e-05 reserve_s=1.9191e-05 publish_s=8.2159e-05 election_nested_s=1.6959e-05 world_transport_partial_s=5.0507e-05
DIRECTORY subset rank=1 ranks=2 builds=1 lookups=1 fetches=1 reservations=1 publications=1 rejected=0 scanned=0 payloads=0 elections=30 max_dependencies=0 resident_bytes=2112 max_directory_work_bytes=21120 max_exchange_work_bytes=25736 bytes_sent=8136 collective_calls=34 build_s=3.8688e-05 lookup_s=2.3586e-05 fetch_s=2.9057e-05 reserve_s=1.9269e-05 publish_s=7.929e-05 election_nested_s=5.1908e-05 world_transport_partial_s=0.00067093
SUBSET_RETURN N=4 M=2 rank=3 local_cells=3 valid=1
SUBSET_RETURN N=4 M=2 rank=2 local_cells=3 valid=1
MESH returned_m2 100 117 0 0 0 0 8 0.5 0.5 0.5 1 1 0 0 2 1 1 0 0 0 1 0 0 0 0 0
MESH returned_m2 101 118 8 0.5 0.5 0.5 6 1 1 1 1 1 0 0 2 1 1 0 1 6 0 0 0 0 0 0
MESH returned_m2 102 119 0 0 0 0 8 0.5 0.5 0.5 2 1 1 0 3 0 1 0 0 0 1 2 0 0 0 0
MESH returned_m2 103 120 8 0.5 0.5 0.5 6 1 1 1 2 1 1 0 3 0 1 0 1 8 0 0 0 0 0 0
MESH returned_m2 104 121 0 0 0 0 8 0.5 0.5 0.5 3 0 1 0 7 0 1 1 0 0 1 3 0 0 0 0
MESH returned_m2 105 122 8 0.5 0.5 0.5 6 1 1 1 3 0 1 0 7 0 1 1 1 9 0 0 0 0 0 0
MESH returned_m2 106 123 0 0 0 0 8 0.5 0.5 0.5 7 0 1 1 4 0 0 1 0 0 1 5 0 0 0 0
MESH returned_m2 107 124 8 0.5 0.5 0.5 6 1 1 1 7 0 1 1 4 0 0 1 1 11 0 0 0 0 0 0
MESH returned_m2 108 125 0 0 0 0 8 0.5 0.5 0.5 4 0 0 1 5 1 0 1 0 0 1 4 0 0 0 0
MESH returned_m2 109 126 8 0.5 0.5 0.5 6 1 1 1 4 0 0 1 5 1 0 1 1 10 0 0 0 0 0 0
MESH returned_m2 110 127 0 0 0 0 8 0.5 0.5 0.5 5 1 0 1 1 1 0 0 0 0 1 1 0 0 0 0
SUBSET_RETURN N=4 M=2 rank=1 local_cells=3 valid=1
MESH returned_m2 111 128 8 0.5 0.5 0.5 6 1 1 1 5 1 0 1 1 1 0 0 1 7 0 0 0 0 0 0
SUBSET_RETURN N=4 M=2 rank=0 local_cells=3 valid=1
DIRECTORY subset rank=1 ranks=3 builds=1 lookups=1 fetches=1 reservations=1 publications=1 rejected=0 scanned=0 payloads=0 elections=30 max_dependencies=0 resident_bytes=5760 max_directory_work_bytes=26456 max_exchange_work_bytes=24368 bytes_sent=5424 collective_calls=34 build_s=3.3056e-05 lookup_s=2.9104e-05 fetch_s=3.5194e-05 reserve_s=2.459e-05 publish_s=0.000100603 election_nested_s=3.4638e-05 world_transport_partial_s=0.00076474
DIRECTORY subset rank=2 ranks=3 builds=1 lookups=1 fetches=1 reservations=1 publications=1 rejected=0 scanned=0 payloads=0 elections=30 max_dependencies=0 resident_bytes=2304 max_directory_work_bytes=16560 max_exchange_work_bytes=19872 bytes_sent=5424 collective_calls=34 build_s=3.2257e-05 lookup_s=2.9377e-05 fetch_s=3.5168e-05 reserve_s=2.4739e-05 publish_s=9.8914e-05 election_nested_s=4.7621e-05 world_transport_partial_s=0.000759334
DIRECTORY subset rank=0 ranks=3 builds=1 lookups=1 fetches=1 reservations=1 publications=1 rejected=0 scanned=6 payloads=6 elections=30 max_dependencies=6 resident_bytes=2592 max_directory_work_bytes=17176 max_exchange_work_bytes=19168 bytes_sent=8712 collective_calls=34 build_s=3.2762e-05 lookup_s=2.9279e-05 fetch_s=3.5161e-05 reserve_s=2.4752e-05 publish_s=9.8962e-05 election_nested_s=3.8649e-05 world_transport_partial_s=7.1385e-05
SUBSET_RETURN N=4 M=3 rank=2 local_cells=3 valid=1
SUBSET_RETURN N=4 M=3 rank=3 local_cells=3 valid=1
SUBSET_RETURN N=4 M=3 rank=1 local_cells=3 valid=1
MESH returned_m3 100 117 0 0 0 0 8 0.5 0.5 0.5 1 1 0 0 2 1 1 0 0 0 1 0 0 0 0 0
MESH returned_m3 101 118 8 0.5 0.5 0.5 6 1 1 1 1 1 0 0 2 1 1 0 1 6 0 0 0 0 0 0
MESH returned_m3 102 119 0 0 0 0 8 0.5 0.5 0.5 2 1 1 0 3 0 1 0 0 0 1 2 0 0 0 0
MESH returned_m3 103 120 8 0.5 0.5 0.5 6 1 1 1 2 1 1 0 3 0 1 0 1 8 0 0 0 0 0 0
MESH returned_m3 104 121 0 0 0 0 8 0.5 0.5 0.5 3 0 1 0 7 0 1 1 0 0 1 3 0 0 0 0
MESH returned_m3 105 122 8 0.5 0.5 0.5 6 1 1 1 3 0 1 0 7 0 1 1 1 9 0 0 0 0 0 0
MESH returned_m3 106 123 0 0 0 0 8 0.5 0.5 0.5 7 0 1 1 4 0 0 1 0 0 1 5 0 0 0 0
MESH returned_m3 107 124 8 0.5 0.5 0.5 6 1 1 1 7 0 1 1 4 0 0 1 1 11 0 0 0 0 0 0
MESH returned_m3 108 125 0 0 0 0 8 0.5 0.5 0.5 4 0 0 1 5 1 0 1 0 0 1 4 0 0 0 0
MESH returned_m3 109 126 8 0.5 0.5 0.5 6 1 1 1 4 0 0 1 5 1 0 1 1 10 0 0 0 0 0 0
MESH returned_m3 110 127 0 0 0 0 8 0.5 0.5 0.5 5 1 0 1 1 1 0 0 0 0 1 1 0 0 0 0
MESH returned_m3 111 128 8 0.5 0.5 0.5 6 1 1 1 5 1 0 1 1 1 0 0 1 7 0 0 0 0 0 0
SUBSET_RETURN N=4 M=3 rank=0 local_cells=3 valid=1
DIRECTORY subset rank=1 ranks=4 builds=1 lookups=1 fetches=1 reservations=1 publications=1 rejected=0 scanned=0 payloads=0 elections=30 max_dependencies=0 resident_bytes=672 max_directory_work_bytes=11968 max_exchange_work_bytes=15328 bytes_sent=4696 collective_calls=34 build_s=3.5961e-05 lookup_s=3.1535e-05 fetch_s=6.2807e-05 reserve_s=4.4416e-05 publish_s=8.1714e-05 election_nested_s=7.6011e-05 world_transport_partial_s=0.000838735
DIRECTORY subset rank=2 ranks=4 builds=1 lookups=1 fetches=1 reservations=1 publications=1 rejected=0 scanned=0 payloads=0 elections=30 max_dependencies=0 resident_bytes=1392 max_directory_work_bytes=11008 max_exchange_work_bytes=13104 bytes_sent=3440 collective_calls=34 build_s=3.6586e-05 lookup_s=3.1199e-05 fetch_s=6.2709e-05 reserve_s=4.3916e-05 publish_s=8.2379e-05 election_nested_s=7.5192e-05 world_transport_partial_s=0.000842207
DIRECTORY subset rank=3 ranks=4 builds=1 lookups=1 fetches=1 reservations=1 publications=1 rejected=0 scanned=0 payloads=0 elections=30 max_dependencies=0 resident_bytes=1440 max_directory_work_bytes=9296 max_exchange_work_bytes=11304 bytes_sent=3440 collective_calls=34 build_s=3.3966e-05 lookup_s=3.6063e-05 fetch_s=5.8586e-05 reserve_s=4.3765e-05 publish_s=8.1793e-05 election_nested_s=7.6521e-05 world_transport_partial_s=0.000842515
DIRECTORY subset rank=0 ranks=4 builds=1 lookups=1 fetches=1 reservations=1 publications=1 rejected=0 scanned=6 payloads=6 elections=30 max_dependencies=6 resident_bytes=7152 max_directory_work_bytes=31976 max_exchange_work_bytes=27536 bytes_sent=7984 collective_calls=34 build_s=3.6612e-05 lookup_s=3.0544e-05 fetch_s=6.279e-05 reserve_s=4.4409e-05 publish_s=8.391e-05 election_nested_s=3.0556e-05 world_transport_partial_s=0.000131805
SUBSET_RETURN N=4 M=4 rank=2 local_cells=3 valid=1
===============================================================================
All tests passed (84 assertions in 8 test cases)

MESH returned_m4 100 117 0 0 0 0 8 0.5 0.5 0.5 1 1 0 0 2 1 1 0 0 0 1 0 0 0 0 0
MESH returned_m4 101 118 8 0.5 0.5 0.5 6 1 1 1 1 1 0 0 2 1 1 0 1 6 0 0 0 0 0 0
MESH returned_m4 102 119 0 0 0 0 8 0.5 0.5 0.5 2 1 1 0 3 0 1 0 0 0 1 2 0 0 0 0
MESH returned_m4 103 120 8 0.5 0.5 0.5 6 1 1 1 2 1 1 0 3 0 1 0 1 8 0 0 0 0 0 0
MESH returned_m4 104 121 0 0 0 0 8 0.5 0.5 0.5 3 0 1 0 7 0 1 1 0 0 1 3 0 0 0 0
MESH returned_m4 105 122 8 0.5 0.5 0.5 6 1 1 1 3 0 1 0 7 0 1 1 1 9 0 0 0 0 0 0
MESH returned_m4 106 123 0 0 0 0 8 0.5 0.5 0.5 7 0 1 1 4 0 0 1 0 0 1 5 0 0 0 0
SUBSET_RETURN N=4 M=4 rank=3 local_cells=3 valid=1
===============================================================================
All tests passed (85 assertions in 8 test cases)

SUBSET_RETURN N=4 M=4 rank=1 local_cells=3 valid=1
===============================================================================
All tests passed (83 assertions in 8 test cases)

MESH returned_m4 107 124 8 0.5 0.5 0.5 6 1 1 1 7 0 1 1 4 0 0 1 1 11 0 0 0 0 0 0
MESH returned_m4 108 125 0 0 0 0 8 0.5 0.5 0.5 4 0 0 1 5 1 0 1 0 0 1 4 0 0 0 0
MESH returned_m4 109 126 8 0.5 0.5 0.5 6 1 1 1 4 0 0 1 5 1 0 1 1 10 0 0 0 0 0 0
MESH returned_m4 110 127 0 0 0 0 8 0.5 0.5 0.5 5 1 0 1 1 1 0 0 0 0 1 1 0 0 0 0
MESH returned_m4 111 128 8 0.5 0.5 0.5 6 1 1 1 5 1 0 1 1 1 0 0 1 7 0 0 0 0 0 0
SUBSET_RETURN N=4 M=4 rank=0 local_cells=3 valid=1
===============================================================================
All tests passed (97 assertions in 8 test cases)

