
-------------------------------------------------------------------------
|    ___ _   _ ___                                                      |
|   / __| | | |_  )   Release 8.5.0 "Harrier"                           |
|   \__ \ |_| |/ /                                                      |
|   |___/\___//___|   Suite (Computational Fluid Dynamics Code)         |
|                                                                       |
-------------------------------------------------------------------------
| SU2 Project Website: https://su2code.github.io                        |
|                                                                       |
| The SU2 Project is maintained by the SU2 Foundation                   |
| (http://su2foundation.org)                                            |
-------------------------------------------------------------------------
| Copyright 2012-2026, SU2 Contributors                                 |
|                                                                       |
| SU2 is free software; you can redistribute it and/or                  |
| modify it under the terms of the GNU Lesser General Public            |
| License as published by the Free Software Foundation; either          |
| version 2.1 of the License, or (at your option) any later version.    |
|                                                                       |
| SU2 is distributed in the hope that it will be useful,                |
| but WITHOUT ANY WARRANTY; without even the implied warranty of        |
| MERCHANTABILITY or FITNESS FOR A PARTICULAR PURPOSE. See the GNU      |
| Lesser General Public License for more details.                       |
|                                                                       |
| You should have received a copy of the GNU Lesser General Public      |
| License along with SU2. If not, see <http://www.gnu.org/licenses/>.   |
-------------------------------------------------------------------------

Parsing config file for zone 0

----------------- Physical Case Definition ( Zone 0 ) -------------------
Compressible Laminar Navier-Stokes' equations.
Mach number: 0.2.
Angle of attack (AoA): 90 deg, and angle of sideslip (AoS): 0 deg.
Reynolds number: 80. Reference length 1.
No restart solution, use the values at infinity (freestream).
Dimensional simulation.
The reference area is 1 m^2.
The semi-span will be computed using the max y(3D) value.
The reference length is 1 m.
Reference origin for moment evaluation is (0, 0, 0).
Surface(s) where the force coefficients are evaluated: wall.

Input mesh file name: mesh.su2

--------------- Space Numerical Integration ( Zone 0 ) ------------------
Roe (with entropy fix = 0.001) solver for the flow inviscid terms.
Standard Roe without low-dissipation function.
First order integration in space.
Average of gradients with correction (viscous flow terms).
Gradient for upwind reconstruction: Green-Gauss.
Gradient for viscous and source terms: Green-Gauss.

--------------- Time Numerical Integration  ( Zone 0 ) ------------------
Local time stepping (steady state simulation).
Euler implicit method for the flow equations.
FGMRES is used for solving the linear system.
Using ILU(0) preconditioning.
Convergence criteria of the linear solver: 1e-06.
Max number of linear iterations: 20.
No CFL adaptation.
Courant-Friedrichs-Lewy number:       10

------------------ Convergence Criteria  ( Zone 0 ) ---------------------
Maximum number of solver subiterations: 4000.
Begin convergence monitoring at iteration 0.
Residual minimum value: 1e-10.
Cauchy series min. value: 1e-10.
Number of Cauchy elements: 100.
Begin windowed time average at iteration 0.

-------------------- Output Information ( Zone 0 ) ----------------------
File writing frequency: 
+------------------------------------+
|                     File| Frequency|
+------------------------------------+
|            RESTART_ASCII|    999999|
+------------------------------------+
Writing the convergence history file every 1 inner iterations.
Writing the screen convergence history every 200 inner iterations.
The tabular file format is CSV (.csv).
Convergence history file name: history.
Forces breakdown file name: forces_breakdown.dat.
Surface file name: surface.
Volume file name: vol_solution.
Restart file name: restart.csv.

------------- Config File Boundary Information ( Zone 0 ) ---------------
+-----------------------------------------------------------------------+
|                        Marker Type|                        Marker Name|
+-----------------------------------------------------------------------+
|                  Periodic boundary|                               per1|
|                                   |                               per2|
+-----------------------------------------------------------------------+
|                     Inlet boundary|                              inlet|
+-----------------------------------------------------------------------+
|                    Outlet boundary|                             outlet|
+-----------------------------------------------------------------------+
|                     Heat flux wall|                               wall|
+-----------------------------------------------------------------------+

-------------------- Output Preprocessing ( Zone 0 ) --------------------

WARNING: SURFACE_PRESSURE_DROP can only be computed for at least 2 surfaces (outlet, inlet, ...)

Screen output fields: INNER_ITER, RMS_DENSITY, RMS_MOMENTUM-X, RMS_MOMENTUM-Y, RMS_MOMENTUM-Z, RMS_ENERGY
History output group(s): ITER, RMS_RES, LINSOL
Convergence field(s): RMS_DENSITY
Warning: No (valid) fields chosen for time convergence monitoring. Time convergence monitoring inactive.
  Info: Ignoring the following volume output fields/groups:
  LIMITER
Volume output fields: COORDINATES, SOLUTION, PRIMITIVE, RESIDUAL

------------------- Geometry Preprocessing ( Zone 0 ) -------------------
Three dimensional problem.
187 grid points.
80 volume elements.
5 surface markers.
80 boundary elements in index 0 (Marker = per1).
80 boundary elements in index 1 (Marker = per2).
8 boundary elements in index 2 (Marker = inlet).
8 boundary elements in index 3 (Marker = outlet).
10 boundary elements in index 4 (Marker = wall).
70 hexahedra.
10 prisms.
Setting point connectivity.
Renumbering points (Reverse Cuthill McKee Ordering).
Recomputing point connectivity.
Setting element connectivity.
Checking the numerical grid orientation.
There has been a re-orientation of 10 PRISM volume elements.
There has been a re-orientation of 1 TRIANGLE surface elements.
There has been a re-orientation of 97 QUADRILATERAL surface elements.
Identifying edges and vertices.
Setting the control volume structure.
Volume of the computational grid: 0.5.
Searching for the closest normal neighbors to the surfaces.
Storing a mapping from global to local point index.
Compute the surface curvature.
Max K: 169.456. Mean K: 6.51106. Standard deviation K: 30.3375.
Computing mesh quality statistics for the dual control volumes.
+--------------------------------------------------------------+
|           Mesh Quality Metric|        Minimum|        Maximum|
+--------------------------------------------------------------+
|    Orthogonality Angle (deg.)|         61.085|        84.0868|
|     CV Face Area Aspect Ratio|        1.37989|            9.6|
|           CV Sub-Volume Ratio|              1|           2.25|
|                     CV Volume|    0.000130208|     0.00546875|
+--------------------------------------------------------------+
Finding max control volume width.
Semi-span length = 0.5 m.
Wetted area = 1.03528 m^2.
Area projection in the x-plane = 1 m^2, y-plane = 0.267949 m^2, z-plane = 1.61018e-17 m^2.
Max. coordinate in the x-direction = 1 m, y-direction = 0.5 m, z-direction = 2 m.
Min. coordinate in the x-direction = 0.866025 m, y-direction = 0 m, z-direction = 0 m.
Matching the periodic boundary points for marker pair 1.
 Matched 198 points with a max distance of: 1.11834e-16.
Computing wall distances.

-------------------- Solver Preprocessing ( Zone 0 ) --------------------
Viscous flow: Computing pressure using the ideal gas law
based on the free-stream temperature and a density computed
from the Reynolds number.
Force coefficients computed using free-stream values.

-- Models:
+------------------------------------------------------------------------------+
|          Viscosity Model|        Conductivity Model|              Fluid Model|
+------------------------------------------------------------------------------+
|       CONSTANT_VISCOSITY|          CONSTANT_PRANDTL|             STANDARD_AIR|
+------------------------------------------------------------------------------+
-- Fluid properties:
+------------------------------------------------------------------------------+
|                  Name|    Dim. value|    Ref. value|      Unit|Non-dim. value|
+------------------------------------------------------------------------------+
|             Viscosity|             1|             1|   N.s/m^2|             1|
+------------------------------------------------------------------------------+
|        Prandtl (Lam.)|             -|             -|         -|          0.72|
|       Prandtl (Turb.)|             -|             -|         -|           0.9|
+------------------------------------------------------------------------------+
|          Gas Constant|       287.058|             1|  N.m/kg.K|       287.058|
|      Spec. Heat Ratio|             -|             -|         -|           1.4|
+------------------------------------------------------------------------------+
-- Initial and free-stream conditions:
+------------------------------------------------------------------------------+
|                  Name|    Dim. value|    Ref. value|      Unit|Non-dim. value|
+------------------------------------------------------------------------------+
|       Static Pressure|       99206.8|             1|        Pa|       99206.8|
|               Density|       1.15199|             1|    kg/m^3|       1.15199|
|           Temperature|           300|             1|         K|           300|
|          Total Energy|        217705|             1|   m^2/s^2|        217705|
|            Velocity-X|   4.25227e-15|             1|       m/s|   4.25227e-15|
|            Velocity-Y|             0|             1|       m/s|             0|
|            Velocity-Z|       69.4448|             1|       m/s|       69.4448|
|    Velocity Magnitude|       69.4448|             1|       m/s|       69.4448|
+------------------------------------------------------------------------------+
|             Viscosity|             1|             1|   N.s/m^2|             1|
|          Conductivity|             -|             1|   W/m^2.K|             -|
+------------------------------------------------------------------------------+
|           Mach Number|             -|             -|         -|           0.2|
|       Reynolds Number|             -|             -|         -|            80|
+------------------------------------------------------------------------------+
Initialize Jacobian structure (Navier-Stokes). MG level: 0.
PERIODIC COUPLING BENCHMARK: legacy

------------------- Numerics Preprocessing ( Zone 0 ) -------------------

----------------- Integration Preprocessing ( Zone 0 ) ------------------

------------------- Iteration Preprocessing ( Zone 0 ) ------------------
Euler/Navier-Stokes/RANS fluid iteration.

------------------------------ Begin Solver -----------------------------

Simulation Run using the Single-zone Driver
+-----------------------------------------------------------------------------+
|  Inner_Iter|    rms[Rho]|   rms[RhoU]|   rms[RhoV]|   rms[RhoW]|   rms[RhoE]|
+-----------------------------------------------------------------------------+
|           0|   -1.416560|  -12.238282|  -12.309478|    1.156331|    4.114597|
|         200|   -3.754135|   -1.927543|   -2.089913|   -0.369539|    1.553629|
|         400|   -4.658631|   -2.735412|   -2.825308|   -1.248743|    0.677277|
|         600|   -5.498780|   -3.547159|   -3.623666|   -2.078054|   -0.149325|
|         800|   -6.323803|   -4.363645|   -4.436710|   -2.899436|   -0.969745|
|        1000|   -7.145017|   -5.182548|   -5.254717|   -3.719573|   -1.789626|
|        1200|   -7.965237|   -6.002186|   -6.074137|   -4.539501|   -2.609492|
|        1400|   -8.785204|   -6.822014|   -6.893914|   -5.359394|   -3.429371|
|        1600|   -9.605109|   -7.641886|   -7.713776|   -6.179281|   -4.249255|
|        1697|  -10.002755|   -8.039526|   -8.111415|   -6.576925|   -4.646897|

----------------------------- Solver Exit -------------------------------
All convergence criteria satisfied.
+-----------------------------------------------------------------------+
|      Convergence Field     |     Value    |   Criterion  |  Converged |
+-----------------------------------------------------------------------+
|                    rms[Rho]|      -10.0028|         < -10|         Yes|
+-----------------------------------------------------------------------+
-------------------------------------------------------------------------
+-----------------------------------------------------------------------+
|        File Writing Summary       |              Filename             |
+-----------------------------------------------------------------------+
|SU2 ASCII restart                  |restart.csv                        |
+-----------------------------------------------------------------------+

--------------------------- Finalizing Solver ---------------------------
Deleted CNumerics container.
Deleted CIntegration container.
Deleted CSolver container.
Deleted CIteration container.
Deleted CInterface container.
Deleted CGeometry container.
Deleted CFreeFormDefBox class.
Deleted CSurfaceMovement class.
Deleted CVolumetricMovement class.
Deleted CConfig container.
Deleted nInst container.
Deleted COutput class.
-------------------------------------------------------------------------

------------------------- Exit Success (SU2_CFD) ------------------------

