Auditing saved case: /global-scratch/bulk_pool/arausa/SU2_Native_Previous/ClusterResults/cases/581943_frozen_euler_to_bl_n4_m2_pYES_r1
Auditing saved case: /global-scratch/bulk_pool/arausa/SU2_Native_Previous/ClusterResults/cases/581943_frozen_euler_to_bl_n4_m3_pYES_r1
Auditing saved case: /global-scratch/bulk_pool/arausa/SU2_Native_Previous/ClusterResults/cases/581943_frozen_euler_to_bl_n4_m4_pNO_r1
Auditing saved case: /global-scratch/bulk_pool/arausa/SU2_Native_Previous/ClusterResults/cases/581943_frozen_euler_to_bl_n4_m4_pYES_r1
Auditing saved case: /global-scratch/bulk_pool/arausa/SU2_Native_Previous/ClusterResults/cases/581945_frozen_bl_to_euler_n4_m2_pYES_r1
Auditing saved case: /global-scratch/bulk_pool/arausa/SU2_Native_Previous/ClusterResults/cases/581945_frozen_bl_to_euler_n4_m3_pYES_r1
Auditing saved case: /global-scratch/bulk_pool/arausa/SU2_Native_Previous/ClusterResults/cases/581945_frozen_bl_to_euler_n4_m4_pNO_r1
Auditing saved case: /global-scratch/bulk_pool/arausa/SU2_Native_Previous/ClusterResults/cases/581945_frozen_bl_to_euler_n4_m4_pYES_r1
Auditing saved case: /global-scratch/bulk_pool/arausa/SU2_Native_Previous/ClusterResults/cases/581947_actual_euler_to_bl_n4_m2_pYES_r1
Auditing saved case: /global-scratch/bulk_pool/arausa/SU2_Native_Previous/ClusterResults/cases/581947_actual_euler_to_bl_n4_m3_pYES_r1
Auditing saved case: /global-scratch/bulk_pool/arausa/SU2_Native_Previous/ClusterResults/cases/581947_actual_euler_to_bl_n4_m4_pNO_r1
Auditing saved case: /global-scratch/bulk_pool/arausa/SU2_Native_Previous/ClusterResults/cases/581947_actual_euler_to_bl_n4_m4_pYES_r1
Auditing saved case: /global-scratch/bulk_pool/arausa/SU2_Native_Previous/ClusterResults/cases/581949_actual_bl_to_euler_n4_m2_pYES_r1
Auditing saved case: /global-scratch/bulk_pool/arausa/SU2_Native_Previous/ClusterResults/cases/581949_actual_bl_to_euler_n4_m3_pYES_r1
Auditing saved case: /global-scratch/bulk_pool/arausa/SU2_Native_Previous/ClusterResults/cases/581949_actual_bl_to_euler_n4_m4_pNO_r1
Auditing saved case: /global-scratch/bulk_pool/arausa/SU2_Native_Previous/ClusterResults/cases/581949_actual_bl_to_euler_n4_m4_pYES_r1
Auditing saved case: /global-scratch/bulk_pool/arausa/SU2_Native/ClusterResults/cases/581944_frozen_euler_to_bl_n4_m2_pYES_r1
Auditing saved case: /global-scratch/bulk_pool/arausa/SU2_Native/ClusterResults/cases/581944_frozen_euler_to_bl_n4_m3_pYES_r1
Auditing saved case: /global-scratch/bulk_pool/arausa/SU2_Native/ClusterResults/cases/581944_frozen_euler_to_bl_n4_m4_pNO_r1
Auditing saved case: /global-scratch/bulk_pool/arausa/SU2_Native/ClusterResults/cases/581944_frozen_euler_to_bl_n4_m4_pYES_r1
Auditing saved case: /global-scratch/bulk_pool/arausa/SU2_Native/ClusterResults/cases/581946_frozen_bl_to_euler_n4_m2_pYES_r1
Auditing saved case: /global-scratch/bulk_pool/arausa/SU2_Native/ClusterResults/cases/581946_frozen_bl_to_euler_n4_m3_pYES_r1
Auditing saved case: /global-scratch/bulk_pool/arausa/SU2_Native/ClusterResults/cases/581946_frozen_bl_to_euler_n4_m4_pNO_r1
Auditing saved case: /global-scratch/bulk_pool/arausa/SU2_Native/ClusterResults/cases/581946_frozen_bl_to_euler_n4_m4_pYES_r1
Auditing saved case: /global-scratch/bulk_pool/arausa/SU2_Native/ClusterResults/cases/581948_actual_euler_to_bl_n4_m2_pYES_r1
Auditing saved case: /global-scratch/bulk_pool/arausa/SU2_Native/ClusterResults/cases/581948_actual_euler_to_bl_n4_m3_pYES_r1
Auditing saved case: /global-scratch/bulk_pool/arausa/SU2_Native/ClusterResults/cases/581948_actual_euler_to_bl_n4_m4_pNO_r1
Auditing saved case: /global-scratch/bulk_pool/arausa/SU2_Native/ClusterResults/cases/581948_actual_euler_to_bl_n4_m4_pYES_r1
Auditing saved case: /global-scratch/bulk_pool/arausa/SU2_Native/ClusterResults/cases/581950_actual_bl_to_euler_n4_m2_pYES_r1
Auditing saved case: /global-scratch/bulk_pool/arausa/SU2_Native/ClusterResults/cases/581950_actual_bl_to_euler_n4_m3_pYES_r1
Auditing saved case: /global-scratch/bulk_pool/arausa/SU2_Native/ClusterResults/cases/581950_actual_bl_to_euler_n4_m4_pNO_r1
Auditing saved case: /global-scratch/bulk_pool/arausa/SU2_Native/ClusterResults/cases/581950_actual_bl_to_euler_n4_m4_pYES_r1
PASS 32 saved cases; /global-scratch/bulk_pool/arausa/SU2_Native/ClusterResults/saved_metric_audit_581995
