Filters: Periodic affine transformation and its inverse

~~~~~~~~~~~~~~~~~~~~~~~~~~~~~~~~~~~~~~~~~~~~~~~~~~~~~~~~~~~~~~~~~~~~~~~~~~~~~~~
test_driver is a Catch v2.13.9 host application.
Run with -? for options

-------------------------------------------------------------------------------
Periodic affine transformation and its inverse
-------------------------------------------------------------------------------
../wt/UnitTests/Common/CConfig_tests.cpp:92
...............................................................................

../wt/UnitTests/Common/CConfig_tests.cpp:118: FAILED:
  CHECK( error < 1e-12 )
with expansion:
  0.8660254038 < 0.0
with message:
  Euler angles: 0,0,30

-------------------------------------------------------------------------------
Periodic affine transformation and its inverse
-------------------------------------------------------------------------------
../wt/UnitTests/Common/CConfig_tests.cpp:92
...............................................................................

../wt/UnitTests/Common/CConfig_tests.cpp:118: FAILED:
  CHECK( error < 1e-12 )
with expansion:
  1.7259957869 < 0.0
with message:
  Euler angles: 20,30,10

-------------------------------------------------------------------------------
Periodic affine transformation and its inverse
-------------------------------------------------------------------------------
../wt/UnitTests/Common/CConfig_tests.cpp:92
...............................................................................

../wt/UnitTests/Common/CConfig_tests.cpp:118: FAILED:
  CHECK( error < 1e-12 )
with expansion:
  4.0 < 0.0
with message:
  Euler angles: 90,0,90

-------------------------------------------------------------------------------
Periodic affine transformation and its inverse
-------------------------------------------------------------------------------
../wt/UnitTests/Common/CConfig_tests.cpp:92
...............................................................................

../wt/UnitTests/Common/CConfig_tests.cpp:118: FAILED:
  CHECK( error < 1e-12 )
with expansion:
  5.0 < 0.0
with message:
  Euler angles: -90,0,90

===============================================================================
test cases: 1 | 1 failed
assertions: 5 | 1 passed | 4 failed

