14:23:11 up  5:24,  0 users,  load average: 4.93, 4.83, 5.20
    PID %CPU COMMAND
   3876 70.1 code
  20159 60.3 code
   3815 27.8 code
   2979 13.3 gnome-shell
   1362 10.7 Xorg
   5343  8.8 code
PeriodicSupportContinuous PASS
14:23:11 up  5:24,  0 users,  load average: 4.93, 4.83, 5.20
    PID %CPU COMMAND
   3876 70.1 code
  20159 60.3 code
   3815 27.8 code
   2979 13.3 gnome-shell
   1362 10.7 Xorg
   5343  8.8 code
PeriodicSupportRadiation PASS
14:23:12 up  5:24,  0 users,  load average: 4.93, 4.83, 5.20
    PID %CPU COMMAND
 687041 80.0 as
   3876 70.1 code
  20159 60.3 code
   3815 27.8 code
   2979 13.3 gnome-shell
   1362 10.7 Xorg
PeriodicSupportStructure PASS
14:23:12 up  5:24,  0 users,  load average: 4.93, 4.83, 5.20
    PID %CPU COMMAND
   3876 70.1 code
  20159 60.3 code
   3815 27.8 code
   2979 13.3 gnome-shell
   1362 10.7 Xorg
   5343  8.8 code
StreamwisePeriodicSupportRotation PASS
14:23:12 up  5:24,  0 users,  load average: 4.93, 4.83, 5.20
    PID %CPU COMMAND
   3876 70.1 code
  20159 60.3 code
   3815 27.8 code
   2979 13.3 gnome-shell
   1362 10.7 Xorg
   5343  8.8 code
StreamwisePeriodicSupportZero PASS
14:23:13 up  5:24,  0 users,  load average: 4.93, 4.83, 5.20
    PID %CPU COMMAND
   3876 70.1 code
  20159 60.3 code
   3815 27.8 code
 687144 25.0 cc1plus
   2979 13.3 gnome-shell
   1362 10.7 Xorg
StreamwisePeriodicSupportConvection PASS
14:23:13 up  5:24,  0 users,  load average: 4.93, 4.83, 5.20
    PID %CPU COMMAND
   3876 70.1 code
  20159 60.3 code
 687144 53.0 cc1plus
   3815 27.8 code
   2979 13.3 gnome-shell
   1362 10.7 Xorg
StreamwisePeriodicSupportCHT PASS
