REJECT Uncovered native 3D singleton sensor edge.
STATS {"donors":1,"requests":3,"failures":1,"candidates":3,"pieces":2,"direct_intervals":2,"containment_tests":6,"maximum_candidates":1,"maximum_pieces":1,"index_bytes":0,"edge_seconds":2.3376000000000001e-05,"search_seconds":1.2219999999999999e-06,"trace_seconds":1.6440000000000002e-05,"integral_seconds":1.0470000000000001e-06,"exact_norms":0,"filtered_norms":4}
REJECT Uncovered native 3D singleton sensor edge.
STATS {"donors":1,"requests":3,"failures":1,"candidates":3,"pieces":2,"direct_intervals":2,"containment_tests":6,"maximum_candidates":1,"maximum_pieces":1,"index_bytes":0,"edge_seconds":6.9380000000000003e-06,"search_seconds":2.34e-07,"trace_seconds":3.2119999999999999e-06,"integral_seconds":6.9499999999999991e-07,"exact_norms":0,"filtered_norms":4}
REJECT Uncovered native 3D singleton sensor edge.
STATS {"donors":1,"requests":3,"failures":1,"candidates":3,"pieces":2,"direct_intervals":2,"containment_tests":6,"maximum_candidates":1,"maximum_pieces":1,"index_bytes":0,"edge_seconds":6.5030000000000002e-06,"search_seconds":1.7000000000000001e-07,"trace_seconds":3.1029999999999998e-06,"integral_seconds":6.75e-07,"exact_norms":0,"filtered_norms":4}
REJECT Uncovered native 3D singleton sensor edge.
STATS {"donors":1,"requests":3,"failures":1,"candidates":3,"pieces":2,"direct_intervals":2,"containment_tests":6,"maximum_candidates":1,"maximum_pieces":1,"index_bytes":0,"edge_seconds":5.8070000000000005e-06,"search_seconds":1.5799999999999999e-07,"trace_seconds":2.5110000000000002e-06,"integral_seconds":6.8000000000000005e-07,"exact_norms":0,"filtered_norms":4}
REJECT Uncovered native 3D singleton sensor edge.
STATS {"donors":1,"requests":3,"failures":1,"candidates":3,"pieces":2,"direct_intervals":2,"containment_tests":6,"maximum_candidates":1,"maximum_pieces":1,"index_bytes":0,"edge_seconds":5.7250000000000002e-06,"search_seconds":1.5099999999999999e-07,"trace_seconds":2.419e-06,"integral_seconds":6.6600000000000006e-07,"exact_norms":0,"filtered_norms":4}
REJECT Uncovered native 3D singleton sensor edge.
STATS {"donors":1,"requests":3,"failures":1,"candidates":3,"pieces":2,"direct_intervals":2,"containment_tests":6,"maximum_candidates":1,"maximum_pieces":1,"index_bytes":0,"edge_seconds":5.9140000000000005e-06,"search_seconds":1.5800000000000001e-07,"trace_seconds":2.5620000000000002e-06,"integral_seconds":6.7899999999999998e-07,"exact_norms":0,"filtered_norms":4}
REJECT Uncovered native 3D singleton sensor edge.
STATS {"donors":1,"requests":3,"failures":1,"candidates":3,"pieces":2,"direct_intervals":2,"containment_tests":6,"maximum_candidates":1,"maximum_pieces":1,"index_bytes":0,"edge_seconds":1.2798e-05,"search_seconds":1.6e-07,"trace_seconds":9.5040000000000008e-06,"integral_seconds":7.1299999999999999e-07,"exact_norms":0,"filtered_norms":4}
REJECT Uncovered native 3D singleton sensor edge.
STATS {"donors":1,"requests":3,"failures":1,"candidates":3,"pieces":2,"direct_intervals":2,"containment_tests":6,"maximum_candidates":1,"maximum_pieces":1,"index_bytes":0,"edge_seconds":1.3213e-05,"search_seconds":1.6199999999999999e-07,"trace_seconds":9.9410000000000002e-06,"integral_seconds":6.9299999999999997e-07,"exact_norms":0,"filtered_norms":4}
REJECT Uncovered native 3D singleton sensor edge.
STATS {"donors":1,"requests":3,"failures":1,"candidates":3,"pieces":2,"direct_intervals":2,"containment_tests":6,"maximum_candidates":1,"maximum_pieces":1,"index_bytes":0,"edge_seconds":1.2248e-05,"search_seconds":1.66e-07,"trace_seconds":9.0189999999999995e-06,"integral_seconds":6.7599999999999997e-07,"exact_norms":0,"filtered_norms":4}
REJECT Uncovered native 3D singleton sensor edge.
STATS {"donors":1,"requests":3,"failures":1,"candidates":3,"pieces":2,"direct_intervals":2,"containment_tests":6,"maximum_candidates":1,"maximum_pieces":1,"index_bytes":0,"edge_seconds":1.3833000000000001e-05,"search_seconds":1.48e-07,"trace_seconds":1.0229e-05,"integral_seconds":7.4099999999999998e-07,"exact_norms":0,"filtered_norms":4}
REJECT Uncovered native 3D singleton sensor edge.
STATS {"donors":1,"requests":3,"failures":1,"candidates":3,"pieces":2,"direct_intervals":2,"containment_tests":6,"maximum_candidates":1,"maximum_pieces":1,"index_bytes":0,"edge_seconds":2.2887999999999998e-05,"search_seconds":6.6599999999999996e-07,"trace_seconds":1.7610999999999998e-05,"integral_seconds":7.3300000000000001e-07,"exact_norms":0,"filtered_norms":4}
REJECT Uncovered native 3D singleton sensor edge.
STATS {"donors":1,"requests":3,"failures":1,"candidates":3,"pieces":2,"direct_intervals":2,"containment_tests":6,"maximum_candidates":1,"maximum_pieces":1,"index_bytes":0,"edge_seconds":6.0740000000000005e-05,"search_seconds":4.9900000000000001e-07,"trace_seconds":5.3207999999999996e-05,"integral_seconds":1.2839999999999999e-06,"exact_norms":0,"filtered_norms":4}
REJECT Uncovered native 3D singleton sensor edge.
STATS {"donors":1,"requests":3,"failures":1,"candidates":3,"pieces":2,"direct_intervals":2,"containment_tests":6,"maximum_candidates":1,"maximum_pieces":1,"index_bytes":0,"edge_seconds":0.00012036499999999999,"search_seconds":6.3200000000000005e-07,"trace_seconds":0.00010744699999999999,"integral_seconds":5.4750000000000001e-06,"exact_norms":0,"filtered_norms":4}
REJECT Uncovered native 3D singleton sensor edge.
STATS {"donors":1,"requests":3,"failures":1,"candidates":3,"pieces":2,"direct_intervals":2,"containment_tests":6,"maximum_candidates":1,"maximum_pieces":1,"index_bytes":0,"edge_seconds":5.3626000000000005e-05,"search_seconds":9.3499999999999994e-07,"trace_seconds":4.7326000000000001e-05,"integral_seconds":1.1229999999999999e-06,"exact_norms":0,"filtered_norms":4}
REJECT Uncovered native 3D singleton sensor edge.
STATS {"donors":1,"requests":3,"failures":1,"candidates":3,"pieces":2,"direct_intervals":2,"containment_tests":6,"maximum_candidates":1,"maximum_pieces":1,"index_bytes":0,"edge_seconds":5.2162e-05,"search_seconds":3.5199999999999998e-07,"trace_seconds":4.7507000000000004e-05,"integral_seconds":1.59e-06,"exact_norms":0,"filtered_norms":4}
REJECT Uncovered native 3D singleton sensor edge.
STATS {"donors":1,"requests":3,"failures":1,"candidates":3,"pieces":2,"direct_intervals":2,"containment_tests":6,"maximum_candidates":1,"maximum_pieces":1,"index_bytes":0,"edge_seconds":7.9925000000000005e-05,"search_seconds":1.9599999999999999e-06,"trace_seconds":7.0269000000000001e-05,"integral_seconds":1.31e-06,"exact_norms":0,"filtered_norms":4}
REJECT Uncovered native 3D singleton sensor edge.
STATS {"donors":1,"requests":3,"failures":1,"candidates":3,"pieces":2,"direct_intervals":2,"containment_tests":6,"maximum_candidates":1,"maximum_pieces":1,"index_bytes":0,"edge_seconds":6.5489999999999998e-05,"search_seconds":4.0600000000000001e-07,"trace_seconds":4.2922e-05,"integral_seconds":1.8802999999999999e-05,"exact_norms":0,"filtered_norms":4}
REJECT Uncovered native 3D singleton sensor edge.
STATS {"donors":1,"requests":3,"failures":1,"candidates":3,"pieces":2,"direct_intervals":2,"containment_tests":6,"maximum_candidates":1,"maximum_pieces":1,"index_bytes":0,"edge_seconds":5.4720000000000005e-05,"search_seconds":4.6399999999999997e-07,"trace_seconds":4.4954999999999999e-05,"integral_seconds":4.6940000000000003e-06,"exact_norms":0,"filtered_norms":4}
REJECT Uncovered native 3D singleton sensor edge.
STATS {"donors":1,"requests":3,"failures":1,"candidates":3,"pieces":2,"direct_intervals":2,"containment_tests":6,"maximum_candidates":1,"maximum_pieces":1,"index_bytes":0,"edge_seconds":5.2117000000000003e-05,"search_seconds":1.652e-06,"trace_seconds":4.5731e-05,"integral_seconds":1.0020000000000001e-06,"exact_norms":0,"filtered_norms":4}
REJECT Uncovered native 3D singleton sensor edge.
STATS {"donors":1,"requests":3,"failures":1,"candidates":3,"pieces":2,"direct_intervals":2,"containment_tests":6,"maximum_candidates":1,"maximum_pieces":1,"index_bytes":0,"edge_seconds":6.4178000000000008e-05,"search_seconds":3.8299999999999998e-07,"trace_seconds":6.0204000000000002e-05,"integral_seconds":8.7499999999999999e-07,"exact_norms":0,"filtered_norms":4}
REJECT Uncovered native 3D singleton sensor edge.
STATS {"donors":1,"requests":3,"failures":1,"candidates":3,"pieces":2,"direct_intervals":2,"containment_tests":6,"maximum_candidates":1,"maximum_pieces":1,"index_bytes":0,"edge_seconds":9.4703999999999993e-05,"search_seconds":2.0800000000000001e-07,"trace_seconds":9.1059999999999999e-05,"integral_seconds":8.0100000000000004e-07,"exact_norms":0,"filtered_norms":4}
REJECT Uncovered native 3D singleton sensor edge.
STATS {"donors":1,"requests":3,"failures":1,"candidates":3,"pieces":2,"direct_intervals":2,"containment_tests":6,"maximum_candidates":1,"maximum_pieces":1,"index_bytes":0,"edge_seconds":9.9474000000000003e-05,"search_seconds":1.5699999999999999e-07,"trace_seconds":9.5998999999999987e-05,"integral_seconds":7.6199999999999997e-07,"exact_norms":0,"filtered_norms":4}
REJECT Uncovered native 3D singleton sensor edge.
STATS {"donors":1,"requests":3,"failures":1,"candidates":3,"pieces":2,"direct_intervals":2,"containment_tests":6,"maximum_candidates":1,"maximum_pieces":1,"index_bytes":0,"edge_seconds":8.7056000000000015e-05,"search_seconds":1.5099999999999999e-07,"trace_seconds":8.3213000000000004e-05,"integral_seconds":1.2359999999999999e-06,"exact_norms":0,"filtered_norms":4}
REJECT Uncovered native 3D singleton sensor edge.
STATS {"donors":1,"requests":3,"failures":1,"candidates":3,"pieces":2,"direct_intervals":2,"containment_tests":6,"maximum_candidates":1,"maximum_pieces":1,"index_bytes":0,"edge_seconds":4.0135000000000001e-05,"search_seconds":1.5200000000000001e-07,"trace_seconds":3.6845999999999999e-05,"integral_seconds":6.8299999999999996e-07,"exact_norms":0,"filtered_norms":4}
REJECT Uncovered native 3D singleton sensor edge.
STATS {"donors":1,"requests":3,"failures":1,"candidates":3,"pieces":2,"direct_intervals":2,"containment_tests":6,"maximum_candidates":1,"maximum_pieces":1,"index_bytes":0,"edge_seconds":4.0678999999999995e-05,"search_seconds":1.4999999999999999e-07,"trace_seconds":3.7254999999999995e-05,"integral_seconds":6.99e-07,"exact_norms":0,"filtered_norms":4}
REJECT Uncovered native 3D singleton sensor edge.
STATS {"donors":1,"requests":3,"failures":1,"candidates":3,"pieces":2,"direct_intervals":2,"containment_tests":6,"maximum_candidates":1,"maximum_pieces":1,"index_bytes":0,"edge_seconds":4.1248999999999998e-05,"search_seconds":1.72e-07,"trace_seconds":3.7472000000000003e-05,"integral_seconds":1.094e-06,"exact_norms":0,"filtered_norms":4}
REJECT Uncovered native 3D singleton sensor edge.
STATS {"donors":1,"requests":3,"failures":1,"candidates":3,"pieces":2,"direct_intervals":2,"containment_tests":6,"maximum_candidates":1,"maximum_pieces":1,"index_bytes":0,"edge_seconds":3.9847e-05,"search_seconds":1.5300000000000001e-07,"trace_seconds":3.65e-05,"integral_seconds":6.7700000000000004e-07,"exact_norms":0,"filtered_norms":4}
REJECT Uncovered native 3D singleton sensor edge.
STATS {"donors":1,"requests":3,"failures":1,"candidates":3,"pieces":2,"direct_intervals":2,"containment_tests":6,"maximum_candidates":1,"maximum_pieces":1,"index_bytes":0,"edge_seconds":3.8238000000000002e-05,"search_seconds":1.4499999999999999e-07,"trace_seconds":3.4956999999999998e-05,"integral_seconds":6.75e-07,"exact_norms":0,"filtered_norms":4}
REJECT Uncovered native 3D singleton sensor edge.
STATS {"donors":1,"requests":3,"failures":1,"candidates":3,"pieces":2,"direct_intervals":2,"containment_tests":6,"maximum_candidates":1,"maximum_pieces":1,"index_bytes":0,"edge_seconds":3.8444e-05,"search_seconds":1.54e-07,"trace_seconds":3.5234000000000002e-05,"integral_seconds":6.7599999999999997e-07,"exact_norms":0,"filtered_norms":4}
REJECT Uncovered native 3D singleton sensor edge.
STATS {"donors":1,"requests":3,"failures":1,"candidates":3,"pieces":2,"direct_intervals":2,"containment_tests":6,"maximum_candidates":1,"maximum_pieces":1,"index_bytes":0,"edge_seconds":3.9728999999999999e-05,"search_seconds":1.54e-07,"trace_seconds":3.6480999999999999e-05,"integral_seconds":6.8399999999999993e-07,"exact_norms":0,"filtered_norms":4}
STATS {"donors":24,"requests":3,"failures":0,"candidates":72,"pieces":28,"direct_intervals":0,"containment_tests":0,"maximum_candidates":24,"maximum_pieces":12,"index_bytes":14584,"edge_seconds":0.0026949280000000001,"search_seconds":3.517e-06,"trace_seconds":0.0026759150000000001,"integral_seconds":1.1654000000000001e-05,"exact_norms":0,"filtered_norms":56}
STATS {"donors":24,"requests":3,"failures":0,"candidates":72,"pieces":28,"direct_intervals":0,"containment_tests":0,"maximum_candidates":24,"maximum_pieces":12,"index_bytes":14584,"edge_seconds":0.002705921,"search_seconds":3.9350000000000004e-06,"trace_seconds":0.0026903790000000001,"integral_seconds":1.0543999999999999e-05,"exact_norms":0,"filtered_norms":56}
STATS {"donors":24,"requests":3,"failures":0,"candidates":72,"pieces":28,"direct_intervals":0,"containment_tests":0,"maximum_candidates":24,"maximum_pieces":12,"index_bytes":14584,"edge_seconds":0.00291135,"search_seconds":5.0320000000000003e-06,"trace_seconds":0.0028946359999999999,"integral_seconds":1.0392e-05,"exact_norms":0,"filtered_norms":56}
STATS {"donors":2,"requests":2,"failures":0,"candidates":4,"pieces":3,"direct_intervals":0,"containment_tests":0,"maximum_candidates":2,"maximum_pieces":2,"index_bytes":8424,"edge_seconds":0.00022862300000000001,"search_seconds":8.4099999999999997e-07,"trace_seconds":0.000226109,"integral_seconds":1.308e-06,"exact_norms":0,"filtered_norms":6}
REJECT Uncovered native 3D source segment interval.
STATS {"donors":2,"requests":1,"failures":1,"candidates":2,"pieces":0,"direct_intervals":0,"containment_tests":0,"maximum_candidates":2,"maximum_pieces":0,"index_bytes":8424,"edge_seconds":0.00013171400000000001,"search_seconds":2.28e-07,"trace_seconds":0.00012821999999999999,"integral_seconds":0,"exact_norms":0,"filtered_norms":0}
REJECT Overlapping/nonconformal native 3D source segment donors.
STATS {"donors":2,"requests":1,"failures":1,"candidates":2,"pieces":0,"direct_intervals":0,"containment_tests":0,"maximum_candidates":2,"maximum_pieces":0,"index_bytes":8424,"edge_seconds":0.00019325700000000001,"search_seconds":2.2100000000000001e-07,"trace_seconds":0.00019064900000000001,"integral_seconds":0,"exact_norms":0,"filtered_norms":0}
REJECT Uncovered native 3D source segment endpoint.
STATS {"donors":0,"requests":1,"failures":1,"candidates":0,"pieces":0,"direct_intervals":0,"containment_tests":0,"maximum_candidates":0,"maximum_pieces":0,"index_bytes":0,"edge_seconds":5.5470000000000004e-06,"search_seconds":6.5999999999999995e-08,"trace_seconds":3.3210000000000001e-06,"integral_seconds":0,"exact_norms":0,"filtered_norms":0}
