
-------------------------------------------------------------------------
|    ___ _   _ ___                                                      |
|   / __| | | |_  )   Release 8.5.0 "Harrier"                           |
|   \__ \ |_| |/ /                                                      |
|   |___/\___//___|   Suite (Computational Fluid Dynamics Code)         |
|                                                                       |
-------------------------------------------------------------------------
| SU2 Project Website: https://su2code.github.io                        |
|                                                                       |
| The SU2 Project is maintained by the SU2 Foundation                   |
| (http://su2foundation.org)                                            |
-------------------------------------------------------------------------
| Copyright 2012-2026, SU2 Contributors                                 |
|                                                                       |
| SU2 is free software; you can redistribute it and/or                  |
| modify it under the terms of the GNU Lesser General Public            |
| License as published by the Free Software Foundation; either          |
| version 2.1 of the License, or (at your option) any later version.    |
|                                                                       |
| SU2 is distributed in the hope that it will be useful,                |
| but WITHOUT ANY WARRANTY; without even the implied warranty of        |
| MERCHANTABILITY or FITNESS FOR A PARTICULAR PURPOSE. See the GNU      |
| Lesser General Public License for more details.                       |
|                                                                       |
| You should have received a copy of the GNU Lesser General Public      |
| License along with SU2. If not, see <http://www.gnu.org/licenses/>.   |
-------------------------------------------------------------------------

Parsing config file for zone 0

----------------- Physical Case Definition ( Zone 0 ) -------------------
Compressible Laminar Navier-Stokes' equations.
Mach number: 0.1.
Angle of attack (AoA): 22.5 deg, and angle of sideslip (AoS): 0 deg.
Reynolds number: 0. Reference length 1.
No restart solution, use the values at infinity (freestream).
Dimensional simulation.
The reference area is 1 m^2.
The semi-span will be computed using the max y(3D) value.
The reference length is 1 m.
Surface(s) to be analyzed in detail: outlet, inlet.
Input mesh file name: mesh.su2

--------------- Space Numerical Integration ( Zone 0 ) ------------------
Roe (with entropy fix = 0.001) solver for the flow inviscid terms.
Standard Roe without low-dissipation function.
Second order integration in space, with slope limiter.
No slope-limiting method. 
Average of gradients with correction (viscous flow terms).
Gradient for upwind reconstruction: Green-Gauss.
Gradient for viscous and source terms: Green-Gauss.

--------------- Time Numerical Integration  ( Zone 0 ) ------------------
Local time stepping (steady state simulation).
Euler implicit method for the flow equations.
FGMRES is used for solving the linear system.
Using LU-SGS preconditioning.
Convergence criteria of the linear solver: 0.1.
Max number of linear iterations: 4.
No CFL adaptation.
Courant-Friedrichs-Lewy number:      100

------------------ Convergence Criteria  ( Zone 0 ) ---------------------
Maximum number of solver subiterations: 4000.
Begin convergence monitoring at iteration 0.
Residual minimum value: 1e-10.
Cauchy series min. value: 1e-10.
Number of Cauchy elements: 100.
Begin windowed time average at iteration 0.

-------------------- Output Information ( Zone 0 ) ----------------------
File writing frequency: 
+------------------------------------+
|                     File| Frequency|
+------------------------------------+
|            RESTART_ASCII|    999999|
+------------------------------------+
Writing the convergence history file every 1 inner iterations.
Writing the screen convergence history every 200 inner iterations.
The tabular file format is CSV (.csv).
Convergence history file name: history.
Forces breakdown file name: forces_breakdown.dat.
Surface file name: surface.
Volume file name: vol_solution.
Restart file name: restart.csv.

------------- Config File Boundary Information ( Zone 0 ) ---------------
+-----------------------------------------------------------------------+
|                        Marker Type|                        Marker Name|
+-----------------------------------------------------------------------+
|                  Periodic boundary|                               per1|
|                                   |                               per2|
+-----------------------------------------------------------------------+
|                     Inlet boundary|                              inlet|
+-----------------------------------------------------------------------+
|                    Outlet boundary|                             outlet|
+-----------------------------------------------------------------------+

-------------------- Output Preprocessing ( Zone 0 ) --------------------
Screen output fields: INNER_ITER, RMS_DENSITY, RMS_MOMENTUM-X, RMS_MOMENTUM-Y, RMS_ENERGY, LINSOL_RESIDUAL
History output group(s): ITER, RMS_RES, LINSOL
Convergence field(s): RMS_DENSITY
Warning: No (valid) fields chosen for time convergence monitoring. Time convergence monitoring inactive.
  Info: Ignoring the following volume output fields/groups:
  LIMITER
Volume output fields: COORDINATES, SOLUTION, PRIMITIVE, RESIDUAL

------------------- Geometry Preprocessing ( Zone 0 ) -------------------
Two dimensional problem.
1600 grid points before partitioning.
1521 volume elements before partitioning.
4 surface markers.
39 boundary elements in index 0 (Marker = inlet).
39 boundary elements in index 1 (Marker = outlet).
39 boundary elements in index 2 (Marker = per1).
39 boundary elements in index 3 (Marker = per2).
Executing the partitioning functions.
Building the graph adjacency structure.
Calling ParMETIS... graph partitioning complete (40 edge cuts).
Distributing ParMETIS coloring.
Rebalancing vertices.
Rebalancing volume element connectivity.
Rebalancing markers and surface elements.
1680 vertices including ghost points. 
1560 interior elements including halo cells. 
1560 quadrilaterals.
Establishing MPI communication patterns.
Setting point connectivity.
Renumbering points (Reverse Cuthill McKee Ordering).
Recomputing point connectivity.
Setting element connectivity.
Checking the numerical grid orientation.
There has been a re-orientation of 1560 QUADRILATERAL volume elements.
There has been a re-orientation of 79 LINE surface elements.
Identifying edges and vertices.
Setting the control volume structure.
Area of the computational grid: 0.0755139.
Searching for the closest normal neighbors to the surfaces.
Storing a mapping from global to local point index.
Compute the surface curvature.
Max K: 4. Mean K: 1.425. Standard deviation K: 1.64905.
Computing mesh quality statistics for the dual control volumes.
+--------------------------------------------------------------+
|           Mesh Quality Metric|        Minimum|        Maximum|
+--------------------------------------------------------------+
|    Orthogonality Angle (deg.)|        89.6484|             90|
|     CV Face Area Aspect Ratio|         1.0202|        3.14154|
|           CV Sub-Volume Ratio|        1.00645|        1.02532|
|                     CV Volume|    8.11945e-06|    6.37144e-05|
+--------------------------------------------------------------+
Finding max control volume width.
Communicating number of neighbors.
Wetted area = 0 m.
Area projection in the x-plane = 0 m, y-plane = 0 m.
Max. coordinate in the x-direction = -1e+10 m, y-direction = -1e+10 m.
Min. coordinate in the x-direction = 1e+10 m, y-direction = 1e+10 m.
Matching the periodic boundary points for marker pair 1.
 Matched 80 points with a max distance of: 3.67872e-13.
Computing wall distances.

-------------------- Solver Preprocessing ( Zone 0 ) --------------------
Viscous flow: Computing pressure using the ideal gas law
based on the free-stream temperature and a density computed
from the Reynolds number.
Force coefficients computed using free-stream values.

-- Models:
+------------------------------------------------------------------------------+
|          Viscosity Model|        Conductivity Model|              Fluid Model|
+------------------------------------------------------------------------------+
|       CONSTANT_VISCOSITY|          CONSTANT_PRANDTL|                IDEAL_GAS|
+------------------------------------------------------------------------------+
-- Fluid properties:
+------------------------------------------------------------------------------+
|                  Name|    Dim. value|    Ref. value|      Unit|Non-dim. value|
+------------------------------------------------------------------------------+
|             Viscosity|         0.001|             1|   N.s/m^2|         0.001|
+------------------------------------------------------------------------------+
|        Prandtl (Lam.)|             -|             -|         -|          0.72|
|       Prandtl (Turb.)|             -|             -|         -|           0.9|
+------------------------------------------------------------------------------+
|          Gas Constant|        287.87|             1|  N.m/kg.K|        287.87|
|      Spec. Heat Ratio|             -|             -|         -|           1.4|
+------------------------------------------------------------------------------+
-- Initial and free-stream conditions:
+------------------------------------------------------------------------------+
|                  Name|    Dim. value|    Ref. value|      Unit|Non-dim. value|
+------------------------------------------------------------------------------+
|       Static Pressure|         99000|             1|        Pa|         99000|
|               Density|       1.14635|             1|    kg/m^3|       1.14635|
|           Temperature|           300|             1|         K|           300|
|          Total Energy|        216507|             1|   m^2/s^2|        216507|
|            Velocity-X|       32.1246|             1|       m/s|       32.1246|
|            Velocity-Y|       13.3065|             1|       m/s|       13.3065|
|    Velocity Magnitude|       34.7715|             1|       m/s|       34.7715|
+------------------------------------------------------------------------------+
|             Viscosity|         0.001|             1|   N.s/m^2|         0.001|
|          Conductivity|             -|             1|   W/m^2.K|             -|
+------------------------------------------------------------------------------+
|           Mach Number|             -|             -|         -|           0.1|
|       Reynolds Number|             -|             -|         -|       39860.3|
+------------------------------------------------------------------------------+
Initialize Jacobian structure (Navier-Stokes). MG level: 0.

Reading inlet profile from file: inlet.dat
No Inlet Interpolation being used
PERIODIC COUPLING BENCHMARK: fixed

------------------- Numerics Preprocessing ( Zone 0 ) -------------------

----------------- Integration Preprocessing ( Zone 0 ) ------------------

------------------- Iteration Preprocessing ( Zone 0 ) ------------------
Euler/Navier-Stokes/RANS fluid iteration.

------------------------------ Begin Solver -----------------------------

Simulation Run using the Single-zone Driver
+-----------------------------------------------------------------------------+
|  Inner_Iter|    rms[Rho]|   rms[RhoU]|   rms[RhoV]|   rms[RhoE]|   LinSolRes|
+-----------------------------------------------------------------------------+
|           0|   -1.444156|    0.660894|    0.560747|    4.041175|   -0.675107|
|         200|   -2.837769|   -0.145956|   -0.135327|    2.631502|   -0.001851|
|         400|   -3.062768|   -0.308980|   -0.337692|    2.381812|   -0.002433|
|         600|   -3.355536|   -0.690233|   -0.659859|    2.131350|   -0.291627|
|         800|   -3.927631|   -1.188552|   -1.225573|    1.548041|   -0.144800|
|        1000|   -4.543775|   -1.804442|   -1.740025|    0.933582|   -0.143348|
|        1200|   -5.050536|   -2.338016|   -2.165570|    0.425797|   -0.203465|
|        1400|   -5.403015|   -2.654338|   -2.542370|    0.075155|   -0.109586|
|        1600|   -5.691368|   -2.966298|   -2.832936|   -0.210450|   -0.029977|
|        1800|   -5.960561|   -3.217941|   -3.030709|   -0.480654|   -0.036418|
|        2000|   -6.170410|   -3.461336|   -3.206206|   -0.691714|   -0.016337|
|        2200|   -6.218564|   -3.501036|   -3.321253|   -0.737565|   -0.006898|
|        2400|   -6.334251|   -3.609008|   -3.414316|   -0.853431|   -0.006598|
|        2600|   -6.483612|   -3.753541|   -3.501184|   -1.004706|   -0.006970|
|        2800|   -6.584162|   -3.867917|   -3.577519|   -1.106306|   -0.004903|
|        3000|   -6.619346|   -3.916159|   -3.640300|   -1.140655|   -0.002728|
|        3200|   -6.640632|   -3.937662|   -3.691243|   -1.161249|   -0.001788|
|        3400|   -6.668710|   -3.961861|   -3.735698|   -1.188965|   -0.001429|
|        3600|   -6.706295|   -3.995553|   -3.776916|   -1.226429|   -0.001289|
|        3800|   -6.752127|   -4.038413|   -3.816234|   -1.272373|   -0.001232|
|        3999|   -6.803199|   -4.087355|   -3.853759|   -1.323760|   -0.001194|

----------------------------- Solver Exit -------------------------------

Maximum number of iterations reached (ITER = 4000) before convergence.
+-----------------------------------------------------------------------+
|      Convergence Field     |     Value    |   Criterion  |  Converged |
+-----------------------------------------------------------------------+
|                    rms[Rho]|       -6.8032|         < -10|          No|
+-----------------------------------------------------------------------+
-------------------------------------------------------------------------
+-----------------------------------------------------------------------+
|        File Writing Summary       |              Filename             |
+-----------------------------------------------------------------------+
|SU2 ASCII restart                  |restart.csv                        |
+-----------------------------------------------------------------------+

--------------------------- Finalizing Solver ---------------------------
Deleted CNumerics container.
Deleted CIntegration container.
Deleted CSolver container.
Deleted CIteration container.
Deleted CInterface container.
Deleted CGeometry container.
Deleted CFreeFormDefBox class.
Deleted CSurfaceMovement class.
Deleted CVolumetricMovement class.
Deleted CConfig container.
Deleted nInst container.
Deleted COutput class.
-------------------------------------------------------------------------

------------------------- Exit Success (SU2_CFD) ------------------------

